Jan  8 06:25:04 moodle rsyslogd: [origin software="rsyslogd" swVersion="4.2.0" x-pid="403" x-info="http://www.rsyslog.com"] rsyslogd was HUPed, type 'lightweight'.
Jan  8 20:12:22 moodle cron-apt: CRON-APT RUN [/etc/cron-apt/config]: Tue Jan  8 19:24:01 UTC 2013
Jan  8 20:12:22 moodle cron-apt: CRON-APT SLEEP: 2886, Tue Jan  8 20:12:07 UTC 2013
Jan  8 20:12:22 moodle cron-apt: CRON-APT ACTION: 0-update
Jan  8 20:12:22 moodle cron-apt: CRON-APT LINE: /usr/bin/apt-get update -o quiet=2
Jan  8 20:12:22 moodle cron-apt: W: Failed to fetch http://archive.turnkeylinux.org/ubuntu/dists/lucid-security/Release.gpg  Temporary failure resolving 'archive.turnkeylinux.org'
Jan  8 20:12:22 moodle cron-apt: 
Jan  8 20:12:22 moodle cron-apt: W: Failed to fetch http://us.archive.ubuntu.com/ubuntu/dists/lucid-security/Release.gpg  Temporary failure resolving 'us.archive.ubuntu.com'
Jan  8 20:12:22 moodle cron-apt: 
Jan  8 20:12:22 moodle cron-apt: W: Failed to fetch http://archive.turnkeylinux.org/ubuntu/dists/lucid/Release.gpg  Temporary failure resolving 'archive.turnkeylinux.org'
Jan  8 20:12:22 moodle cron-apt: 
Jan  8 20:12:22 moodle cron-apt: W: Failed to fetch http://us.archive.ubuntu.com/ubuntu/dists/lucid/Release.gpg  Temporary failure resolving 'us.archive.ubuntu.com'
Jan  8 20:12:22 moodle cron-apt: 
Jan  8 20:12:22 moodle cron-apt: W: Failed to fetch http://us.archive.ubuntu.com/ubuntu/dists/lucid-updates/Release.gpg  Temporary failure resolving 'us.archive.ubuntu.com'
Jan  8 20:12:22 moodle cron-apt: 
Jan  8 20:12:22 moodle cron-apt: W: Some index files failed to download, they have been ignored, or old ones used instead.
Jan  8 20:12:22 moodle cron-apt: CRON-APT ACTION: 5-install
Jan  8 20:12:22 moodle cron-apt: CRON-APT LINE: /usr/bin/apt-get autoclean -q -y
Jan  8 20:12:22 moodle cron-apt: Reading package lists...
Jan  8 20:12:22 moodle cron-apt: Building dependency tree...
Jan  8 20:12:22 moodle cron-apt: Reading state information...
Jan  8 20:12:23 moodle cron-apt: CRON-APT LINE: /usr/bin/apt-get dist-upgrade -q -y -o APT::Get::Show-Upgraded=true -o Dir::Etc::sourcelist=/etc/apt/sources.list.d/security.sources.list -o Dir::Etc::sourceparts=nonexistent -o DPkg::Options::=--force-confdef -o DPkg::Options::=--force-confold
Jan  8 20:12:23 moodle cron-apt: Reading package lists...
Jan  8 20:12:23 moodle cron-apt: Building dependency tree...
Jan  8 20:12:23 moodle cron-apt: Reading state information...
Jan  8 20:12:23 moodle cron-apt: 0 upgraded, 0 newly installed, 0 to remove and 0 not upgraded.
Jan  9 06:25:03 moodle rsyslogd: [origin software="rsyslogd" swVersion="4.2.0" x-pid="403" x-info="http://www.rsyslog.com"] rsyslogd was HUPed, type 'lightweight'.
Jan  9 19:41:19 moodle cron-apt: CRON-APT RUN [/etc/cron-apt/config]: Wed Jan  9 19:24:01 UTC 2013
Jan  9 19:41:19 moodle cron-apt: CRON-APT SLEEP: 1023, Wed Jan  9 19:41:04 UTC 2013
Jan  9 19:41:19 moodle cron-apt: CRON-APT ACTION: 0-update
Jan  9 19:41:19 moodle cron-apt: CRON-APT LINE: /usr/bin/apt-get update -o quiet=2
Jan  9 19:41:19 moodle cron-apt: W: Failed to fetch http://archive.turnkeylinux.org/ubuntu/dists/lucid-security/Release.gpg  Temporary failure resolving 'archive.turnkeylinux.org'
Jan  9 19:41:19 moodle cron-apt: 
Jan  9 19:41:19 moodle cron-apt: W: Failed to fetch http://us.archive.ubuntu.com/ubuntu/dists/lucid-security/Release.gpg  Temporary failure resolving 'us.archive.ubuntu.com'
Jan  9 19:41:19 moodle cron-apt: 
Jan  9 19:41:19 moodle cron-apt: W: Failed to fetch http://archive.turnkeylinux.org/ubuntu/dists/lucid/Release.gpg  Temporary failure resolving 'archive.turnkeylinux.org'
Jan  9 19:41:19 moodle cron-apt: 
Jan  9 19:41:19 moodle cron-apt: W: Failed to fetch http://us.archive.ubuntu.com/ubuntu/dists/lucid/Release.gpg  Temporary failure resolving 'us.archive.ubuntu.com'
Jan  9 19:41:19 moodle cron-apt: 
Jan  9 19:41:19 moodle cron-apt: W: Failed to fetch http://us.archive.ubuntu.com/ubuntu/dists/lucid-updates/Release.gpg  Temporary failure resolving 'us.archive.ubuntu.com'
Jan  9 19:41:19 moodle cron-apt: 
Jan  9 19:41:19 moodle cron-apt: W: Some index files failed to download, they have been ignored, or old ones used instead.
Jan  9 19:41:19 moodle cron-apt: CRON-APT ACTION: 5-install
Jan  9 19:41:19 moodle cron-apt: CRON-APT LINE: /usr/bin/apt-get autoclean -q -y
Jan  9 19:41:19 moodle cron-apt: Reading package lists...
Jan  9 19:41:19 moodle cron-apt: Building dependency tree...
Jan  9 19:41:19 moodle cron-apt: Reading state information...
Jan  9 19:41:19 moodle cron-apt: CRON-APT LINE: /usr/bin/apt-get dist-upgrade -q -y -o APT::Get::Show-Upgraded=true -o Dir::Etc::sourcelist=/etc/apt/sources.list.d/security.sources.list -o Dir::Etc::sourceparts=nonexistent -o DPkg::Options::=--force-confdef -o DPkg::Options::=--force-confold
Jan  9 19:41:19 moodle cron-apt: Reading package lists...
Jan  9 19:41:19 moodle cron-apt: Building dependency tree...
Jan  9 19:41:19 moodle cron-apt: Reading state information...
Jan  9 19:41:19 moodle cron-apt: 0 upgraded, 0 newly installed, 0 to remove and 0 not upgraded.
Jan 10 01:44:36 moodle kernel: imklog 4.2.0, log source = /proc/kmsg started.
Jan 10 01:44:36 moodle rsyslogd: [origin software="rsyslogd" swVersion="4.2.0" x-pid="657" x-info="http://www.rsyslog.com"] (re)start
Jan 10 01:44:36 moodle rsyslogd: rsyslogd's groupid changed to 104
Jan 10 01:44:36 moodle rsyslogd: rsyslogd's userid changed to 102
Jan 10 01:44:36 moodle kernel: [    0.000000] Initializing cgroup subsys cpuset
Jan 10 01:44:36 moodle kernel: [    0.000000] Initializing cgroup subsys cpu
Jan 10 01:44:36 moodle kernel: [    0.000000] Linux version 2.6.32-43-generic (buildd@roseapple) (gcc version 4.4.3 (Ubuntu 4.4.3-4ubuntu5.1) ) #97-Ubuntu SMP Wed Sep 5 16:43:09 UTC 2012 (Ubuntu 2.6.32-43.97-generic 2.6.32.59+drm33.24)
Jan 10 01:44:36 moodle kernel: [    0.000000] KERNEL supported cpus:
Jan 10 01:44:36 moodle kernel: [    0.000000]   Intel GenuineIntel
Jan 10 01:44:36 moodle kernel: [    0.000000]   AMD AuthenticAMD
Jan 10 01:44:36 moodle kernel: [    0.000000]   NSC Geode by NSC
Jan 10 01:44:36 moodle kernel: [    0.000000]   Cyrix CyrixInstead
Jan 10 01:44:36 moodle kernel: [    0.000000]   Centaur CentaurHauls
Jan 10 01:44:36 moodle kernel: [    0.000000]   Transmeta GenuineTMx86
Jan 10 01:44:36 moodle kernel: [    0.000000]   Transmeta TransmetaCPU
Jan 10 01:44:36 moodle kernel: [    0.000000]   UMC UMC UMC UMC
Jan 10 01:44:36 moodle kernel: [    0.000000] BIOS-provided physical RAM map:
Jan 10 01:44:36 moodle kernel: [    0.000000]  BIOS-e820: 0000000000000000 - 000000000009f800 (usable)
Jan 10 01:44:36 moodle kernel: [    0.000000]  BIOS-e820: 000000000009f800 - 00000000000a0000 (reserved)
Jan 10 01:44:36 moodle kernel: [    0.000000]  BIOS-e820: 00000000000ca000 - 00000000000cc000 (reserved)
Jan 10 01:44:36 moodle kernel: [    0.000000]  BIOS-e820: 00000000000dc000 - 00000000000e4000 (reserved)
Jan 10 01:44:36 moodle kernel: [    0.000000]  BIOS-e820: 00000000000e8000 - 0000000000100000 (reserved)
Jan 10 01:44:36 moodle kernel: [    0.000000]  BIOS-e820: 0000000000100000 - 000000000fef0000 (usable)
Jan 10 01:44:36 moodle kernel: [    0.000000]  BIOS-e820: 000000000fef0000 - 000000000feff000 (ACPI data)
Jan 10 01:44:36 moodle kernel: [    0.000000]  BIOS-e820: 000000000feff000 - 000000000ff00000 (ACPI NVS)
Jan 10 01:44:36 moodle kernel: [    0.000000]  BIOS-e820: 000000000ff00000 - 0000000010000000 (usable)
Jan 10 01:44:36 moodle kernel: [    0.000000]  BIOS-e820: 00000000e0000000 - 00000000f0000000 (reserved)
Jan 10 01:44:36 moodle kernel: [    0.000000]  BIOS-e820: 00000000fec00000 - 00000000fec10000 (reserved)
Jan 10 01:44:36 moodle kernel: [    0.000000]  BIOS-e820: 00000000fee00000 - 00000000fee01000 (reserved)
Jan 10 01:44:36 moodle kernel: [    0.000000]  BIOS-e820: 00000000fffe0000 - 0000000100000000 (reserved)
Jan 10 01:44:36 moodle kernel: [    0.000000] DMI present.
Jan 10 01:44:36 moodle kernel: [    0.000000] Phoenix BIOS detected: BIOS may corrupt low RAM, working around it.
Jan 10 01:44:36 moodle kernel: [    0.000000] last_pfn = 0x10000 max_arch_pfn = 0x100000
Jan 10 01:44:36 moodle kernel: [    0.000000] x86 PAT enabled: cpu 0, old 0x0, new 0x7010600070106
Jan 10 01:44:36 moodle kernel: [    0.000000] Scanning 0 areas for low memory corruption
Jan 10 01:44:36 moodle kernel: [    0.000000] modified physical RAM map:
Jan 10 01:44:36 moodle kernel: [    0.000000]  modified: 0000000000000000 - 0000000000010000 (reserved)
Jan 10 01:44:36 moodle kernel: [    0.000000]  modified: 0000000000010000 - 000000000009f800 (usable)
Jan 10 01:44:36 moodle kernel: [    0.000000]  modified: 000000000009f800 - 00000000000a0000 (reserved)
Jan 10 01:44:36 moodle kernel: [    0.000000]  modified: 00000000000ca000 - 00000000000cc000 (reserved)
Jan 10 01:44:36 moodle kernel: [    0.000000]  modified: 00000000000dc000 - 00000000000e4000 (reserved)
Jan 10 01:44:36 moodle kernel: [    0.000000]  modified: 00000000000e8000 - 0000000000100000 (reserved)
Jan 10 01:44:36 moodle kernel: [    0.000000]  modified: 0000000000100000 - 000000000fef0000 (usable)
Jan 10 01:44:36 moodle kernel: [    0.000000]  modified: 000000000fef0000 - 000000000feff000 (ACPI data)
Jan 10 01:44:36 moodle kernel: [    0.000000]  modified: 000000000feff000 - 000000000ff00000 (ACPI NVS)
Jan 10 01:44:36 moodle kernel: [    0.000000]  modified: 000000000ff00000 - 0000000010000000 (usable)
Jan 10 01:44:36 moodle kernel: [    0.000000]  modified: 00000000e0000000 - 00000000f0000000 (reserved)
Jan 10 01:44:36 moodle kernel: [    0.000000]  modified: 00000000fec00000 - 00000000fec10000 (reserved)
Jan 10 01:44:36 moodle kernel: [    0.000000]  modified: 00000000fee00000 - 00000000fee01000 (reserved)
Jan 10 01:44:36 moodle kernel: [    0.000000]  modified: 00000000fffe0000 - 0000000100000000 (reserved)
Jan 10 01:44:36 moodle kernel: [    0.000000] init_memory_mapping: 0000000000000000-0000000010000000
Jan 10 01:44:36 moodle kernel: [    0.000000] Using x86 segment limits to approximate NX protection
Jan 10 01:44:36 moodle kernel: [    0.000000] RAMDISK: 0b5dd000 - 0bf734aa
Jan 10 01:44:36 moodle kernel: [    0.000000] ACPI: RSDP 000f6940 00024 (v02 PTLTD )
Jan 10 01:44:36 moodle kernel: [    0.000000] ACPI: XSDT 0fef0885 0004C (v01 INTEL  440BX    06040000 VMW  01324272)
Jan 10 01:44:36 moodle kernel: [    0.000000] ACPI: FACP 0fefee98 000F4 (v04 INTEL  440BX    06040000 PTL  000F4240)
Jan 10 01:44:36 moodle kernel: [    0.000000] ACPI: DSDT 0fef0a3d 0E45B (v01 PTLTD  Custom   06040000 MSFT 03000001)
Jan 10 01:44:36 moodle kernel: [    0.000000] ACPI: FACS 0fefffc0 00040
Jan 10 01:44:36 moodle kernel: [    0.000000] ACPI: BOOT 0fef0a15 00028 (v01 PTLTD  $SBFTBL$ 06040000  LTP 00000001)
Jan 10 01:44:36 moodle kernel: [    0.000000] ACPI: APIC 0fef09c5 00050 (v01 PTLTD  ? APIC   06040000  LTP 00000000)
Jan 10 01:44:36 moodle kernel: [    0.000000] ACPI: MCFG 0fef0989 0003C (v01 PTLTD  $PCITBL$ 06040000  LTP 00000001)
Jan 10 01:44:36 moodle kernel: [    0.000000] ACPI: SRAT 0fef0909 00080 (v02 VMWARE MEMPLUG  06040000 VMW  00000001)
Jan 10 01:44:36 moodle kernel: [    0.000000] 0MB HIGHMEM available.
Jan 10 01:44:36 moodle kernel: [    0.000000] 256MB LOWMEM available.
Jan 10 01:44:36 moodle kernel: [    0.000000]   mapped low ram: 0 - 10000000
Jan 10 01:44:36 moodle kernel: [    0.000000]   low ram: 0 - 10000000
Jan 10 01:44:36 moodle kernel: [    0.000000]   node 0 low ram: 00000000 - 10000000
Jan 10 01:44:36 moodle kernel: [    0.000000]   node 0 bootmap 00010000 - 00012000
Jan 10 01:44:36 moodle kernel: [    0.000000] (8 early reservations) ==> bootmem [0000000000 - 0010000000]
Jan 10 01:44:36 moodle kernel: [    0.000000]   #0 [0000000000 - 0000001000]   BIOS data page ==> [0000000000 - 0000001000]
Jan 10 01:44:36 moodle kernel: [    0.000000]   #1 [0000001000 - 0000002000]    EX TRAMPOLINE ==> [0000001000 - 0000002000]
Jan 10 01:44:36 moodle kernel: [    0.000000]   #2 [0000006000 - 0000007000]       TRAMPOLINE ==> [0000006000 - 0000007000]
Jan 10 01:44:36 moodle kernel: [    0.000000]   #3 [0000100000 - 00008e5ed8]    TEXT DATA BSS ==> [0000100000 - 00008e5ed8]
Jan 10 01:44:36 moodle kernel: [    0.000000]   #4 [000b5dd000 - 000bf734aa]          RAMDISK ==> [000b5dd000 - 000bf734aa]
Jan 10 01:44:36 moodle kernel: [    0.000000]   #5 [000009f800 - 0000100000]    BIOS reserved ==> [000009f800 - 0000100000]
Jan 10 01:44:36 moodle kernel: [    0.000000]   #6 [00008e6000 - 00008e91c0]              BRK ==> [00008e6000 - 00008e91c0]
Jan 10 01:44:36 moodle kernel: [    0.000000]   #7 [0000010000 - 0000012000]          BOOTMAP ==> [0000010000 - 0000012000]
Jan 10 01:44:36 moodle kernel: [    0.000000] found SMP MP-table at [c00f69b0] f69b0
Jan 10 01:44:36 moodle kernel: [    0.000000] Zone PFN ranges:
Jan 10 01:44:36 moodle kernel: [    0.000000]   DMA      0x00000010 -> 0x00001000
Jan 10 01:44:36 moodle kernel: [    0.000000]   Normal   0x00001000 -> 0x00010000
Jan 10 01:44:36 moodle kernel: [    0.000000]   HighMem  0x00010000 -> 0x00010000
Jan 10 01:44:36 moodle kernel: [    0.000000] Movable zone start PFN for each node
Jan 10 01:44:36 moodle kernel: [    0.000000] early_node_map[3] active PFN ranges
Jan 10 01:44:36 moodle kernel: [    0.000000]     0: 0x00000010 -> 0x0000009f
Jan 10 01:44:36 moodle kernel: [    0.000000]     0: 0x00000100 -> 0x0000fef0
Jan 10 01:44:36 moodle kernel: [    0.000000]     0: 0x0000ff00 -> 0x00010000
Jan 10 01:44:36 moodle kernel: [    0.000000] Using APIC driver default
Jan 10 01:44:36 moodle kernel: [    0.000000] ACPI: PM-Timer IO Port: 0x1008
Jan 10 01:44:36 moodle kernel: [    0.000000] ACPI: LAPIC (acpi_id[0x00] lapic_id[0x00] enabled)
Jan 10 01:44:36 moodle kernel: [    0.000000] ACPI: LAPIC_NMI (acpi_id[0x00] high edge lint[0x1])
Jan 10 01:44:36 moodle kernel: [    0.000000] ACPI: IOAPIC (id[0x01] address[0xfec00000] gsi_base[0])
Jan 10 01:44:36 moodle kernel: [    0.000000] IOAPIC[0]: apic_id 1, version 17, address 0xfec00000, GSI 0-23
Jan 10 01:44:36 moodle kernel: [    0.000000] ACPI: INT_SRC_OVR (bus 0 bus_irq 0 global_irq 2 high edge)
Jan 10 01:44:36 moodle kernel: [    0.000000] Using ACPI (MADT) for SMP configuration information
Jan 10 01:44:36 moodle kernel: [    0.000000] SMP: Allowing 1 CPUs, 0 hotplug CPUs
Jan 10 01:44:36 moodle kernel: [    0.000000] PM: Registered nosave memory: 000000000009f000 - 00000000000a0000
Jan 10 01:44:36 moodle kernel: [    0.000000] PM: Registered nosave memory: 00000000000a0000 - 00000000000ca000
Jan 10 01:44:36 moodle kernel: [    0.000000] PM: Registered nosave memory: 00000000000ca000 - 00000000000cc000
Jan 10 01:44:36 moodle kernel: [    0.000000] PM: Registered nosave memory: 00000000000cc000 - 00000000000dc000
Jan 10 01:44:36 moodle kernel: [    0.000000] PM: Registered nosave memory: 00000000000dc000 - 00000000000e4000
Jan 10 01:44:36 moodle kernel: [    0.000000] PM: Registered nosave memory: 00000000000e4000 - 00000000000e8000
Jan 10 01:44:36 moodle kernel: [    0.000000] PM: Registered nosave memory: 00000000000e8000 - 0000000000100000
Jan 10 01:44:36 moodle kernel: [    0.000000] PM: Registered nosave memory: 000000000fef0000 - 000000000feff000
Jan 10 01:44:36 moodle kernel: [    0.000000] PM: Registered nosave memory: 000000000feff000 - 000000000ff00000
Jan 10 01:44:36 moodle kernel: [    0.000000] Allocating PCI resources starting at 10000000 (gap: 10000000:d0000000)
Jan 10 01:44:36 moodle kernel: [    0.000000] Booting paravirtualized kernel on bare hardware
Jan 10 01:44:36 moodle kernel: [    0.000000] NR_CPUS:8 nr_cpumask_bits:8 nr_cpu_ids:1 nr_node_ids:1
Jan 10 01:44:36 moodle kernel: [    0.000000] PERCPU: Embedded 14 pages/cpu @c1400000 s36056 r0 d21288 u4194304
Jan 10 01:44:36 moodle kernel: [    0.000000] pcpu-alloc: s36056 r0 d21288 u4194304 alloc=1*4194304
Jan 10 01:44:36 moodle kernel: [    0.000000] pcpu-alloc: [0] 0 
Jan 10 01:44:36 moodle kernel: [    0.000000] Built 1 zonelists in Zone order, mobility grouping on.  Total pages: 64895
Jan 10 01:44:36 moodle kernel: [    0.000000] Kernel command line: BOOT_IMAGE=/vmlinuz-2.6.32-43-generic root=/dev/mapper/turnkey-root ro
Jan 10 01:44:36 moodle kernel: [    0.000000] PID hash table entries: 1024 (order: 0, 4096 bytes)
Jan 10 01:44:36 moodle kernel: [    0.000000] Dentry cache hash table entries: 32768 (order: 5, 131072 bytes)
Jan 10 01:44:36 moodle kernel: [    0.000000] Inode-cache hash table entries: 16384 (order: 4, 65536 bytes)
Jan 10 01:44:36 moodle kernel: [    0.000000] Enabling fast FPU save and restore... done.
Jan 10 01:44:36 moodle kernel: [    0.000000] Enabling unmasked SIMD FPU exception support... done.
Jan 10 01:44:36 moodle kernel: [    0.000000] Initializing CPU#0
Jan 10 01:44:36 moodle kernel: [    0.000000] allocated 1310400 bytes of page_cgroup
Jan 10 01:44:36 moodle kernel: [    0.000000] please try 'cgroup_disable=memory' option if you don't want memory cgroups
Jan 10 01:44:36 moodle kernel: [    0.000000] Initializing HighMem for node 0 (00000000:00000000)
Jan 10 01:44:36 moodle kernel: [    0.000000] Memory: 239740k/262144k available (4699k kernel code, 21544k reserved, 2128k data, 664k init, 0k highmem)
Jan 10 01:44:36 moodle kernel: [    0.000000] virtual kernel memory layout:
Jan 10 01:44:36 moodle kernel: [    0.000000]     fixmap  : 0xfff1d000 - 0xfffff000   ( 904 kB)
Jan 10 01:44:36 moodle kernel: [    0.000000]     pkmap   : 0xff800000 - 0xffc00000   (4096 kB)
Jan 10 01:44:36 moodle kernel: [    0.000000]     vmalloc : 0xd0800000 - 0xff7fe000   ( 751 MB)
Jan 10 01:44:36 moodle kernel: [    0.000000]     lowmem  : 0xc0000000 - 0xd0000000   ( 256 MB)
Jan 10 01:44:36 moodle kernel: [    0.000000]       .init : 0xc07ab000 - 0xc0851000   ( 664 kB)
Jan 10 01:44:36 moodle kernel: [    0.000000]       .data : 0xc0596db7 - 0xc07aafc8   (2128 kB)
Jan 10 01:44:36 moodle kernel: [    0.000000]       .text : 0xc0100000 - 0xc0596db7   (4699 kB)
Jan 10 01:44:36 moodle kernel: [    0.000000] Checking if this processor honours the WP bit even in supervisor mode...Ok.
Jan 10 01:44:36 moodle kernel: [    0.000000] SLUB: Genslabs=13, HWalign=64, Order=0-3, MinObjects=0, CPUs=1, Nodes=1
Jan 10 01:44:36 moodle kernel: [    0.000000] Hierarchical RCU implementation.
Jan 10 01:44:36 moodle kernel: [    0.000000] NR_IRQS:2304 nr_irqs:256
Jan 10 01:44:36 moodle kernel: [    0.000000] Extended CMOS year: 2000
Jan 10 01:44:36 moodle kernel: [    0.000000] Console: colour VGA+ 80x25
Jan 10 01:44:36 moodle kernel: [    0.000000] console [tty0] enabled
Jan 10 01:44:36 moodle kernel: [    0.004000] TSC freq read from hypervisor : 2400.000 MHz
Jan 10 01:44:36 moodle kernel: [    0.004000] Detected 2400.000 MHz processor.
Jan 10 01:44:36 moodle kernel: [    0.000003] Calibrating delay loop (skipped) preset value.. 4800.00 BogoMIPS (lpj=9600000)
Jan 10 01:44:36 moodle kernel: [    0.000208] Security Framework initialized
Jan 10 01:44:36 moodle kernel: [    0.000328] AppArmor: AppArmor initialized
Jan 10 01:44:36 moodle kernel: [    0.000431] Mount-cache hash table entries: 512
Jan 10 01:44:36 moodle kernel: [    0.000662] Initializing cgroup subsys ns
Jan 10 01:44:36 moodle kernel: [    0.000765] Initializing cgroup subsys cpuacct
Jan 10 01:44:36 moodle kernel: [    0.000871] Initializing cgroup subsys memory
Jan 10 01:44:36 moodle kernel: [    0.000981] Initializing cgroup subsys devices
Jan 10 01:44:36 moodle kernel: [    0.001082] Initializing cgroup subsys freezer
Jan 10 01:44:36 moodle kernel: [    0.001183] Initializing cgroup subsys net_cls
Jan 10 01:44:36 moodle kernel: [    0.001312] CPU: Physical Processor ID: 0
Jan 10 01:44:36 moodle kernel: [    0.001415] CPU: L1 I cache: 32K, L1 D cache: 32K
Jan 10 01:44:36 moodle kernel: [    0.001538] CPU: L2 cache: 256K
Jan 10 01:44:36 moodle kernel: [    0.001627] CPU: L3 cache: 20480K
Jan 10 01:44:36 moodle kernel: [    0.001722] mce: CPU supports 0 MCE banks
Jan 10 01:44:36 moodle kernel: [    0.001837] Performance Events: Nehalem/Corei7 events, Intel PMU driver.
Jan 10 01:44:36 moodle kernel: [    0.002028] ... version:                3
Jan 10 01:44:36 moodle kernel: [    0.002127] ... bit width:              48
Jan 10 01:44:36 moodle kernel: [    0.002223] ... generic registers:      4
Jan 10 01:44:36 moodle kernel: [    0.002319] ... value mask:             0000ffffffffffff
Jan 10 01:44:36 moodle kernel: [    0.002425] ... max period:             000000007fffffff
Jan 10 01:44:36 moodle kernel: [    0.002530] ... fixed-purpose events:   3
Jan 10 01:44:36 moodle kernel: [    0.002626] ... event mask:             000000070000000f
Jan 10 01:44:36 moodle kernel: [    0.002737] Checking 'hlt' instruction... OK.
Jan 10 01:44:36 moodle kernel: [    0.017918] SMP alternatives: switching to UP code
Jan 10 01:44:36 moodle kernel: [    0.031162] Freeing SMP alternatives: 19k freed
Jan 10 01:44:36 moodle kernel: [    0.031269] ACPI: Core revision 20090903
Jan 10 01:44:36 moodle kernel: [    0.040157] ftrace: converting mcount calls to 0f 1f 44 00 00
Jan 10 01:44:36 moodle kernel: [    0.040304] ftrace: allocating 21841 entries in 43 pages
Jan 10 01:44:36 moodle kernel: [    0.061356] Enabling APIC mode:  Flat.  Using 1 I/O APICs
Jan 10 01:44:36 moodle kernel: [    0.062403] ..TIMER: vector=0x30 apic1=0 pin1=2 apic2=-1 pin2=-1
Jan 10 01:44:36 moodle kernel: [    0.102147] CPU0: Intel(R) Xeon(R) CPU E5-2665 0 @ 2.40GHz stepping 07
Jan 10 01:44:36 moodle kernel: [    0.207651] Brought up 1 CPUs
Jan 10 01:44:36 moodle kernel: [    0.207746] Total of 1 processors activated (4800.00 BogoMIPS).
Jan 10 01:44:36 moodle kernel: [    0.208098] x86 PAT enabled: cpu 0, old 0x0, new 0x7010600070106
Jan 10 01:44:36 moodle kernel: [    0.208372] devtmpfs: initialized
Jan 10 01:44:36 moodle kernel: [    0.208765] regulator: core version 0.5
Jan 10 01:44:36 moodle kernel: [    0.208932] Time:  1:44:33  Date: 01/10/13
Jan 10 01:44:36 moodle kernel: [    0.209066] NET: Registered protocol family 16
Jan 10 01:44:36 moodle kernel: [    0.209258] EISA bus registered
Jan 10 01:44:36 moodle kernel: [    0.209354] ACPI: bus type pci registered
Jan 10 01:44:36 moodle kernel: [    0.209687] PCI: MCFG configuration 0: base e0000000 segment 0 buses 0 - 255
Jan 10 01:44:36 moodle kernel: [    0.210344] PCI: MCFG area at e0000000 reserved in E820
Jan 10 01:44:36 moodle kernel: [    0.210451] PCI: Using MMCONFIG for extended config space
Jan 10 01:44:36 moodle kernel: [    0.210559] PCI: Using configuration type 1 for base access
Jan 10 01:44:36 moodle kernel: [    0.211243] bio: create slab <bio-0> at 0
Jan 10 01:44:36 moodle kernel: [    0.247563] ACPI: BIOS _OSI(Linux) query ignored
Jan 10 01:44:36 moodle kernel: [    0.253229] ACPI: Interpreter enabled
Jan 10 01:44:36 moodle kernel: [    0.253329] ACPI: (supports S0 S1 S4 S5)
Jan 10 01:44:36 moodle kernel: [    0.253524] ACPI: Using IOAPIC for interrupt routing
Jan 10 01:44:36 moodle kernel: [    0.316932] ACPI: No dock devices found.
Jan 10 01:44:36 moodle kernel: [    0.318030] ACPI: PCI Root Bridge [PCI0] (0000:00)
Jan 10 01:44:36 moodle kernel: [    0.320183] pci 0000:00:07.3: quirk: region 1000-103f claimed by PIIX4 ACPI
Jan 10 01:44:36 moodle kernel: [    0.320315] pci 0000:00:07.3: quirk: region 1040-104f claimed by PIIX4 SMB
Jan 10 01:44:36 moodle kernel: [    0.325019] pci 0000:00:15.0: PME# supported from D0 D3hot D3cold
Jan 10 01:44:36 moodle kernel: [    0.325162] pci 0000:00:15.0: PME# disabled
Jan 10 01:44:36 moodle kernel: [    0.326164] pci 0000:00:15.1: PME# supported from D0 D3hot D3cold
Jan 10 01:44:36 moodle kernel: [    0.326296] pci 0000:00:15.1: PME# disabled
Jan 10 01:44:36 moodle kernel: [    0.327226] pci 0000:00:15.2: PME# supported from D0 D3hot D3cold
Jan 10 01:44:36 moodle kernel: [    0.327386] pci 0000:00:15.2: PME# disabled
Jan 10 01:44:36 moodle kernel: [    0.328319] pci 0000:00:15.3: PME# supported from D0 D3hot D3cold
Jan 10 01:44:36 moodle kernel: [    0.328451] pci 0000:00:15.3: PME# disabled
Jan 10 01:44:36 moodle kernel: [    0.329380] pci 0000:00:15.4: PME# supported from D0 D3hot D3cold
Jan 10 01:44:36 moodle kernel: [    0.329511] pci 0000:00:15.4: PME# disabled
Jan 10 01:44:36 moodle kernel: [    0.330463] pci 0000:00:15.5: PME# supported from D0 D3hot D3cold
Jan 10 01:44:36 moodle kernel: [    0.330600] pci 0000:00:15.5: PME# disabled
Jan 10 01:44:36 moodle kernel: [    0.331539] pci 0000:00:15.6: PME# supported from D0 D3hot D3cold
Jan 10 01:44:36 moodle kernel: [    0.331670] pci 0000:00:15.6: PME# disabled
Jan 10 01:44:36 moodle kernel: [    0.332600] pci 0000:00:15.7: PME# supported from D0 D3hot D3cold
Jan 10 01:44:36 moodle kernel: [    0.332732] pci 0000:00:15.7: PME# disabled
Jan 10 01:44:36 moodle kernel: [    0.333661] pci 0000:00:16.0: PME# supported from D0 D3hot D3cold
Jan 10 01:44:36 moodle kernel: [    0.333792] pci 0000:00:16.0: PME# disabled
Jan 10 01:44:36 moodle kernel: [    0.334723] pci 0000:00:16.1: PME# supported from D0 D3hot D3cold
Jan 10 01:44:36 moodle kernel: [    0.334854] pci 0000:00:16.1: PME# disabled
Jan 10 01:44:36 moodle kernel: [    0.335793] pci 0000:00:16.2: PME# supported from D0 D3hot D3cold
Jan 10 01:44:36 moodle kernel: [    0.335926] pci 0000:00:16.2: PME# disabled
Jan 10 01:44:36 moodle kernel: [    0.336859] pci 0000:00:16.3: PME# supported from D0 D3hot D3cold
Jan 10 01:44:36 moodle kernel: [    0.336991] pci 0000:00:16.3: PME# disabled
Jan 10 01:44:36 moodle kernel: [    0.337928] pci 0000:00:16.4: PME# supported from D0 D3hot D3cold
Jan 10 01:44:36 moodle kernel: [    0.338060] pci 0000:00:16.4: PME# disabled
Jan 10 01:44:36 moodle kernel: [    0.339008] pci 0000:00:16.5: PME# supported from D0 D3hot D3cold
Jan 10 01:44:36 moodle kernel: [    0.339139] pci 0000:00:16.5: PME# disabled
Jan 10 01:44:36 moodle kernel: [    0.340081] pci 0000:00:16.6: PME# supported from D0 D3hot D3cold
Jan 10 01:44:36 moodle kernel: [    0.340212] pci 0000:00:16.6: PME# disabled
Jan 10 01:44:36 moodle kernel: [    0.341146] pci 0000:00:16.7: PME# supported from D0 D3hot D3cold
Jan 10 01:44:36 moodle kernel: [    0.341277] pci 0000:00:16.7: PME# disabled
Jan 10 01:44:36 moodle kernel: [    0.342205] pci 0000:00:17.0: PME# supported from D0 D3hot D3cold
Jan 10 01:44:36 moodle kernel: [    0.342336] pci 0000:00:17.0: PME# disabled
Jan 10 01:44:36 moodle kernel: [    0.343279] pci 0000:00:17.1: PME# supported from D0 D3hot D3cold
Jan 10 01:44:36 moodle kernel: [    0.343410] pci 0000:00:17.1: PME# disabled
Jan 10 01:44:36 moodle kernel: [    0.344340] pci 0000:00:17.2: PME# supported from D0 D3hot D3cold
Jan 10 01:44:36 moodle kernel: [    0.344471] pci 0000:00:17.2: PME# disabled
Jan 10 01:44:36 moodle kernel: [    0.345398] pci 0000:00:17.3: PME# supported from D0 D3hot D3cold
Jan 10 01:44:36 moodle kernel: [    0.345531] pci 0000:00:17.3: PME# disabled
Jan 10 01:44:36 moodle kernel: [    0.346461] pci 0000:00:17.4: PME# supported from D0 D3hot D3cold
Jan 10 01:44:36 moodle kernel: [    0.346593] pci 0000:00:17.4: PME# disabled
Jan 10 01:44:36 moodle kernel: [    0.347548] pci 0000:00:17.5: PME# supported from D0 D3hot D3cold
Jan 10 01:44:36 moodle kernel: [    0.347681] pci 0000:00:17.5: PME# disabled
Jan 10 01:44:36 moodle kernel: [    0.348611] pci 0000:00:17.6: PME# supported from D0 D3hot D3cold
Jan 10 01:44:36 moodle kernel: [    0.348743] pci 0000:00:17.6: PME# disabled
Jan 10 01:44:36 moodle kernel: [    0.349670] pci 0000:00:17.7: PME# supported from D0 D3hot D3cold
Jan 10 01:44:36 moodle kernel: [    0.349802] pci 0000:00:17.7: PME# disabled
Jan 10 01:44:36 moodle kernel: [    0.350737] pci 0000:00:18.0: PME# supported from D0 D3hot D3cold
Jan 10 01:44:36 moodle kernel: [    0.350872] pci 0000:00:18.0: PME# disabled
Jan 10 01:44:36 moodle kernel: [    0.351811] pci 0000:00:18.1: PME# supported from D0 D3hot D3cold
Jan 10 01:44:36 moodle kernel: [    0.351943] pci 0000:00:18.1: PME# disabled
Jan 10 01:44:36 moodle kernel: [    0.352870] pci 0000:00:18.2: PME# supported from D0 D3hot D3cold
Jan 10 01:44:36 moodle kernel: [    0.353004] pci 0000:00:18.2: PME# disabled
Jan 10 01:44:36 moodle kernel: [    0.353934] pci 0000:00:18.3: PME# supported from D0 D3hot D3cold
Jan 10 01:44:36 moodle kernel: [    0.354066] pci 0000:00:18.3: PME# disabled
Jan 10 01:44:36 moodle kernel: [    0.354995] pci 0000:00:18.4: PME# supported from D0 D3hot D3cold
Jan 10 01:44:36 moodle kernel: [    0.355127] pci 0000:00:18.4: PME# disabled
Jan 10 01:44:36 moodle kernel: [    0.356141] pci 0000:00:18.5: PME# supported from D0 D3hot D3cold
Jan 10 01:44:36 moodle kernel: [    0.356315] pci 0000:00:18.5: PME# disabled
Jan 10 01:44:36 moodle kernel: [    0.357297] pci 0000:00:18.6: PME# supported from D0 D3hot D3cold
Jan 10 01:44:36 moodle kernel: [    0.357429] pci 0000:00:18.6: PME# disabled
Jan 10 01:44:36 moodle kernel: [    0.358362] pci 0000:00:18.7: PME# supported from D0 D3hot D3cold
Jan 10 01:44:36 moodle kernel: [    0.358494] pci 0000:00:18.7: PME# disabled
Jan 10 01:44:36 moodle kernel: [    0.360015] pci 0000:00:11.0: transparent bridge
Jan 10 01:44:36 moodle kernel: [    0.542984] ACPI: PCI Interrupt Link [LNKA] (IRQs 3 4 5 6 7 *9 10 11 14 15)
Jan 10 01:44:36 moodle kernel: [    0.543502] ACPI: PCI Interrupt Link [LNKB] (IRQs 3 4 5 6 7 9 10 *11 14 15)
Jan 10 01:44:36 moodle kernel: [    0.544003] ACPI: PCI Interrupt Link [LNKC] (IRQs 3 4 5 6 7 9 *10 11 14 15)
Jan 10 01:44:36 moodle kernel: [    0.544499] ACPI: PCI Interrupt Link [LNKD] (IRQs 3 4 5 6 7 9 10 11 14 15) *0, disabled.
Jan 10 01:44:36 moodle kernel: [    0.545113] vgaarb: device added: PCI:0000:00:0f.0,decodes=io+mem,owns=io+mem,locks=none
Jan 10 01:44:36 moodle kernel: [    0.545296] vgaarb: loaded
Jan 10 01:44:36 moodle kernel: [    0.545465] SCSI subsystem initialized
Jan 10 01:44:36 moodle kernel: [    0.545687] usbcore: registered new interface driver usbfs
Jan 10 01:44:36 moodle kernel: [    0.545801] usbcore: registered new interface driver hub
Jan 10 01:44:36 moodle kernel: [    0.545920] usbcore: registered new device driver usb
Jan 10 01:44:36 moodle kernel: [    0.546097] ACPI: WMI: Mapper loaded
Jan 10 01:44:36 moodle kernel: [    0.546191] PCI: Using ACPI for IRQ routing
Jan 10 01:44:36 moodle kernel: [    0.547173] NetLabel: Initializing
Jan 10 01:44:36 moodle kernel: [    0.547266] NetLabel:  domain hash size = 128
Jan 10 01:44:36 moodle kernel: [    0.547365] NetLabel:  protocols = UNLABELED CIPSOv4
Jan 10 01:44:36 moodle kernel: [    0.547476] NetLabel:  unlabeled traffic allowed by default
Jan 10 01:44:36 moodle kernel: [    0.547621] Switching to clocksource tsc
Jan 10 01:44:36 moodle kernel: [    0.549324] AppArmor: AppArmor Filesystem Enabled
Jan 10 01:44:36 moodle kernel: [    0.549434] pnp: PnP ACPI init
Jan 10 01:44:36 moodle kernel: [    0.549529] ACPI: bus type pnp registered
Jan 10 01:44:36 moodle kernel: [    0.585600] pnp: PnP ACPI: found 13 devices
Jan 10 01:44:36 moodle kernel: [    0.585709] ACPI: ACPI bus type pnp unregistered
Jan 10 01:44:36 moodle kernel: [    0.585813] PnPBIOS: Disabled by ACPI PNP
Jan 10 01:44:36 moodle kernel: [    0.585923] system 00:01: ioport range 0x1000-0x103f has been reserved
Jan 10 01:44:36 moodle kernel: [    0.586038] system 00:01: ioport range 0x1040-0x104f has been reserved
Jan 10 01:44:36 moodle kernel: [    0.586153] system 00:01: ioport range 0xcf0-0xcf1 has been reserved
Jan 10 01:44:36 moodle kernel: [    0.586271] system 00:0c: ioport range 0x1060-0x107f has been reserved
Jan 10 01:44:36 moodle kernel: [    0.586407] system 00:0c: iomem range 0xe0000000-0xefffffff has been reserved
Jan 10 01:44:36 moodle kernel: [    0.586536] system 00:0c: iomem range 0xd8a00000-0xd8bfffff has been reserved
Jan 10 01:44:36 moodle kernel: [    0.621430] pci 0000:00:15.3: BAR 13: can't allocate I/O resource [0x10000-0xffff]
Jan 10 01:44:36 moodle kernel: [    0.621540] pci 0000:00:15.4: BAR 13: can't allocate I/O resource [0x10000-0xffff]
Jan 10 01:44:36 moodle kernel: [    0.621649] pci 0000:00:15.5: BAR 13: can't allocate I/O resource [0x10000-0xffff]
Jan 10 01:44:36 moodle kernel: [    0.621759] pci 0000:00:15.6: BAR 13: can't allocate I/O resource [0x10000-0xffff]
Jan 10 01:44:36 moodle kernel: [    0.621868] pci 0000:00:15.7: BAR 13: can't allocate I/O resource [0x10000-0xffff]
Jan 10 01:44:36 moodle kernel: [    0.621978] pci 0000:00:16.3: BAR 13: can't allocate I/O resource [0x10000-0xffff]
Jan 10 01:44:36 moodle kernel: [    0.622087] pci 0000:00:16.4: BAR 13: can't allocate I/O resource [0x10000-0xffff]
Jan 10 01:44:36 moodle kernel: [    0.622196] pci 0000:00:16.5: BAR 13: can't allocate I/O resource [0x10000-0xffff]
Jan 10 01:44:36 moodle kernel: [    0.622306] pci 0000:00:16.6: BAR 13: can't allocate I/O resource [0x10000-0xffff]
Jan 10 01:44:36 moodle kernel: [    0.622415] pci 0000:00:16.7: BAR 13: can't allocate I/O resource [0x10000-0xffff]
Jan 10 01:44:36 moodle kernel: [    0.622525] pci 0000:00:17.3: BAR 13: can't allocate I/O resource [0x10000-0xffff]
Jan 10 01:44:36 moodle kernel: [    0.622634] pci 0000:00:17.4: BAR 13: can't allocate I/O resource [0x10000-0xffff]
Jan 10 01:44:36 moodle kernel: [    0.622744] pci 0000:00:17.5: BAR 13: can't allocate I/O resource [0x10000-0xffff]
Jan 10 01:44:36 moodle kernel: [    0.622853] pci 0000:00:17.6: BAR 13: can't allocate I/O resource [0x10000-0xffff]
Jan 10 01:44:36 moodle kernel: [    0.622963] pci 0000:00:17.7: BAR 13: can't allocate I/O resource [0x10000-0xffff]
Jan 10 01:44:36 moodle kernel: [    0.623072] pci 0000:00:18.3: BAR 13: can't allocate I/O resource [0x10000-0xffff]
Jan 10 01:44:36 moodle kernel: [    0.623182] pci 0000:00:18.4: BAR 13: can't allocate I/O resource [0x10000-0xffff]
Jan 10 01:44:36 moodle kernel: [    0.623291] pci 0000:00:18.5: BAR 13: can't allocate I/O resource [0x10000-0xffff]
Jan 10 01:44:36 moodle kernel: [    0.623401] pci 0000:00:18.6: BAR 13: can't allocate I/O resource [0x10000-0xffff]
Jan 10 01:44:36 moodle kernel: [    0.623510] pci 0000:00:18.7: BAR 13: can't allocate I/O resource [0x10000-0xffff]
Jan 10 01:44:36 moodle kernel: [    0.623620] pci 0000:00:01.0: PCI bridge, secondary bus 0000:01
Jan 10 01:44:36 moodle kernel: [    0.623645] pci 0000:00:01.0:   IO window: disabled
Jan 10 01:44:36 moodle kernel: [    0.623754] pci 0000:00:01.0:   MEM window: disabled
Jan 10 01:44:36 moodle kernel: [    0.623864] pci 0000:00:01.0:   PREFETCH window: disabled
Jan 10 01:44:36 moodle kernel: [    0.623973] pci 0000:00:11.0: PCI bridge, secondary bus 0000:02
Jan 10 01:44:36 moodle kernel: [    0.624083] pci 0000:00:11.0:   IO window: 0x2000-0x3fff
Jan 10 01:44:36 moodle kernel: [    0.624192] pci 0000:00:11.0:   MEM window: 0xd9200000-0xd9cfffff
Jan 10 01:44:36 moodle kernel: [    0.624302] pci 0000:00:11.0:   PREFETCH window: 0x000000dc100000-0x000000dc6fffff
Jan 10 01:44:36 moodle kernel: [    0.624411] pci 0000:00:15.0: PCI bridge, secondary bus 0000:03
Jan 10 01:44:36 moodle kernel: [    0.624521] pci 0000:00:15.0:   IO window: 0x4000-0x4fff
Jan 10 01:44:36 moodle kernel: [    0.624630] pci 0000:00:15.0:   MEM window: 0xd9d00000-0xd9dfffff
Jan 10 01:44:36 moodle kernel: [    0.624740] pci 0000:00:15.0:   PREFETCH window: 0x000000dc700000-0x000000dc7fffff
Jan 10 01:44:36 moodle kernel: [    0.624849] pci 0000:00:15.1: PCI bridge, secondary bus 0000:04
Jan 10 01:44:36 moodle kernel: [    0.624959] pci 0000:00:15.1:   IO window: 0x8000-0x8fff
Jan 10 01:44:36 moodle kernel: [    0.625068] pci 0000:00:15.1:   MEM window: 0xda100000-0xda1fffff
Jan 10 01:44:36 moodle kernel: [    0.625178] pci 0000:00:15.1:   PREFETCH window: 0x000000dcb00000-0x000000dcbfffff
Jan 10 01:44:36 moodle kernel: [    0.625287] pci 0000:00:15.2: PCI bridge, secondary bus 0000:05
Jan 10 01:44:36 moodle kernel: [    0.625396] pci 0000:00:15.2:   IO window: 0xc000-0xcfff
Jan 10 01:44:36 moodle kernel: [    0.625506] pci 0000:00:15.2:   MEM window: 0xda500000-0xda5fffff
Jan 10 01:44:36 moodle kernel: [    0.625615] pci 0000:00:15.2:   PREFETCH window: 0x000000dcf00000-0x000000dcffffff
Jan 10 01:44:36 moodle kernel: [    0.625725] pci 0000:00:15.3: PCI bridge, secondary bus 0000:06
Jan 10 01:44:36 moodle kernel: [    0.625834] pci 0000:00:15.3:   IO window: disabled
Jan 10 01:44:36 moodle kernel: [    0.625944] pci 0000:00:15.3:   MEM window: 0xda900000-0xda9fffff
Jan 10 01:44:36 moodle kernel: [    0.626053] pci 0000:00:15.3:   PREFETCH window: 0x000000dd300000-0x000000dd3fffff
Jan 10 01:44:36 moodle kernel: [    0.626163] pci 0000:00:15.4: PCI bridge, secondary bus 0000:07
Jan 10 01:44:36 moodle kernel: [    0.626272] pci 0000:00:15.4:   IO window: disabled
Jan 10 01:44:36 moodle kernel: [    0.626382] pci 0000:00:15.4:   MEM window: 0xdad00000-0xdadfffff
Jan 10 01:44:36 moodle kernel: [    0.626491] pci 0000:00:15.4:   PREFETCH window: 0x000000dd700000-0x000000dd7fffff
Jan 10 01:44:36 moodle kernel: [    0.626601] pci 0000:00:15.5: PCI bridge, secondary bus 0000:08
Jan 10 01:44:36 moodle kernel: [    0.626710] pci 0000:00:15.5:   IO window: disabled
Jan 10 01:44:36 moodle kernel: [    0.626820] pci 0000:00:15.5:   MEM window: 0xdb100000-0xdb1fffff
Jan 10 01:44:36 moodle kernel: [    0.626929] pci 0000:00:15.5:   PREFETCH window: 0x000000ddb00000-0x000000ddbfffff
Jan 10 01:44:36 moodle kernel: [    0.627039] pci 0000:00:15.6: PCI bridge, secondary bus 0000:09
Jan 10 01:44:36 moodle kernel: [    0.627148] pci 0000:00:15.6:   IO window: disabled
Jan 10 01:44:36 moodle kernel: [    0.627258] pci 0000:00:15.6:   MEM window: 0xdb500000-0xdb5fffff
Jan 10 01:44:36 moodle kernel: [    0.627367] pci 0000:00:15.6:   PREFETCH window: 0x000000ddf00000-0x000000ddffffff
Jan 10 01:44:36 moodle kernel: [    0.627477] pci 0000:00:15.7: PCI bridge, secondary bus 0000:0a
Jan 10 01:44:36 moodle kernel: [    0.627586] pci 0000:00:15.7:   IO window: disabled
Jan 10 01:44:36 moodle kernel: [    0.627657] pci 0000:00:15.7:   MEM window: 0xdb900000-0xdb9fffff
Jan 10 01:44:36 moodle kernel: [    0.627766] pci 0000:00:15.7:   PREFETCH window: 0x000000de300000-0x000000de3fffff
Jan 10 01:44:36 moodle kernel: [    0.627876] pci 0000:00:16.0: PCI bridge, secondary bus 0000:0b
Jan 10 01:44:36 moodle kernel: [    0.627985] pci 0000:00:16.0:   IO window: 0x5000-0x5fff
Jan 10 01:44:36 moodle kernel: [    0.628095] pci 0000:00:16.0:   MEM window: 0xd9e00000-0xd9efffff
Jan 10 01:44:36 moodle kernel: [    0.628204] pci 0000:00:16.0:   PREFETCH window: 0x000000dc800000-0x000000dc8fffff
Jan 10 01:44:36 moodle kernel: [    0.628314] pci 0000:00:16.1: PCI bridge, secondary bus 0000:0c
Jan 10 01:44:36 moodle kernel: [    0.628423] pci 0000:00:16.1:   IO window: 0x9000-0x9fff
Jan 10 01:44:36 moodle kernel: [    0.628532] pci 0000:00:16.1:   MEM window: 0xda200000-0xda2fffff
Jan 10 01:44:36 moodle kernel: [    0.628642] pci 0000:00:16.1:   PREFETCH window: 0x000000dcc00000-0x000000dccfffff
Jan 10 01:44:36 moodle kernel: [    0.628751] pci 0000:00:16.2: PCI bridge, secondary bus 0000:0d
Jan 10 01:44:36 moodle kernel: [    0.628861] pci 0000:00:16.2:   IO window: 0xd000-0xdfff
Jan 10 01:44:36 moodle kernel: [    0.628970] pci 0000:00:16.2:   MEM window: 0xda600000-0xda6fffff
Jan 10 01:44:36 moodle kernel: [    0.629080] pci 0000:00:16.2:   PREFETCH window: 0x000000dd000000-0x000000dd0fffff
Jan 10 01:44:36 moodle kernel: [    0.629189] pci 0000:00:16.3: PCI bridge, secondary bus 0000:0e
Jan 10 01:44:36 moodle kernel: [    0.629299] pci 0000:00:16.3:   IO window: disabled
Jan 10 01:44:36 moodle kernel: [    0.629408] pci 0000:00:16.3:   MEM window: 0xdaa00000-0xdaafffff
Jan 10 01:44:36 moodle kernel: [    0.629518] pci 0000:00:16.3:   PREFETCH window: 0x000000dd400000-0x000000dd4fffff
Jan 10 01:44:36 moodle kernel: [    0.629627] pci 0000:00:16.4: PCI bridge, secondary bus 0000:0f
Jan 10 01:44:36 moodle kernel: [    0.629737] pci 0000:00:16.4:   IO window: disabled
Jan 10 01:44:36 moodle kernel: [    0.629846] pci 0000:00:16.4:   MEM window: 0xdae00000-0xdaefffff
Jan 10 01:44:36 moodle kernel: [    0.629956] pci 0000:00:16.4:   PREFETCH window: 0x000000dd800000-0x000000dd8fffff
Jan 10 01:44:36 moodle kernel: [    0.630065] pci 0000:00:16.5: PCI bridge, secondary bus 0000:10
Jan 10 01:44:36 moodle kernel: [    0.630175] pci 0000:00:16.5:   IO window: disabled
Jan 10 01:44:36 moodle kernel: [    0.630284] pci 0000:00:16.5:   MEM window: 0xdb200000-0xdb2fffff
Jan 10 01:44:36 moodle kernel: [    0.630394] pci 0000:00:16.5:   PREFETCH window: 0x000000ddc00000-0x000000ddcfffff
Jan 10 01:44:36 moodle kernel: [    0.630503] pci 0000:00:16.6: PCI bridge, secondary bus 0000:11
Jan 10 01:44:36 moodle kernel: [    0.630613] pci 0000:00:16.6:   IO window: disabled
Jan 10 01:44:36 moodle kernel: [    0.630722] pci 0000:00:16.6:   MEM window: 0xdb600000-0xdb6fffff
Jan 10 01:44:36 moodle kernel: [    0.630831] pci 0000:00:16.6:   PREFETCH window: 0x000000de000000-0x000000de0fffff
Jan 10 01:44:36 moodle kernel: [    0.630941] pci 0000:00:16.7: PCI bridge, secondary bus 0000:12
Jan 10 01:44:36 moodle kernel: [    0.631050] pci 0000:00:16.7:   IO window: disabled
Jan 10 01:44:36 moodle kernel: [    0.631160] pci 0000:00:16.7:   MEM window: 0xdba00000-0xdbafffff
Jan 10 01:44:36 moodle kernel: [    0.631269] pci 0000:00:16.7:   PREFETCH window: 0x000000de400000-0x000000de4fffff
Jan 10 01:44:36 moodle kernel: [    0.631379] pci 0000:00:17.0: PCI bridge, secondary bus 0000:13
Jan 10 01:44:36 moodle kernel: [    0.631488] pci 0000:00:17.0:   IO window: 0x6000-0x6fff
Jan 10 01:44:36 moodle kernel: [    0.631629] pci 0000:00:17.0:   MEM window: 0xd9f00000-0xd9ffffff
Jan 10 01:44:36 moodle kernel: [    0.631739] pci 0000:00:17.0:   PREFETCH window: 0x000000dc900000-0x000000dc9fffff
Jan 10 01:44:36 moodle kernel: [    0.631848] pci 0000:00:17.1: PCI bridge, secondary bus 0000:14
Jan 10 01:44:36 moodle kernel: [    0.631958] pci 0000:00:17.1:   IO window: 0xa000-0xafff
Jan 10 01:44:36 moodle kernel: [    0.632067] pci 0000:00:17.1:   MEM window: 0xda300000-0xda3fffff
Jan 10 01:44:36 moodle kernel: [    0.632177] pci 0000:00:17.1:   PREFETCH window: 0x000000dcd00000-0x000000dcdfffff
Jan 10 01:44:36 moodle kernel: [    0.632286] pci 0000:00:17.2: PCI bridge, secondary bus 0000:15
Jan 10 01:44:36 moodle kernel: [    0.632396] pci 0000:00:17.2:   IO window: 0xe000-0xefff
Jan 10 01:44:36 moodle kernel: [    0.632505] pci 0000:00:17.2:   MEM window: 0xda700000-0xda7fffff
Jan 10 01:44:36 moodle kernel: [    0.632615] pci 0000:00:17.2:   PREFETCH window: 0x000000dd100000-0x000000dd1fffff
Jan 10 01:44:36 moodle kernel: [    0.632724] pci 0000:00:17.3: PCI bridge, secondary bus 0000:16
Jan 10 01:44:36 moodle kernel: [    0.632834] pci 0000:00:17.3:   IO window: disabled
Jan 10 01:44:36 moodle kernel: [    0.632943] pci 0000:00:17.3:   MEM window: 0xdab00000-0xdabfffff
Jan 10 01:44:36 moodle kernel: [    0.633052] pci 0000:00:17.3:   PREFETCH window: 0x000000dd500000-0x000000dd5fffff
Jan 10 01:44:36 moodle kernel: [    0.633162] pci 0000:00:17.4: PCI bridge, secondary bus 0000:17
Jan 10 01:44:36 moodle kernel: [    0.633271] pci 0000:00:17.4:   IO window: disabled
Jan 10 01:44:36 moodle kernel: [    0.633381] pci 0000:00:17.4:   MEM window: 0xdaf00000-0xdaffffff
Jan 10 01:44:36 moodle kernel: [    0.633490] pci 0000:00:17.4:   PREFETCH window: 0x000000dd900000-0x000000dd9fffff
Jan 10 01:44:36 moodle kernel: [    0.633600] pci 0000:00:17.5: PCI bridge, secondary bus 0000:18
Jan 10 01:44:36 moodle kernel: [    0.633709] pci 0000:00:17.5:   IO window: disabled
Jan 10 01:44:36 moodle kernel: [    0.633819] pci 0000:00:17.5:   MEM window: 0xdb300000-0xdb3fffff
Jan 10 01:44:36 moodle kernel: [    0.633928] pci 0000:00:17.5:   PREFETCH window: 0x000000ddd00000-0x000000dddfffff
Jan 10 01:44:36 moodle kernel: [    0.634038] pci 0000:00:17.6: PCI bridge, secondary bus 0000:19
Jan 10 01:44:36 moodle kernel: [    0.634147] pci 0000:00:17.6:   IO window: disabled
Jan 10 01:44:36 moodle kernel: [    0.634257] pci 0000:00:17.6:   MEM window: 0xdb700000-0xdb7fffff
Jan 10 01:44:36 moodle kernel: [    0.634366] pci 0000:00:17.6:   PREFETCH window: 0x000000de100000-0x000000de1fffff
Jan 10 01:44:36 moodle kernel: [    0.634476] pci 0000:00:17.7: PCI bridge, secondary bus 0000:1a
Jan 10 01:44:36 moodle kernel: [    0.634585] pci 0000:00:17.7:   IO window: disabled
Jan 10 01:44:36 moodle kernel: [    0.634695] pci 0000:00:17.7:   MEM window: 0xdbb00000-0xdbbfffff
Jan 10 01:44:36 moodle kernel: [    0.634804] pci 0000:00:17.7:   PREFETCH window: 0x000000de500000-0x000000de5fffff
Jan 10 01:44:36 moodle kernel: [    0.634914] pci 0000:00:18.0: PCI bridge, secondary bus 0000:1b
Jan 10 01:44:36 moodle kernel: [    0.635023] pci 0000:00:18.0:   IO window: 0x7000-0x7fff
Jan 10 01:44:36 moodle kernel: [    0.635133] pci 0000:00:18.0:   MEM window: 0xda000000-0xda0fffff
Jan 10 01:44:36 moodle kernel: [    0.635242] pci 0000:00:18.0:   PREFETCH window: 0x000000dca00000-0x000000dcafffff
Jan 10 01:44:36 moodle kernel: [    0.635351] pci 0000:00:18.1: PCI bridge, secondary bus 0000:1c
Jan 10 01:44:36 moodle kernel: [    0.635461] pci 0000:00:18.1:   IO window: 0xb000-0xbfff
Jan 10 01:44:36 moodle kernel: [    0.635570] pci 0000:00:18.1:   MEM window: 0xda400000-0xda4fffff
Jan 10 01:44:36 moodle kernel: [    0.635642] pci 0000:00:18.1:   PREFETCH window: 0x000000dce00000-0x000000dcefffff
Jan 10 01:44:36 moodle kernel: [    0.635752] pci 0000:00:18.2: PCI bridge, secondary bus 0000:1d
Jan 10 01:44:36 moodle kernel: [    0.635861] pci 0000:00:18.2:   IO window: 0xf000-0xffff
Jan 10 01:44:36 moodle kernel: [    0.635971] pci 0000:00:18.2:   MEM window: 0xda800000-0xda8fffff
Jan 10 01:44:36 moodle kernel: [    0.636080] pci 0000:00:18.2:   PREFETCH window: 0x000000dd200000-0x000000dd2fffff
Jan 10 01:44:36 moodle kernel: [    0.636189] pci 0000:00:18.3: PCI bridge, secondary bus 0000:1e
Jan 10 01:44:36 moodle kernel: [    0.636299] pci 0000:00:18.3:   IO window: disabled
Jan 10 01:44:36 moodle kernel: [    0.636408] pci 0000:00:18.3:   MEM window: 0xdac00000-0xdacfffff
Jan 10 01:44:36 moodle kernel: [    0.636518] pci 0000:00:18.3:   PREFETCH window: 0x000000dd600000-0x000000dd6fffff
Jan 10 01:44:36 moodle kernel: [    0.636627] pci 0000:00:18.4: PCI bridge, secondary bus 0000:1f
Jan 10 01:44:36 moodle kernel: [    0.636737] pci 0000:00:18.4:   IO window: disabled
Jan 10 01:44:36 moodle kernel: [    0.636846] pci 0000:00:18.4:   MEM window: 0xdb000000-0xdb0fffff
Jan 10 01:44:36 moodle kernel: [    0.636956] pci 0000:00:18.4:   PREFETCH window: 0x000000dda00000-0x000000ddafffff
Jan 10 01:44:36 moodle kernel: [    0.637065] pci 0000:00:18.5: PCI bridge, secondary bus 0000:20
Jan 10 01:44:36 moodle kernel: [    0.637175] pci 0000:00:18.5:   IO window: disabled
Jan 10 01:44:36 moodle kernel: [    0.637284] pci 0000:00:18.5:   MEM window: 0xdb400000-0xdb4fffff
Jan 10 01:44:36 moodle kernel: [    0.637394] pci 0000:00:18.5:   PREFETCH window: 0x000000dde00000-0x000000ddefffff
Jan 10 01:44:36 moodle kernel: [    0.637503] pci 0000:00:18.6: PCI bridge, secondary bus 0000:21
Jan 10 01:44:36 moodle kernel: [    0.637613] pci 0000:00:18.6:   IO window: disabled
Jan 10 01:44:36 moodle kernel: [    0.637722] pci 0000:00:18.6:   MEM window: 0xdb800000-0xdb8fffff
Jan 10 01:44:36 moodle kernel: [    0.637832] pci 0000:00:18.6:   PREFETCH window: 0x000000de200000-0x000000de2fffff
Jan 10 01:44:36 moodle kernel: [    0.637941] pci 0000:00:18.7: PCI bridge, secondary bus 0000:22
Jan 10 01:44:36 moodle kernel: [    0.638051] pci 0000:00:18.7:   IO window: disabled
Jan 10 01:44:36 moodle kernel: [    0.638160] pci 0000:00:18.7:   MEM window: 0xdbc00000-0xdbcfffff
Jan 10 01:44:36 moodle kernel: [    0.638270] pci 0000:00:18.7:   PREFETCH window: 0x000000de600000-0x000000de6fffff
Jan 10 01:44:36 moodle kernel: [    0.640671] NET: Registered protocol family 2
Jan 10 01:44:36 moodle kernel: [    0.640780] IP route cache hash table entries: 2048 (order: 1, 8192 bytes)
Jan 10 01:44:36 moodle kernel: [    0.640890] TCP established hash table entries: 8192 (order: 4, 65536 bytes)
Jan 10 01:44:36 moodle kernel: [    0.640999] TCP bind hash table entries: 8192 (order: 4, 65536 bytes)
Jan 10 01:44:36 moodle kernel: [    0.641109] TCP: Hash tables configured (established 8192 bind 8192)
Jan 10 01:44:36 moodle kernel: [    0.641218] TCP reno registered
Jan 10 01:44:36 moodle kernel: [    0.641328] NET: Registered protocol family 1
Jan 10 01:44:36 moodle kernel: [    0.641437] pci 0000:00:00.0: Limiting direct PCI/PCI transfers
Jan 10 01:44:36 moodle kernel: [    0.641635] Simple Boot Flag at 0x36 set to 0x1
Jan 10 01:44:36 moodle kernel: [    0.641744] cpufreq-nforce2: No nForce2 chipset.
Jan 10 01:44:36 moodle kernel: [    0.641854] Scanning for low memory corruption every 60 seconds
Jan 10 01:44:36 moodle kernel: [    0.642035] audit: initializing netlink socket (disabled)
Jan 10 01:44:36 moodle kernel: [    0.642144] type=2000 audit(1357782272.520:1): initialized
Jan 10 01:44:36 moodle kernel: [    0.647770] Trying to unpack rootfs image as initramfs...
Jan 10 01:44:36 moodle kernel: [    0.655787] HugeTLB registered 4 MB page size, pre-allocated 0 pages
Jan 10 01:44:36 moodle kernel: [    0.659710] VFS: Disk quotas dquot_6.5.2
Jan 10 01:44:36 moodle kernel: [    0.659819] Dquot-cache hash table entries: 1024 (order 0, 4096 bytes)
Jan 10 01:44:36 moodle kernel: [    0.659971] fuse init (API version 7.13)
Jan 10 01:44:36 moodle kernel: [    0.660081] msgmni has been set to 468
Jan 10 01:44:36 moodle kernel: [    0.663709] alg: No test for stdrng (krng)
Jan 10 01:44:36 moodle kernel: [    0.663851] Block layer SCSI generic (bsg) driver version 0.4 loaded (major 253)
Jan 10 01:44:36 moodle kernel: [    0.663960] io scheduler noop registered
Jan 10 01:44:36 moodle kernel: [    0.664059] io scheduler anticipatory registered
Jan 10 01:44:36 moodle kernel: [    0.664160] io scheduler deadline registered
Jan 10 01:44:36 moodle kernel: [    0.664270] io scheduler cfq registered (default)
Jan 10 01:44:36 moodle kernel: [    0.678703] pci_hotplug: PCI Hot Plug PCI Core version: 0.5
Jan 10 01:44:36 moodle kernel: [    0.687558] pciehp 0000:00:15.0:pcie04: HPC vendor_id 15ad device_id 7a0 ss_vid 0 ss_did 0
Jan 10 01:44:36 moodle kernel: [    0.687777] pciehp 0000:00:15.1:pcie04: HPC vendor_id 15ad device_id 7a0 ss_vid 0 ss_did 0
Jan 10 01:44:36 moodle kernel: [    0.687995] pciehp 0000:00:15.2:pcie04: HPC vendor_id 15ad device_id 7a0 ss_vid 0 ss_did 0
Jan 10 01:44:36 moodle kernel: [    0.688214] pciehp 0000:00:15.3:pcie04: HPC vendor_id 15ad device_id 7a0 ss_vid 0 ss_did 0
Jan 10 01:44:36 moodle kernel: [    0.688433] pciehp 0000:00:15.4:pcie04: HPC vendor_id 15ad device_id 7a0 ss_vid 0 ss_did 0
Jan 10 01:44:36 moodle kernel: [    0.688652] pciehp 0000:00:15.5:pcie04: HPC vendor_id 15ad device_id 7a0 ss_vid 0 ss_did 0
Jan 10 01:44:36 moodle kernel: [    0.688871] pciehp 0000:00:15.6:pcie04: HPC vendor_id 15ad device_id 7a0 ss_vid 0 ss_did 0
Jan 10 01:44:36 moodle kernel: [    0.689090] pciehp 0000:00:15.7:pcie04: HPC vendor_id 15ad device_id 7a0 ss_vid 0 ss_did 0
Jan 10 01:44:36 moodle kernel: [    0.689309] pciehp 0000:00:16.0:pcie04: HPC vendor_id 15ad device_id 7a0 ss_vid 0 ss_did 0
Jan 10 01:44:36 moodle kernel: [    0.689528] pciehp 0000:00:16.1:pcie04: HPC vendor_id 15ad device_id 7a0 ss_vid 0 ss_did 0
Jan 10 01:44:36 moodle kernel: [    0.689747] pciehp 0000:00:16.2:pcie04: HPC vendor_id 15ad device_id 7a0 ss_vid 0 ss_did 0
Jan 10 01:44:36 moodle kernel: [    0.689966] pciehp 0000:00:16.3:pcie04: HPC vendor_id 15ad device_id 7a0 ss_vid 0 ss_did 0
Jan 10 01:44:36 moodle kernel: [    0.690185] pciehp 0000:00:16.4:pcie04: HPC vendor_id 15ad device_id 7a0 ss_vid 0 ss_did 0
Jan 10 01:44:36 moodle kernel: [    0.690404] pciehp 0000:00:16.5:pcie04: HPC vendor_id 15ad device_id 7a0 ss_vid 0 ss_did 0
Jan 10 01:44:36 moodle kernel: [    0.690623] pciehp 0000:00:16.6:pcie04: HPC vendor_id 15ad device_id 7a0 ss_vid 0 ss_did 0
Jan 10 01:44:36 moodle kernel: [    0.690842] pciehp 0000:00:16.7:pcie04: HPC vendor_id 15ad device_id 7a0 ss_vid 0 ss_did 0
Jan 10 01:44:36 moodle kernel: [    0.691061] pciehp 0000:00:17.0:pcie04: HPC vendor_id 15ad device_id 7a0 ss_vid 0 ss_did 0
Jan 10 01:44:36 moodle kernel: [    0.691280] pciehp 0000:00:17.1:pcie04: HPC vendor_id 15ad device_id 7a0 ss_vid 0 ss_did 0
Jan 10 01:44:36 moodle kernel: [    0.691731] pciehp 0000:00:17.2:pcie04: HPC vendor_id 15ad device_id 7a0 ss_vid 0 ss_did 0
Jan 10 01:44:36 moodle kernel: [    0.691950] pciehp 0000:00:17.3:pcie04: HPC vendor_id 15ad device_id 7a0 ss_vid 0 ss_did 0
Jan 10 01:44:36 moodle kernel: [    0.692169] pciehp 0000:00:17.4:pcie04: HPC vendor_id 15ad device_id 7a0 ss_vid 0 ss_did 0
Jan 10 01:44:36 moodle kernel: [    0.692387] pciehp 0000:00:17.5:pcie04: HPC vendor_id 15ad device_id 7a0 ss_vid 0 ss_did 0
Jan 10 01:44:36 moodle kernel: [    0.692606] pciehp 0000:00:17.6:pcie04: HPC vendor_id 15ad device_id 7a0 ss_vid 0 ss_did 0
Jan 10 01:44:36 moodle kernel: [    0.692825] pciehp 0000:00:17.7:pcie04: HPC vendor_id 15ad device_id 7a0 ss_vid 0 ss_did 0
Jan 10 01:44:36 moodle kernel: [    0.693044] pciehp 0000:00:18.0:pcie04: HPC vendor_id 15ad device_id 7a0 ss_vid 0 ss_did 0
Jan 10 01:44:36 moodle kernel: [    0.693263] pciehp 0000:00:18.1:pcie04: HPC vendor_id 15ad device_id 7a0 ss_vid 0 ss_did 0
Jan 10 01:44:36 moodle kernel: [    0.693482] pciehp 0000:00:18.2:pcie04: HPC vendor_id 15ad device_id 7a0 ss_vid 0 ss_did 0
Jan 10 01:44:36 moodle kernel: [    0.693701] pciehp 0000:00:18.3:pcie04: HPC vendor_id 15ad device_id 7a0 ss_vid 0 ss_did 0
Jan 10 01:44:36 moodle kernel: [    0.693920] pciehp 0000:00:18.4:pcie04: HPC vendor_id 15ad device_id 7a0 ss_vid 0 ss_did 0
Jan 10 01:44:36 moodle kernel: [    0.694139] pciehp 0000:00:18.5:pcie04: HPC vendor_id 15ad device_id 7a0 ss_vid 0 ss_did 0
Jan 10 01:44:36 moodle kernel: [    0.694358] pciehp 0000:00:18.6:pcie04: HPC vendor_id 15ad device_id 7a0 ss_vid 0 ss_did 0
Jan 10 01:44:36 moodle kernel: [    0.694577] pciehp 0000:00:18.7:pcie04: HPC vendor_id 15ad device_id 7a0 ss_vid 0 ss_did 0
Jan 10 01:44:36 moodle kernel: [    0.694695] pciehp: PCI Express Hot Plug Controller Driver version: 0.4
Jan 10 01:44:36 moodle kernel: [    0.694811] ACPI: AC Adapter [ACAD] (on-line)
Jan 10 01:44:36 moodle kernel: [    0.699582] input: Power Button as /devices/LNXSYSTM:00/LNXPWRBN:00/input/input0
Jan 10 01:44:36 moodle kernel: [    0.699692] ACPI: Power Button [PWRF]
Jan 10 01:44:36 moodle kernel: [    0.699801] processor LNXCPU:00: registered as cooling_device0
Jan 10 01:44:36 moodle kernel: [    0.763946] Serial: 8250/16550 driver, 4 ports, IRQ sharing enabled
Jan 10 01:44:36 moodle kernel: [    0.764055] serial8250: ttyS0 at I/O 0x3f8 (irq = 4) is a 16550A
Jan 10 01:44:36 moodle kernel: [    0.764165] serial8250: ttyS1 at I/O 0x2f8 (irq = 3) is a 16550A
Jan 10 01:44:36 moodle kernel: [    0.764274] 00:09: ttyS0 at I/O 0x3f8 (irq = 4) is a 16550A
Jan 10 01:44:36 moodle kernel: [    0.764384] 00:0a: ttyS1 at I/O 0x2f8 (irq = 3) is a 16550A
Jan 10 01:44:36 moodle kernel: [    0.764493] brd: module loaded
Jan 10 01:44:36 moodle kernel: [    0.764603] loop: module loaded
Jan 10 01:44:36 moodle kernel: [    0.764712] input: Macintosh mouse button emulation as /devices/virtual/input/input1
Jan 10 01:44:36 moodle kernel: [    0.764966] isapnp: Scanning for PnP cards...
Jan 10 01:44:36 moodle kernel: [    0.770702] scsi0 : ata_piix
Jan 10 01:44:36 moodle kernel: [    0.775521] scsi1 : ata_piix
Jan 10 01:44:36 moodle kernel: [    0.775631] ata1: PATA max UDMA/33 cmd 0x1f0 ctl 0x3f6 bmdma 0x10c0 irq 14
Jan 10 01:44:36 moodle kernel: [    0.775740] ata2: PATA max UDMA/33 cmd 0x170 ctl 0x376 bmdma 0x10c8 irq 15
Jan 10 01:44:36 moodle kernel: [    0.775963] Fixed MDIO Bus: probed
Jan 10 01:44:36 moodle kernel: [    0.776073] PPP generic driver version 2.4.2
Jan 10 01:44:36 moodle kernel: [    0.776182] tun: Universal TUN/TAP device driver, 1.6
Jan 10 01:44:36 moodle kernel: [    0.776292] tun: (C) 1999-2004 Max Krasnyansky <maxk@qualcomm.com>
Jan 10 01:44:36 moodle kernel: [    0.776401] ehci_hcd: USB 2.0 'Enhanced' Host Controller (EHCI) Driver
Jan 10 01:44:36 moodle kernel: [    0.776511] ohci_hcd: USB 1.1 'Open' Host Controller (OHCI) Driver
Jan 10 01:44:36 moodle kernel: [    0.776620] uhci_hcd: USB Universal Host Controller Interface driver
Jan 10 01:44:36 moodle kernel: [    0.776730] PNP: PS/2 Controller [PNP0303:KBC,PNP0f13:MOUS] at 0x60,0x64 irq 1,12
Jan 10 01:44:36 moodle kernel: [    1.541879] ata2.00: ATAPI: VMware Virtual IDE CDROM Drive, 00000001, max UDMA/33
Jan 10 01:44:36 moodle kernel: [    1.542370] ata2.00: configured for UDMA/33
Jan 10 01:44:36 moodle kernel: [    1.554570] Freeing initrd memory: 9817k freed
Jan 10 01:44:36 moodle kernel: [    1.772350] isapnp: No Plug & Play device found
Jan 10 01:44:36 moodle kernel: [    1.772706] scsi 1:0:0:0: CD-ROM            NECVMWar VMware IDE CDR10 1.00 PQ: 0 ANSI: 5
Jan 10 01:44:36 moodle kernel: [    1.773864] sr0: scsi3-mmc drive: 1x/1x writer dvd-ram cd/rw xa/form2 cdda tray
Jan 10 01:44:36 moodle kernel: [    1.774038] Uniform CD-ROM driver Revision: 3.20
Jan 10 01:44:36 moodle kernel: [    1.774262] sr 1:0:0:0: Attached scsi generic sg0 type 5
Jan 10 01:44:36 moodle kernel: [    1.774522] serio: i8042 KBD port at 0x60,0x64 irq 1
Jan 10 01:44:36 moodle kernel: [    1.774634] serio: i8042 AUX port at 0x60,0x64 irq 12
Jan 10 01:44:36 moodle kernel: [    1.774817] mice: PS/2 mouse device common for all mice
Jan 10 01:44:36 moodle kernel: [    1.775142] rtc_cmos 00:04: rtc core: registered rtc_cmos as rtc0
Jan 10 01:44:36 moodle kernel: [    1.775403] rtc0: alarms up to one month, y3k, 114 bytes nvram
Jan 10 01:44:36 moodle kernel: [    1.775599] device-mapper: uevent: version 1.0.3
Jan 10 01:44:36 moodle kernel: [    1.775846] device-mapper: ioctl: 4.15.0-ioctl (2009-04-01) initialised: dm-devel@redhat.com
Jan 10 01:44:36 moodle kernel: [    1.776169] device-mapper: multipath: version 1.1.0 loaded
Jan 10 01:44:36 moodle kernel: [    1.776320] device-mapper: multipath round-robin: version 1.0.0 loaded
Jan 10 01:44:36 moodle kernel: [    1.776598] EISA: Probing bus 0 at eisa.0
Jan 10 01:44:36 moodle kernel: [    1.776770] Cannot allocate resource for EISA slot 1
Jan 10 01:44:36 moodle kernel: [    1.776880] Cannot allocate resource for EISA slot 2
Jan 10 01:44:36 moodle kernel: [    1.777000] Cannot allocate resource for EISA slot 3
Jan 10 01:44:36 moodle kernel: [    1.777104] Cannot allocate resource for EISA slot 4
Jan 10 01:44:36 moodle kernel: [    1.777208] Cannot allocate resource for EISA slot 5
Jan 10 01:44:36 moodle kernel: [    1.777313] Cannot allocate resource for EISA slot 6
Jan 10 01:44:36 moodle kernel: [    1.777416] Cannot allocate resource for EISA slot 7
Jan 10 01:44:36 moodle kernel: [    1.777519] Cannot allocate resource for EISA slot 8
Jan 10 01:44:36 moodle kernel: [    1.777622] EISA: Detected 0 cards.
Jan 10 01:44:36 moodle kernel: [    1.777785] input: AT Translated Set 2 keyboard as /devices/platform/i8042/serio0/input/input2
Jan 10 01:44:36 moodle kernel: [    1.778046] cpuidle: using governor ladder
Jan 10 01:44:36 moodle kernel: [    1.778146] cpuidle: using governor menu
Jan 10 01:44:36 moodle kernel: [    1.778362] TCP cubic registered
Jan 10 01:44:36 moodle kernel: [    1.778543] NET: Registered protocol family 10
Jan 10 01:44:36 moodle kernel: [    1.778760] NET: Registered protocol family 17
Jan 10 01:44:36 moodle kernel: [    1.778904] Using IPI No-Shortcut mode
Jan 10 01:44:36 moodle kernel: [    1.779054] registered taskstats version 1
Jan 10 01:44:36 moodle kernel: [    1.782097]   Magic number: 13:505:710
Jan 10 01:44:36 moodle kernel: [    1.802128] rtc_cmos 00:04: setting system clock to 2013-01-10 01:44:34 UTC (1357782274)
Jan 10 01:44:36 moodle kernel: [    1.802305] BIOS EDD facility v0.16 2004-Jun-25, 0 devices found
Jan 10 01:44:36 moodle kernel: [    1.802416] EDD information not available.
Jan 10 01:44:36 moodle kernel: [    1.802561] Freeing unused kernel memory: 664k freed
Jan 10 01:44:36 moodle kernel: [    1.802778] Write protecting the kernel text: 4700k
Jan 10 01:44:36 moodle kernel: [    1.802901] Write protecting the kernel read-only data: 1852k
Jan 10 01:44:36 moodle kernel: [    1.814232] ramzswap: disk size set to 125292 kB
Jan 10 01:44:36 moodle kernel: [    1.816963] udev: starting version 151
Jan 10 01:44:36 moodle kernel: [    1.850064] Adding 125288k swap on /dev/ramzswap0.  Priority:100 extents:1 across:125288k SS
Jan 10 01:44:36 moodle kernel: [    1.913901] vga16fb: mapped to 0xc00a0000
Jan 10 01:44:36 moodle kernel: [    1.914039] fb0: VGA16 VGA frame buffer device
Jan 10 01:44:36 moodle kernel: [    1.914810] Fusion MPT base driver 3.04.12
Jan 10 01:44:36 moodle kernel: [    1.914912] Copyright (c) 1999-2008 LSI Corporation
Jan 10 01:44:36 moodle kernel: [    1.915442] Fusion MPT SPI Host driver 3.04.12
Jan 10 01:44:36 moodle kernel: [    1.915603] mptspi 0000:00:10.0: PCI INT A -> GSI 17 (level, low) -> IRQ 17
Jan 10 01:44:36 moodle kernel: [    1.918074] pcnet32.c:v1.35 21.Apr.2008 tsbogend@alpha.franken.de
Jan 10 01:44:36 moodle kernel: [    1.918228] pcnet32 0000:02:00.0: PCI INT A -> GSI 18 (level, low) -> IRQ 18
Jan 10 01:44:36 moodle kernel: [    1.918445] pcnet32: PCnet/PCI II 79C970A at 0x2000, 00:50:56:93:58:2d assigned IRQ 18.
Jan 10 01:44:36 moodle kernel: [    1.919153] Floppy drive(s): fd0 is 1.44M
Jan 10 01:44:36 moodle kernel: [    1.919944] Linux agpgart interface v0.103
Jan 10 01:44:36 moodle kernel: [    1.922862] eth0: registered as PCnet/PCI II 79C970A
Jan 10 01:44:36 moodle kernel: [    1.925462] pcnet32: 1 cards_found.
Jan 10 01:44:36 moodle kernel: [    1.934226] FDC 0 is a post-1991 82077
Jan 10 01:44:36 moodle kernel: [    1.938486] mptbase: ioc0: Initiating bringup
Jan 10 01:44:36 moodle kernel: [    2.093553] Console: switching to colour frame buffer device 80x30
Jan 10 01:44:36 moodle kernel: [    2.165449] ioc0: LSI53C1030 B0: Capabilities={Initiator}
Jan 10 01:44:36 moodle kernel: [    2.325067] scsi2 : ioc0: LSI53C1030 B0, FwRev=01032920h, Ports=1, MaxQ=128, IRQ=17
Jan 10 01:44:36 moodle kernel: [    2.436977] agpgart-intel 0000:00:00.0: Intel 440BX Chipset
Jan 10 01:44:36 moodle kernel: [    2.437038] agpgart-intel 0000:00:00.0: AGP aperture is 256M @ 0x0
Jan 10 01:44:36 moodle kernel: [    2.441389] scsi 2:0:0:0: Direct-Access     VMware   Virtual disk     1.0  PQ: 0 ANSI: 2
Jan 10 01:44:36 moodle kernel: [    2.444807] scsi target2:0:0: Beginning Domain Validation
Jan 10 01:44:36 moodle kernel: [    2.448827] scsi target2:0:0: Domain Validation skipping write tests
Jan 10 01:44:36 moodle kernel: [    2.452782] scsi target2:0:0: Ending Domain Validation
Jan 10 01:44:36 moodle kernel: [    2.456815] scsi target2:0:0: FAST-40 WIDE SCSI 80.0 MB/s ST (25 ns, offset 127)
Jan 10 01:44:36 moodle kernel: [    2.461243] sd 2:0:0:0: [sda] 20971520 512-byte logical blocks: (10.7 GB/10.0 GiB)
Jan 10 01:44:36 moodle kernel: [    2.464892] sd 2:0:0:0: Attached scsi generic sg1 type 0
Jan 10 01:44:36 moodle kernel: [    2.468803] sd 2:0:0:0: [sda] Write Protect is off
Jan 10 01:44:36 moodle kernel: [    2.469731] sd 2:0:0:0: [sda] Cache data unavailable
Jan 10 01:44:36 moodle kernel: [    2.476995] sd 2:0:0:0: [sda] Cache data unavailable
Jan 10 01:44:36 moodle kernel: [    2.484733]  sda: sda1 sda2 < sda5 >
Jan 10 01:44:36 moodle kernel: [    2.497144] sd 2:0:0:0: [sda] Cache data unavailable
Jan 10 01:44:36 moodle kernel: [    2.504701] sd 2:0:0:0: [sda] Attached SCSI disk
Jan 10 01:44:36 moodle kernel: [    2.772509] EXT4-fs (dm-0): INFO: recovery required on readonly filesystem
Jan 10 01:44:36 moodle kernel: [    2.772554] EXT4-fs (dm-0): write access will be enabled during recovery
Jan 10 01:44:36 moodle kernel: [    2.995031] EXT4-fs (dm-0): orphan cleanup on readonly fs
Jan 10 01:44:36 moodle kernel: [    3.000079] EXT4-fs (dm-0): 5 orphan inodes deleted
Jan 10 01:44:36 moodle kernel: [    3.000170] EXT4-fs (dm-0): recovery complete
Jan 10 01:44:36 moodle kernel: [    3.005473] EXT4-fs (dm-0): mounted filesystem with ordered data mode
Jan 10 01:44:36 moodle kernel: [    3.375992] Adding 438264k swap on /dev/mapper/turnkey-swap_1.  Priority:-1 extents:1 across:438264k 
Jan 10 01:44:36 moodle kernel: [    3.504036] udev: starting version 151
Jan 10 01:44:36 moodle kernel: [    3.635580] shpchp: Standard Hot Plug PCI Controller Driver version: 0.4
Jan 10 01:44:36 moodle kernel: [    3.644939] ACPI: resource piix4_smbus [0x1040-0x1047] conflicts with ACPI region SMB_ [0x1040-0x104b]
Jan 10 01:44:36 moodle kernel: [    3.644942] ACPI: If an ACPI driver is available for this device, you should use it instead of the native driver
Jan 10 01:44:36 moodle kernel: [    3.659349] input: ImPS/2 Generic Wheel Mouse as /devices/platform/i8042/serio1/input/input3
Jan 10 01:44:36 moodle kernel: [    3.783413] parport_pc 00:08: reported by Plug and Play ACPI
Jan 10 01:44:36 moodle kernel: [    3.783524] parport0: PC-style at 0x378, irq 7 [PCSPP,TRISTATE]
Jan 10 01:44:36 moodle kernel: [    3.786818] ppdev: user-space parallel port driver
Jan 10 01:44:36 moodle kernel: [    3.982971] udev: renamed network interface eth0 to eth2
Jan 10 06:25:05 moodle rsyslogd: [origin software="rsyslogd" swVersion="4.2.0" x-pid="657" x-info="http://www.rsyslog.com"] rsyslogd was HUPed, type 'lightweight'.
Jan 10 13:45:56 moodle kernel: imklog 4.2.0, log source = /proc/kmsg started.
Jan 10 13:45:56 moodle rsyslogd: [origin software="rsyslogd" swVersion="4.2.0" x-pid="390" x-info="http://www.rsyslog.com"] (re)start
Jan 10 13:45:56 moodle rsyslogd: rsyslogd's groupid changed to 104
Jan 10 13:45:56 moodle rsyslogd: rsyslogd's userid changed to 102
Jan 10 13:45:56 moodle kernel: [    0.000000] Initializing cgroup subsys cpuset
Jan 10 13:45:56 moodle kernel: [    0.000000] Initializing cgroup subsys cpu
Jan 10 13:45:56 moodle kernel: [    0.000000] Linux version 2.6.32-43-generic (buildd@roseapple) (gcc version 4.4.3 (Ubuntu 4.4.3-4ubuntu5.1) ) #97-Ubuntu SMP Wed Sep 5 16:43:09 UTC 2012 (Ubuntu 2.6.32-43.97-generic 2.6.32.59+drm33.24)
Jan 10 13:45:56 moodle kernel: [    0.000000] KERNEL supported cpus:
Jan 10 13:45:56 moodle kernel: [    0.000000]   Intel GenuineIntel
Jan 10 13:45:56 moodle kernel: [    0.000000]   AMD AuthenticAMD
Jan 10 13:45:56 moodle kernel: [    0.000000]   NSC Geode by NSC
Jan 10 13:45:56 moodle kernel: [    0.000000]   Cyrix CyrixInstead
Jan 10 13:45:56 moodle kernel: [    0.000000]   Centaur CentaurHauls
Jan 10 13:45:56 moodle kernel: [    0.000000]   Transmeta GenuineTMx86
Jan 10 13:45:56 moodle kernel: [    0.000000]   Transmeta TransmetaCPU
Jan 10 13:45:56 moodle kernel: [    0.000000]   UMC UMC UMC UMC
Jan 10 13:45:56 moodle kernel: [    0.000000] BIOS-provided physical RAM map:
Jan 10 13:45:56 moodle kernel: [    0.000000]  BIOS-e820: 0000000000000000 - 000000000009f800 (usable)
Jan 10 13:45:56 moodle kernel: [    0.000000]  BIOS-e820: 000000000009f800 - 00000000000a0000 (reserved)
Jan 10 13:45:56 moodle kernel: [    0.000000]  BIOS-e820: 00000000000ca000 - 00000000000cc000 (reserved)
Jan 10 13:45:56 moodle kernel: [    0.000000]  BIOS-e820: 00000000000dc000 - 00000000000e4000 (reserved)
Jan 10 13:45:56 moodle kernel: [    0.000000]  BIOS-e820: 00000000000e8000 - 0000000000100000 (reserved)
Jan 10 13:45:56 moodle kernel: [    0.000000]  BIOS-e820: 0000000000100000 - 000000000fef0000 (usable)
Jan 10 13:45:56 moodle kernel: [    0.000000]  BIOS-e820: 000000000fef0000 - 000000000feff000 (ACPI data)
Jan 10 13:45:56 moodle kernel: [    0.000000]  BIOS-e820: 000000000feff000 - 000000000ff00000 (ACPI NVS)
Jan 10 13:45:56 moodle kernel: [    0.000000]  BIOS-e820: 000000000ff00000 - 0000000010000000 (usable)
Jan 10 13:45:56 moodle kernel: [    0.000000]  BIOS-e820: 00000000e0000000 - 00000000f0000000 (reserved)
Jan 10 13:45:56 moodle kernel: [    0.000000]  BIOS-e820: 00000000fec00000 - 00000000fec10000 (reserved)
Jan 10 13:45:56 moodle kernel: [    0.000000]  BIOS-e820: 00000000fee00000 - 00000000fee01000 (reserved)
Jan 10 13:45:56 moodle kernel: [    0.000000]  BIOS-e820: 00000000fffe0000 - 0000000100000000 (reserved)
Jan 10 13:45:56 moodle kernel: [    0.000000] DMI present.
Jan 10 13:45:56 moodle kernel: [    0.000000] Phoenix BIOS detected: BIOS may corrupt low RAM, working around it.
Jan 10 13:45:56 moodle kernel: [    0.000000] last_pfn = 0x10000 max_arch_pfn = 0x100000
Jan 10 13:45:56 moodle kernel: [    0.000000] x86 PAT enabled: cpu 0, old 0x0, new 0x7010600070106
Jan 10 13:45:56 moodle kernel: [    0.000000] Scanning 0 areas for low memory corruption
Jan 10 13:45:56 moodle kernel: [    0.000000] modified physical RAM map:
Jan 10 13:45:56 moodle kernel: [    0.000000]  modified: 0000000000000000 - 0000000000010000 (reserved)
Jan 10 13:45:56 moodle kernel: [    0.000000]  modified: 0000000000010000 - 000000000009f800 (usable)
Jan 10 13:45:56 moodle kernel: [    0.000000]  modified: 000000000009f800 - 00000000000a0000 (reserved)
Jan 10 13:45:56 moodle kernel: [    0.000000]  modified: 00000000000ca000 - 00000000000cc000 (reserved)
Jan 10 13:45:56 moodle kernel: [    0.000000]  modified: 00000000000dc000 - 00000000000e4000 (reserved)
Jan 10 13:45:56 moodle kernel: [    0.000000]  modified: 00000000000e8000 - 0000000000100000 (reserved)
Jan 10 13:45:56 moodle kernel: [    0.000000]  modified: 0000000000100000 - 000000000fef0000 (usable)
Jan 10 13:45:56 moodle kernel: [    0.000000]  modified: 000000000fef0000 - 000000000feff000 (ACPI data)
Jan 10 13:45:56 moodle kernel: [    0.000000]  modified: 000000000feff000 - 000000000ff00000 (ACPI NVS)
Jan 10 13:45:56 moodle kernel: [    0.000000]  modified: 000000000ff00000 - 0000000010000000 (usable)
Jan 10 13:45:56 moodle kernel: [    0.000000]  modified: 00000000e0000000 - 00000000f0000000 (reserved)
Jan 10 13:45:56 moodle kernel: [    0.000000]  modified: 00000000fec00000 - 00000000fec10000 (reserved)
Jan 10 13:45:56 moodle kernel: [    0.000000]  modified: 00000000fee00000 - 00000000fee01000 (reserved)
Jan 10 13:45:56 moodle kernel: [    0.000000]  modified: 00000000fffe0000 - 0000000100000000 (reserved)
Jan 10 13:45:56 moodle kernel: [    0.000000] init_memory_mapping: 0000000000000000-0000000010000000
Jan 10 13:45:56 moodle kernel: [    0.000000] Using x86 segment limits to approximate NX protection
Jan 10 13:45:56 moodle kernel: [    0.000000] RAMDISK: 0b5dd000 - 0bf734aa
Jan 10 13:45:56 moodle kernel: [    0.000000] ACPI: RSDP 000f6940 00024 (v02 PTLTD )
Jan 10 13:45:56 moodle kernel: [    0.000000] ACPI: XSDT 0fef0885 0004C (v01 INTEL  440BX    06040000 VMW  01324272)
Jan 10 13:45:56 moodle kernel: [    0.000000] ACPI: FACP 0fefee98 000F4 (v04 INTEL  440BX    06040000 PTL  000F4240)
Jan 10 13:45:56 moodle kernel: [    0.000000] ACPI: DSDT 0fef0a3d 0E45B (v01 PTLTD  Custom   06040000 MSFT 03000001)
Jan 10 13:45:56 moodle kernel: [    0.000000] ACPI: FACS 0fefffc0 00040
Jan 10 13:45:56 moodle kernel: [    0.000000] ACPI: BOOT 0fef0a15 00028 (v01 PTLTD  $SBFTBL$ 06040000  LTP 00000001)
Jan 10 13:45:56 moodle kernel: [    0.000000] ACPI: APIC 0fef09c5 00050 (v01 PTLTD  ? APIC   06040000  LTP 00000000)
Jan 10 13:45:56 moodle kernel: [    0.000000] ACPI: MCFG 0fef0989 0003C (v01 PTLTD  $PCITBL$ 06040000  LTP 00000001)
Jan 10 13:45:56 moodle kernel: [    0.000000] ACPI: SRAT 0fef0909 00080 (v02 VMWARE MEMPLUG  06040000 VMW  00000001)
Jan 10 13:45:56 moodle kernel: [    0.000000] 0MB HIGHMEM available.
Jan 10 13:45:56 moodle kernel: [    0.000000] 256MB LOWMEM available.
Jan 10 13:45:56 moodle kernel: [    0.000000]   mapped low ram: 0 - 10000000
Jan 10 13:45:56 moodle kernel: [    0.000000]   low ram: 0 - 10000000
Jan 10 13:45:56 moodle kernel: [    0.000000]   node 0 low ram: 00000000 - 10000000
Jan 10 13:45:56 moodle kernel: [    0.000000]   node 0 bootmap 00010000 - 00012000
Jan 10 13:45:56 moodle kernel: [    0.000000] (8 early reservations) ==> bootmem [0000000000 - 0010000000]
Jan 10 13:45:56 moodle kernel: [    0.000000]   #0 [0000000000 - 0000001000]   BIOS data page ==> [0000000000 - 0000001000]
Jan 10 13:45:56 moodle kernel: [    0.000000]   #1 [0000001000 - 0000002000]    EX TRAMPOLINE ==> [0000001000 - 0000002000]
Jan 10 13:45:56 moodle kernel: [    0.000000]   #2 [0000006000 - 0000007000]       TRAMPOLINE ==> [0000006000 - 0000007000]
Jan 10 13:45:56 moodle kernel: [    0.000000]   #3 [0000100000 - 00008e5ed8]    TEXT DATA BSS ==> [0000100000 - 00008e5ed8]
Jan 10 13:45:56 moodle kernel: [    0.000000]   #4 [000b5dd000 - 000bf734aa]          RAMDISK ==> [000b5dd000 - 000bf734aa]
Jan 10 13:45:56 moodle kernel: [    0.000000]   #5 [000009f800 - 0000100000]    BIOS reserved ==> [000009f800 - 0000100000]
Jan 10 13:45:56 moodle kernel: [    0.000000]   #6 [00008e6000 - 00008e91c0]              BRK ==> [00008e6000 - 00008e91c0]
Jan 10 13:45:56 moodle kernel: [    0.000000]   #7 [0000010000 - 0000012000]          BOOTMAP ==> [0000010000 - 0000012000]
Jan 10 13:45:56 moodle kernel: [    0.000000] found SMP MP-table at [c00f69b0] f69b0
Jan 10 13:45:56 moodle kernel: [    0.000000] Zone PFN ranges:
Jan 10 13:45:56 moodle kernel: [    0.000000]   DMA      0x00000010 -> 0x00001000
Jan 10 13:45:56 moodle kernel: [    0.000000]   Normal   0x00001000 -> 0x00010000
Jan 10 13:45:56 moodle kernel: [    0.000000]   HighMem  0x00010000 -> 0x00010000
Jan 10 13:45:56 moodle kernel: [    0.000000] Movable zone start PFN for each node
Jan 10 13:45:56 moodle kernel: [    0.000000] early_node_map[3] active PFN ranges
Jan 10 13:45:56 moodle kernel: [    0.000000]     0: 0x00000010 -> 0x0000009f
Jan 10 13:45:56 moodle kernel: [    0.000000]     0: 0x00000100 -> 0x0000fef0
Jan 10 13:45:56 moodle kernel: [    0.000000]     0: 0x0000ff00 -> 0x00010000
Jan 10 13:45:56 moodle kernel: [    0.000000] Using APIC driver default
Jan 10 13:45:56 moodle kernel: [    0.000000] ACPI: PM-Timer IO Port: 0x1008
Jan 10 13:45:56 moodle kernel: [    0.000000] ACPI: LAPIC (acpi_id[0x00] lapic_id[0x00] enabled)
Jan 10 13:45:56 moodle kernel: [    0.000000] ACPI: LAPIC_NMI (acpi_id[0x00] high edge lint[0x1])
Jan 10 13:45:56 moodle kernel: [    0.000000] ACPI: IOAPIC (id[0x01] address[0xfec00000] gsi_base[0])
Jan 10 13:45:56 moodle kernel: [    0.000000] IOAPIC[0]: apic_id 1, version 17, address 0xfec00000, GSI 0-23
Jan 10 13:45:56 moodle kernel: [    0.000000] ACPI: INT_SRC_OVR (bus 0 bus_irq 0 global_irq 2 high edge)
Jan 10 13:45:56 moodle kernel: [    0.000000] Using ACPI (MADT) for SMP configuration information
Jan 10 13:45:56 moodle kernel: [    0.000000] SMP: Allowing 1 CPUs, 0 hotplug CPUs
Jan 10 13:45:56 moodle kernel: [    0.000000] PM: Registered nosave memory: 000000000009f000 - 00000000000a0000
Jan 10 13:45:56 moodle kernel: [    0.000000] PM: Registered nosave memory: 00000000000a0000 - 00000000000ca000
Jan 10 13:45:56 moodle kernel: [    0.000000] PM: Registered nosave memory: 00000000000ca000 - 00000000000cc000
Jan 10 13:45:56 moodle kernel: [    0.000000] PM: Registered nosave memory: 00000000000cc000 - 00000000000dc000
Jan 10 13:45:56 moodle kernel: [    0.000000] PM: Registered nosave memory: 00000000000dc000 - 00000000000e4000
Jan 10 13:45:56 moodle kernel: [    0.000000] PM: Registered nosave memory: 00000000000e4000 - 00000000000e8000
Jan 10 13:45:56 moodle kernel: [    0.000000] PM: Registered nosave memory: 00000000000e8000 - 0000000000100000
Jan 10 13:45:56 moodle kernel: [    0.000000] PM: Registered nosave memory: 000000000fef0000 - 000000000feff000
Jan 10 13:45:56 moodle kernel: [    0.000000] PM: Registered nosave memory: 000000000feff000 - 000000000ff00000
Jan 10 13:45:56 moodle kernel: [    0.000000] Allocating PCI resources starting at 10000000 (gap: 10000000:d0000000)
Jan 10 13:45:56 moodle kernel: [    0.000000] Booting paravirtualized kernel on bare hardware
Jan 10 13:45:56 moodle kernel: [    0.000000] NR_CPUS:8 nr_cpumask_bits:8 nr_cpu_ids:1 nr_node_ids:1
Jan 10 13:45:56 moodle kernel: [    0.000000] PERCPU: Embedded 14 pages/cpu @c1400000 s36056 r0 d21288 u4194304
Jan 10 13:45:56 moodle kernel: [    0.000000] pcpu-alloc: s36056 r0 d21288 u4194304 alloc=1*4194304
Jan 10 13:45:56 moodle kernel: [    0.000000] pcpu-alloc: [0] 0 
Jan 10 13:45:56 moodle kernel: [    0.000000] Built 1 zonelists in Zone order, mobility grouping on.  Total pages: 64895
Jan 10 13:45:56 moodle kernel: [    0.000000] Kernel command line: BOOT_IMAGE=/vmlinuz-2.6.32-43-generic root=/dev/mapper/turnkey-root ro
Jan 10 13:45:56 moodle kernel: [    0.000000] PID hash table entries: 1024 (order: 0, 4096 bytes)
Jan 10 13:45:56 moodle kernel: [    0.000000] Dentry cache hash table entries: 32768 (order: 5, 131072 bytes)
Jan 10 13:45:56 moodle kernel: [    0.000000] Inode-cache hash table entries: 16384 (order: 4, 65536 bytes)
Jan 10 13:45:56 moodle kernel: [    0.000000] Enabling fast FPU save and restore... done.
Jan 10 13:45:56 moodle kernel: [    0.000000] Enabling unmasked SIMD FPU exception support... done.
Jan 10 13:45:56 moodle kernel: [    0.000000] Initializing CPU#0
Jan 10 13:45:56 moodle kernel: [    0.000000] allocated 1310400 bytes of page_cgroup
Jan 10 13:45:56 moodle kernel: [    0.000000] please try 'cgroup_disable=memory' option if you don't want memory cgroups
Jan 10 13:45:56 moodle kernel: [    0.000000] Initializing HighMem for node 0 (00000000:00000000)
Jan 10 13:45:56 moodle kernel: [    0.000000] Memory: 239740k/262144k available (4699k kernel code, 21544k reserved, 2128k data, 664k init, 0k highmem)
Jan 10 13:45:56 moodle kernel: [    0.000000] virtual kernel memory layout:
Jan 10 13:45:56 moodle kernel: [    0.000000]     fixmap  : 0xfff1d000 - 0xfffff000   ( 904 kB)
Jan 10 13:45:56 moodle kernel: [    0.000000]     pkmap   : 0xff800000 - 0xffc00000   (4096 kB)
Jan 10 13:45:56 moodle kernel: [    0.000000]     vmalloc : 0xd0800000 - 0xff7fe000   ( 751 MB)
Jan 10 13:45:56 moodle kernel: [    0.000000]     lowmem  : 0xc0000000 - 0xd0000000   ( 256 MB)
Jan 10 13:45:56 moodle kernel: [    0.000000]       .init : 0xc07ab000 - 0xc0851000   ( 664 kB)
Jan 10 13:45:56 moodle kernel: [    0.000000]       .data : 0xc0596db7 - 0xc07aafc8   (2128 kB)
Jan 10 13:45:56 moodle kernel: [    0.000000]       .text : 0xc0100000 - 0xc0596db7   (4699 kB)
Jan 10 13:45:56 moodle kernel: [    0.000000] Checking if this processor honours the WP bit even in supervisor mode...Ok.
Jan 10 13:45:56 moodle kernel: [    0.000000] SLUB: Genslabs=13, HWalign=64, Order=0-3, MinObjects=0, CPUs=1, Nodes=1
Jan 10 13:45:56 moodle kernel: [    0.000000] Hierarchical RCU implementation.
Jan 10 13:45:56 moodle kernel: [    0.000000] NR_IRQS:2304 nr_irqs:256
Jan 10 13:45:56 moodle kernel: [    0.000000] Extended CMOS year: 2000
Jan 10 13:45:56 moodle kernel: [    0.000000] Console: colour VGA+ 80x25
Jan 10 13:45:56 moodle kernel: [    0.000000] console [tty0] enabled
Jan 10 13:45:56 moodle kernel: [    0.004000] TSC freq read from hypervisor : 2400.000 MHz
Jan 10 13:45:56 moodle kernel: [    0.004000] Detected 2400.000 MHz processor.
Jan 10 13:45:56 moodle kernel: [    0.000002] Calibrating delay loop (skipped) preset value.. 4800.00 BogoMIPS (lpj=9600000)
Jan 10 13:45:56 moodle kernel: [    0.000207] Security Framework initialized
Jan 10 13:45:56 moodle kernel: [    0.000327] AppArmor: AppArmor initialized
Jan 10 13:45:56 moodle kernel: [    0.000430] Mount-cache hash table entries: 512
Jan 10 13:45:56 moodle kernel: [    0.000662] Initializing cgroup subsys ns
Jan 10 13:45:56 moodle kernel: [    0.000765] Initializing cgroup subsys cpuacct
Jan 10 13:45:56 moodle kernel: [    0.000866] Initializing cgroup subsys memory
Jan 10 13:45:56 moodle kernel: [    0.000975] Initializing cgroup subsys devices
Jan 10 13:45:56 moodle kernel: [    0.001076] Initializing cgroup subsys freezer
Jan 10 13:45:56 moodle kernel: [    0.001177] Initializing cgroup subsys net_cls
Jan 10 13:45:56 moodle kernel: [    0.001306] CPU: Physical Processor ID: 0
Jan 10 13:45:56 moodle kernel: [    0.001408] CPU: L1 I cache: 32K, L1 D cache: 32K
Jan 10 13:45:56 moodle kernel: [    0.001533] CPU: L2 cache: 256K
Jan 10 13:45:56 moodle kernel: [    0.001622] CPU: L3 cache: 20480K
Jan 10 13:45:56 moodle kernel: [    0.001717] mce: CPU supports 0 MCE banks
Jan 10 13:45:56 moodle kernel: [    0.001832] Performance Events: Nehalem/Corei7 events, Intel PMU driver.
Jan 10 13:45:56 moodle kernel: [    0.002023] ... version:                3
Jan 10 13:45:56 moodle kernel: [    0.002122] ... bit width:              48
Jan 10 13:45:56 moodle kernel: [    0.002218] ... generic registers:      4
Jan 10 13:45:56 moodle kernel: [    0.002314] ... value mask:             0000ffffffffffff
Jan 10 13:45:56 moodle kernel: [    0.002420] ... max period:             000000007fffffff
Jan 10 13:45:56 moodle kernel: [    0.002525] ... fixed-purpose events:   3
Jan 10 13:45:56 moodle kernel: [    0.002621] ... event mask:             000000070000000f
Jan 10 13:45:56 moodle kernel: [    0.002732] Checking 'hlt' instruction... OK.
Jan 10 13:45:56 moodle kernel: [    0.017874] SMP alternatives: switching to UP code
Jan 10 13:45:56 moodle kernel: [    0.030921] Freeing SMP alternatives: 19k freed
Jan 10 13:45:56 moodle kernel: [    0.031027] ACPI: Core revision 20090903
Jan 10 13:45:56 moodle kernel: [    0.039760] ftrace: converting mcount calls to 0f 1f 44 00 00
Jan 10 13:45:56 moodle kernel: [    0.039889] ftrace: allocating 21841 entries in 43 pages
Jan 10 13:45:56 moodle kernel: [    0.059758] Enabling APIC mode:  Flat.  Using 1 I/O APICs
Jan 10 13:45:56 moodle kernel: [    0.060688] ..TIMER: vector=0x30 apic1=0 pin1=2 apic2=-1 pin2=-1
Jan 10 13:45:56 moodle kernel: [    0.100425] CPU0: Intel(R) Xeon(R) CPU E5-2665 0 @ 2.40GHz stepping 07
Jan 10 13:45:56 moodle kernel: [    0.207669] Brought up 1 CPUs
Jan 10 13:45:56 moodle kernel: [    0.207766] Total of 1 processors activated (4800.00 BogoMIPS).
Jan 10 13:45:56 moodle kernel: [    0.208125] x86 PAT enabled: cpu 0, old 0x0, new 0x7010600070106
Jan 10 13:45:56 moodle kernel: [    0.208401] devtmpfs: initialized
Jan 10 13:45:56 moodle kernel: [    0.208791] regulator: core version 0.5
Jan 10 13:45:56 moodle kernel: [    0.208959] Time: 13:45:52  Date: 01/10/13
Jan 10 13:45:56 moodle kernel: [    0.209092] NET: Registered protocol family 16
Jan 10 13:45:56 moodle kernel: [    0.209284] EISA bus registered
Jan 10 13:45:56 moodle kernel: [    0.209380] ACPI: bus type pci registered
Jan 10 13:45:56 moodle kernel: [    0.209704] PCI: MCFG configuration 0: base e0000000 segment 0 buses 0 - 255
Jan 10 13:45:56 moodle kernel: [    0.210362] PCI: MCFG area at e0000000 reserved in E820
Jan 10 13:45:56 moodle kernel: [    0.210469] PCI: Using MMCONFIG for extended config space
Jan 10 13:45:56 moodle kernel: [    0.210576] PCI: Using configuration type 1 for base access
Jan 10 13:45:56 moodle kernel: [    0.211256] bio: create slab <bio-0> at 0
Jan 10 13:45:56 moodle kernel: [    0.246047] ACPI: BIOS _OSI(Linux) query ignored
Jan 10 13:45:56 moodle kernel: [    0.251968] ACPI: Interpreter enabled
Jan 10 13:45:56 moodle kernel: [    0.252067] ACPI: (supports S0 S1 S4 S5)
Jan 10 13:45:56 moodle kernel: [    0.252263] ACPI: Using IOAPIC for interrupt routing
Jan 10 13:45:56 moodle kernel: [    0.316224] ACPI: No dock devices found.
Jan 10 13:45:56 moodle kernel: [    0.317185] ACPI: PCI Root Bridge [PCI0] (0000:00)
Jan 10 13:45:56 moodle kernel: [    0.319371] pci 0000:00:07.3: quirk: region 1000-103f claimed by PIIX4 ACPI
Jan 10 13:45:56 moodle kernel: [    0.319503] pci 0000:00:07.3: quirk: region 1040-104f claimed by PIIX4 SMB
Jan 10 13:45:56 moodle kernel: [    0.324287] pci 0000:00:15.0: PME# supported from D0 D3hot D3cold
Jan 10 13:45:56 moodle kernel: [    0.324431] pci 0000:00:15.0: PME# disabled
Jan 10 13:45:56 moodle kernel: [    0.325452] pci 0000:00:15.1: PME# supported from D0 D3hot D3cold
Jan 10 13:45:56 moodle kernel: [    0.325585] pci 0000:00:15.1: PME# disabled
Jan 10 13:45:56 moodle kernel: [    0.326544] pci 0000:00:15.2: PME# supported from D0 D3hot D3cold
Jan 10 13:45:56 moodle kernel: [    0.326676] pci 0000:00:15.2: PME# disabled
Jan 10 13:45:56 moodle kernel: [    0.327644] pci 0000:00:15.3: PME# supported from D0 D3hot D3cold
Jan 10 13:45:56 moodle kernel: [    0.327777] pci 0000:00:15.3: PME# disabled
Jan 10 13:45:56 moodle kernel: [    0.328734] pci 0000:00:15.4: PME# supported from D0 D3hot D3cold
Jan 10 13:45:56 moodle kernel: [    0.328866] pci 0000:00:15.4: PME# disabled
Jan 10 13:45:56 moodle kernel: [    0.329839] pci 0000:00:15.5: PME# supported from D0 D3hot D3cold
Jan 10 13:45:56 moodle kernel: [    0.329972] pci 0000:00:15.5: PME# disabled
Jan 10 13:45:56 moodle kernel: [    0.330926] pci 0000:00:15.6: PME# supported from D0 D3hot D3cold
Jan 10 13:45:56 moodle kernel: [    0.331060] pci 0000:00:15.6: PME# disabled
Jan 10 13:45:56 moodle kernel: [    0.332025] pci 0000:00:15.7: PME# supported from D0 D3hot D3cold
Jan 10 13:45:56 moodle kernel: [    0.332158] pci 0000:00:15.7: PME# disabled
Jan 10 13:45:56 moodle kernel: [    0.333109] pci 0000:00:16.0: PME# supported from D0 D3hot D3cold
Jan 10 13:45:56 moodle kernel: [    0.333242] pci 0000:00:16.0: PME# disabled
Jan 10 13:45:56 moodle kernel: [    0.334219] pci 0000:00:16.1: PME# supported from D0 D3hot D3cold
Jan 10 13:45:56 moodle kernel: [    0.334385] pci 0000:00:16.1: PME# disabled
Jan 10 13:45:56 moodle kernel: [    0.335380] pci 0000:00:16.2: PME# supported from D0 D3hot D3cold
Jan 10 13:45:56 moodle kernel: [    0.335512] pci 0000:00:16.2: PME# disabled
Jan 10 13:45:56 moodle kernel: [    0.336465] pci 0000:00:16.3: PME# supported from D0 D3hot D3cold
Jan 10 13:45:56 moodle kernel: [    0.336597] pci 0000:00:16.3: PME# disabled
Jan 10 13:45:56 moodle kernel: [    0.337557] pci 0000:00:16.4: PME# supported from D0 D3hot D3cold
Jan 10 13:45:56 moodle kernel: [    0.337689] pci 0000:00:16.4: PME# disabled
Jan 10 13:45:56 moodle kernel: [    0.338666] pci 0000:00:16.5: PME# supported from D0 D3hot D3cold
Jan 10 13:45:56 moodle kernel: [    0.338798] pci 0000:00:16.5: PME# disabled
Jan 10 13:45:56 moodle kernel: [    0.339760] pci 0000:00:16.6: PME# supported from D0 D3hot D3cold
Jan 10 13:45:56 moodle kernel: [    0.339892] pci 0000:00:16.6: PME# disabled
Jan 10 13:45:56 moodle kernel: [    0.340845] pci 0000:00:16.7: PME# supported from D0 D3hot D3cold
Jan 10 13:45:56 moodle kernel: [    0.340976] pci 0000:00:16.7: PME# disabled
Jan 10 13:45:56 moodle kernel: [    0.341928] pci 0000:00:17.0: PME# supported from D0 D3hot D3cold
Jan 10 13:45:56 moodle kernel: [    0.342060] pci 0000:00:17.0: PME# disabled
Jan 10 13:45:56 moodle kernel: [    0.343013] pci 0000:00:17.1: PME# supported from D0 D3hot D3cold
Jan 10 13:45:56 moodle kernel: [    0.343145] pci 0000:00:17.1: PME# disabled
Jan 10 13:45:56 moodle kernel: [    0.344109] pci 0000:00:17.2: PME# supported from D0 D3hot D3cold
Jan 10 13:45:56 moodle kernel: [    0.344241] pci 0000:00:17.2: PME# disabled
Jan 10 13:45:56 moodle kernel: [    0.345193] pci 0000:00:17.3: PME# supported from D0 D3hot D3cold
Jan 10 13:45:56 moodle kernel: [    0.345325] pci 0000:00:17.3: PME# disabled
Jan 10 13:45:56 moodle kernel: [    0.346282] pci 0000:00:17.4: PME# supported from D0 D3hot D3cold
Jan 10 13:45:56 moodle kernel: [    0.346414] pci 0000:00:17.4: PME# disabled
Jan 10 13:45:56 moodle kernel: [    0.347403] pci 0000:00:17.5: PME# supported from D0 D3hot D3cold
Jan 10 13:45:56 moodle kernel: [    0.347535] pci 0000:00:17.5: PME# disabled
Jan 10 13:45:56 moodle kernel: [    0.348492] pci 0000:00:17.6: PME# supported from D0 D3hot D3cold
Jan 10 13:45:56 moodle kernel: [    0.348624] pci 0000:00:17.6: PME# disabled
Jan 10 13:45:56 moodle kernel: [    0.349577] pci 0000:00:17.7: PME# supported from D0 D3hot D3cold
Jan 10 13:45:56 moodle kernel: [    0.349709] pci 0000:00:17.7: PME# disabled
Jan 10 13:45:56 moodle kernel: [    0.350664] pci 0000:00:18.0: PME# supported from D0 D3hot D3cold
Jan 10 13:45:56 moodle kernel: [    0.350797] pci 0000:00:18.0: PME# disabled
Jan 10 13:45:56 moodle kernel: [    0.351761] pci 0000:00:18.1: PME# supported from D0 D3hot D3cold
Jan 10 13:45:56 moodle kernel: [    0.351894] pci 0000:00:18.1: PME# disabled
Jan 10 13:45:56 moodle kernel: [    0.352847] pci 0000:00:18.2: PME# supported from D0 D3hot D3cold
Jan 10 13:45:56 moodle kernel: [    0.352981] pci 0000:00:18.2: PME# disabled
Jan 10 13:45:56 moodle kernel: [    0.353932] pci 0000:00:18.3: PME# supported from D0 D3hot D3cold
Jan 10 13:45:56 moodle kernel: [    0.354063] pci 0000:00:18.3: PME# disabled
Jan 10 13:45:56 moodle kernel: [    0.355016] pci 0000:00:18.4: PME# supported from D0 D3hot D3cold
Jan 10 13:45:56 moodle kernel: [    0.355148] pci 0000:00:18.4: PME# disabled
Jan 10 13:45:56 moodle kernel: [    0.356136] pci 0000:00:18.5: PME# supported from D0 D3hot D3cold
Jan 10 13:45:56 moodle kernel: [    0.356269] pci 0000:00:18.5: PME# disabled
Jan 10 13:45:56 moodle kernel: [    0.357225] pci 0000:00:18.6: PME# supported from D0 D3hot D3cold
Jan 10 13:45:56 moodle kernel: [    0.357358] pci 0000:00:18.6: PME# disabled
Jan 10 13:45:56 moodle kernel: [    0.358317] pci 0000:00:18.7: PME# supported from D0 D3hot D3cold
Jan 10 13:45:56 moodle kernel: [    0.358449] pci 0000:00:18.7: PME# disabled
Jan 10 13:45:56 moodle kernel: [    0.360011] pci 0000:00:11.0: transparent bridge
Jan 10 13:45:56 moodle kernel: [    0.545897] ACPI: PCI Interrupt Link [LNKA] (IRQs 3 4 5 6 7 *9 10 11 14 15)
Jan 10 13:45:56 moodle kernel: [    0.546410] ACPI: PCI Interrupt Link [LNKB] (IRQs 3 4 5 6 7 9 10 *11 14 15)
Jan 10 13:45:56 moodle kernel: [    0.546919] ACPI: PCI Interrupt Link [LNKC] (IRQs 3 4 5 6 7 9 *10 11 14 15)
Jan 10 13:45:56 moodle kernel: [    0.547433] ACPI: PCI Interrupt Link [LNKD] (IRQs 3 4 5 6 7 9 10 11 14 15) *0, disabled.
Jan 10 13:45:56 moodle kernel: [    0.548054] vgaarb: device added: PCI:0000:00:0f.0,decodes=io+mem,owns=io+mem,locks=none
Jan 10 13:45:56 moodle kernel: [    0.548237] vgaarb: loaded
Jan 10 13:45:56 moodle kernel: [    0.548406] SCSI subsystem initialized
Jan 10 13:45:56 moodle kernel: [    0.548624] usbcore: registered new interface driver usbfs
Jan 10 13:45:56 moodle kernel: [    0.548739] usbcore: registered new interface driver hub
Jan 10 13:45:56 moodle kernel: [    0.548858] usbcore: registered new device driver usb
Jan 10 13:45:56 moodle kernel: [    0.549034] ACPI: WMI: Mapper loaded
Jan 10 13:45:56 moodle kernel: [    0.549128] PCI: Using ACPI for IRQ routing
Jan 10 13:45:56 moodle kernel: [    0.550131] NetLabel: Initializing
Jan 10 13:45:56 moodle kernel: [    0.550224] NetLabel:  domain hash size = 128
Jan 10 13:45:56 moodle kernel: [    0.550323] NetLabel:  protocols = UNLABELED CIPSOv4
Jan 10 13:45:56 moodle kernel: [    0.550434] NetLabel:  unlabeled traffic allowed by default
Jan 10 13:45:56 moodle kernel: [    0.550574] Switching to clocksource tsc
Jan 10 13:45:56 moodle kernel: [    0.552400] AppArmor: AppArmor Filesystem Enabled
Jan 10 13:45:56 moodle kernel: [    0.552511] pnp: PnP ACPI init
Jan 10 13:45:56 moodle kernel: [    0.552606] ACPI: bus type pnp registered
Jan 10 13:45:56 moodle kernel: [    0.589205] pnp: PnP ACPI: found 13 devices
Jan 10 13:45:56 moodle kernel: [    0.589308] ACPI: ACPI bus type pnp unregistered
Jan 10 13:45:56 moodle kernel: [    0.589412] PnPBIOS: Disabled by ACPI PNP
Jan 10 13:45:56 moodle kernel: [    0.589519] system 00:01: ioport range 0x1000-0x103f has been reserved
Jan 10 13:45:56 moodle kernel: [    0.589637] system 00:01: ioport range 0x1040-0x104f has been reserved
Jan 10 13:45:56 moodle kernel: [    0.589752] system 00:01: ioport range 0xcf0-0xcf1 has been reserved
Jan 10 13:45:56 moodle kernel: [    0.589870] system 00:0c: ioport range 0x1060-0x107f has been reserved
Jan 10 13:45:56 moodle kernel: [    0.589985] system 00:0c: iomem range 0xe0000000-0xefffffff has been reserved
Jan 10 13:45:56 moodle kernel: [    0.590104] system 00:0c: iomem range 0xd8a00000-0xd8bfffff has been reserved
Jan 10 13:45:56 moodle kernel: [    0.626668] pci 0000:00:15.3: BAR 13: can't allocate I/O resource [0x10000-0xffff]
Jan 10 13:45:56 moodle kernel: [    0.626775] pci 0000:00:15.4: BAR 13: can't allocate I/O resource [0x10000-0xffff]
Jan 10 13:45:56 moodle kernel: [    0.626883] pci 0000:00:15.5: BAR 13: can't allocate I/O resource [0x10000-0xffff]
Jan 10 13:45:56 moodle kernel: [    0.626990] pci 0000:00:15.6: BAR 13: can't allocate I/O resource [0x10000-0xffff]
Jan 10 13:45:56 moodle kernel: [    0.627097] pci 0000:00:15.7: BAR 13: can't allocate I/O resource [0x10000-0xffff]
Jan 10 13:45:56 moodle kernel: [    0.627204] pci 0000:00:16.3: BAR 13: can't allocate I/O resource [0x10000-0xffff]
Jan 10 13:45:56 moodle kernel: [    0.627312] pci 0000:00:16.4: BAR 13: can't allocate I/O resource [0x10000-0xffff]
Jan 10 13:45:56 moodle kernel: [    0.627419] pci 0000:00:16.5: BAR 13: can't allocate I/O resource [0x10000-0xffff]
Jan 10 13:45:56 moodle kernel: [    0.627526] pci 0000:00:16.6: BAR 13: can't allocate I/O resource [0x10000-0xffff]
Jan 10 13:45:56 moodle kernel: [    0.627633] pci 0000:00:16.7: BAR 13: can't allocate I/O resource [0x10000-0xffff]
Jan 10 13:45:56 moodle kernel: [    0.627740] pci 0000:00:17.3: BAR 13: can't allocate I/O resource [0x10000-0xffff]
Jan 10 13:45:56 moodle kernel: [    0.627848] pci 0000:00:17.4: BAR 13: can't allocate I/O resource [0x10000-0xffff]
Jan 10 13:45:56 moodle kernel: [    0.627955] pci 0000:00:17.5: BAR 13: can't allocate I/O resource [0x10000-0xffff]
Jan 10 13:45:56 moodle kernel: [    0.628062] pci 0000:00:17.6: BAR 13: can't allocate I/O resource [0x10000-0xffff]
Jan 10 13:45:56 moodle kernel: [    0.628169] pci 0000:00:17.7: BAR 13: can't allocate I/O resource [0x10000-0xffff]
Jan 10 13:45:56 moodle kernel: [    0.628277] pci 0000:00:18.3: BAR 13: can't allocate I/O resource [0x10000-0xffff]
Jan 10 13:45:56 moodle kernel: [    0.628384] pci 0000:00:18.4: BAR 13: can't allocate I/O resource [0x10000-0xffff]
Jan 10 13:45:56 moodle kernel: [    0.628491] pci 0000:00:18.5: BAR 13: can't allocate I/O resource [0x10000-0xffff]
Jan 10 13:45:56 moodle kernel: [    0.628598] pci 0000:00:18.6: BAR 13: can't allocate I/O resource [0x10000-0xffff]
Jan 10 13:45:56 moodle kernel: [    0.628705] pci 0000:00:18.7: BAR 13: can't allocate I/O resource [0x10000-0xffff]
Jan 10 13:45:56 moodle kernel: [    0.628813] pci 0000:00:01.0: PCI bridge, secondary bus 0000:01
Jan 10 13:45:56 moodle kernel: [    0.628920] pci 0000:00:01.0:   IO window: disabled
Jan 10 13:45:56 moodle kernel: [    0.629027] pci 0000:00:01.0:   MEM window: disabled
Jan 10 13:45:56 moodle kernel: [    0.629134] pci 0000:00:01.0:   PREFETCH window: disabled
Jan 10 13:45:56 moodle kernel: [    0.629242] pci 0000:00:11.0: PCI bridge, secondary bus 0000:02
Jan 10 13:45:56 moodle kernel: [    0.629349] pci 0000:00:11.0:   IO window: 0x2000-0x3fff
Jan 10 13:45:56 moodle kernel: [    0.629456] pci 0000:00:11.0:   MEM window: 0xd9200000-0xd9cfffff
Jan 10 13:45:56 moodle kernel: [    0.629563] pci 0000:00:11.0:   PREFETCH window: 0x000000dc100000-0x000000dc6fffff
Jan 10 13:45:56 moodle kernel: [    0.629670] pci 0000:00:15.0: PCI bridge, secondary bus 0000:03
Jan 10 13:45:56 moodle kernel: [    0.629778] pci 0000:00:15.0:   IO window: 0x4000-0x4fff
Jan 10 13:45:56 moodle kernel: [    0.629885] pci 0000:00:15.0:   MEM window: 0xd9d00000-0xd9dfffff
Jan 10 13:45:56 moodle kernel: [    0.629992] pci 0000:00:15.0:   PREFETCH window: 0x000000dc700000-0x000000dc7fffff
Jan 10 13:45:56 moodle kernel: [    0.630099] pci 0000:00:15.1: PCI bridge, secondary bus 0000:04
Jan 10 13:45:56 moodle kernel: [    0.630207] pci 0000:00:15.1:   IO window: 0x8000-0x8fff
Jan 10 13:45:56 moodle kernel: [    0.630314] pci 0000:00:15.1:   MEM window: 0xda100000-0xda1fffff
Jan 10 13:45:56 moodle kernel: [    0.630421] pci 0000:00:15.1:   PREFETCH window: 0x000000dcb00000-0x000000dcbfffff
Jan 10 13:45:56 moodle kernel: [    0.630647] pci 0000:00:15.2: PCI bridge, secondary bus 0000:05
Jan 10 13:45:56 moodle kernel: [    0.630754] pci 0000:00:15.2:   IO window: 0xc000-0xcfff
Jan 10 13:45:56 moodle kernel: [    0.630861] pci 0000:00:15.2:   MEM window: 0xda500000-0xda5fffff
Jan 10 13:45:56 moodle kernel: [    0.630968] pci 0000:00:15.2:   PREFETCH window: 0x000000dcf00000-0x000000dcffffff
Jan 10 13:45:56 moodle kernel: [    0.631076] pci 0000:00:15.3: PCI bridge, secondary bus 0000:06
Jan 10 13:45:56 moodle kernel: [    0.631183] pci 0000:00:15.3:   IO window: disabled
Jan 10 13:45:56 moodle kernel: [    0.631290] pci 0000:00:15.3:   MEM window: 0xda900000-0xda9fffff
Jan 10 13:45:56 moodle kernel: [    0.631397] pci 0000:00:15.3:   PREFETCH window: 0x000000dd300000-0x000000dd3fffff
Jan 10 13:45:56 moodle kernel: [    0.631504] pci 0000:00:15.4: PCI bridge, secondary bus 0000:07
Jan 10 13:45:56 moodle kernel: [    0.631612] pci 0000:00:15.4:   IO window: disabled
Jan 10 13:45:56 moodle kernel: [    0.631719] pci 0000:00:15.4:   MEM window: 0xdad00000-0xdadfffff
Jan 10 13:45:56 moodle kernel: [    0.631826] pci 0000:00:15.4:   PREFETCH window: 0x000000dd700000-0x000000dd7fffff
Jan 10 13:45:56 moodle kernel: [    0.631933] pci 0000:00:15.5: PCI bridge, secondary bus 0000:08
Jan 10 13:45:56 moodle kernel: [    0.632041] pci 0000:00:15.5:   IO window: disabled
Jan 10 13:45:56 moodle kernel: [    0.632148] pci 0000:00:15.5:   MEM window: 0xdb100000-0xdb1fffff
Jan 10 13:45:56 moodle kernel: [    0.632255] pci 0000:00:15.5:   PREFETCH window: 0x000000ddb00000-0x000000ddbfffff
Jan 10 13:45:56 moodle kernel: [    0.632362] pci 0000:00:15.6: PCI bridge, secondary bus 0000:09
Jan 10 13:45:56 moodle kernel: [    0.632469] pci 0000:00:15.6:   IO window: disabled
Jan 10 13:45:56 moodle kernel: [    0.632577] pci 0000:00:15.6:   MEM window: 0xdb500000-0xdb5fffff
Jan 10 13:45:56 moodle kernel: [    0.632684] pci 0000:00:15.6:   PREFETCH window: 0x000000ddf00000-0x000000ddffffff
Jan 10 13:45:56 moodle kernel: [    0.632791] pci 0000:00:15.7: PCI bridge, secondary bus 0000:0a
Jan 10 13:45:56 moodle kernel: [    0.632898] pci 0000:00:15.7:   IO window: disabled
Jan 10 13:45:56 moodle kernel: [    0.633006] pci 0000:00:15.7:   MEM window: 0xdb900000-0xdb9fffff
Jan 10 13:45:56 moodle kernel: [    0.633113] pci 0000:00:15.7:   PREFETCH window: 0x000000de300000-0x000000de3fffff
Jan 10 13:45:56 moodle kernel: [    0.633220] pci 0000:00:16.0: PCI bridge, secondary bus 0000:0b
Jan 10 13:45:56 moodle kernel: [    0.633327] pci 0000:00:16.0:   IO window: 0x5000-0x5fff
Jan 10 13:45:56 moodle kernel: [    0.633434] pci 0000:00:16.0:   MEM window: 0xd9e00000-0xd9efffff
Jan 10 13:45:56 moodle kernel: [    0.633542] pci 0000:00:16.0:   PREFETCH window: 0x000000dc800000-0x000000dc8fffff
Jan 10 13:45:56 moodle kernel: [    0.633649] pci 0000:00:16.1: PCI bridge, secondary bus 0000:0c
Jan 10 13:45:56 moodle kernel: [    0.633756] pci 0000:00:16.1:   IO window: 0x9000-0x9fff
Jan 10 13:45:56 moodle kernel: [    0.633863] pci 0000:00:16.1:   MEM window: 0xda200000-0xda2fffff
Jan 10 13:45:56 moodle kernel: [    0.633970] pci 0000:00:16.1:   PREFETCH window: 0x000000dcc00000-0x000000dccfffff
Jan 10 13:45:56 moodle kernel: [    0.634078] pci 0000:00:16.2: PCI bridge, secondary bus 0000:0d
Jan 10 13:45:56 moodle kernel: [    0.634185] pci 0000:00:16.2:   IO window: 0xd000-0xdfff
Jan 10 13:45:56 moodle kernel: [    0.634292] pci 0000:00:16.2:   MEM window: 0xda600000-0xda6fffff
Jan 10 13:45:56 moodle kernel: [    0.634399] pci 0000:00:16.2:   PREFETCH window: 0x000000dd000000-0x000000dd0fffff
Jan 10 13:45:56 moodle kernel: [    0.634639] pci 0000:00:16.3: PCI bridge, secondary bus 0000:0e
Jan 10 13:45:56 moodle kernel: [    0.634746] pci 0000:00:16.3:   IO window: disabled
Jan 10 13:45:56 moodle kernel: [    0.634854] pci 0000:00:16.3:   MEM window: 0xdaa00000-0xdaafffff
Jan 10 13:45:56 moodle kernel: [    0.634961] pci 0000:00:16.3:   PREFETCH window: 0x000000dd400000-0x000000dd4fffff
Jan 10 13:45:56 moodle kernel: [    0.635068] pci 0000:00:16.4: PCI bridge, secondary bus 0000:0f
