Jan 13 06:25:03 moodle rsyslogd: [origin software="rsyslogd" swVersion="4.2.0" x-pid="711" x-info="http://www.rsyslog.com"] rsyslogd was HUPed, type 'lightweight'.
Jan 13 11:48:15 moodle kernel: imklog 4.2.0, log source = /proc/kmsg started.
Jan 13 11:48:15 moodle rsyslogd: [origin software="rsyslogd" swVersion="4.2.0" x-pid="424" x-info="http://www.rsyslog.com"] (re)start
Jan 13 11:48:15 moodle rsyslogd: rsyslogd's groupid changed to 104
Jan 13 11:48:15 moodle rsyslogd: rsyslogd's userid changed to 102
Jan 13 11:48:15 moodle kernel: [    0.000000] Initializing cgroup subsys cpuset
Jan 13 11:48:15 moodle kernel: [    0.000000] Initializing cgroup subsys cpu
Jan 13 11:48:15 moodle kernel: [    0.000000] Linux version 2.6.32-43-generic (buildd@roseapple) (gcc version 4.4.3 (Ubuntu 4.4.3-4ubuntu5.1) ) #97-Ubuntu SMP Wed Sep 5 16:43:09 UTC 2012 (Ubuntu 2.6.32-43.97-generic 2.6.32.59+drm33.24)
Jan 13 11:48:15 moodle kernel: [    0.000000] KERNEL supported cpus:
Jan 13 11:48:15 moodle kernel: [    0.000000]   Intel GenuineIntel
Jan 13 11:48:15 moodle kernel: [    0.000000]   AMD AuthenticAMD
Jan 13 11:48:15 moodle kernel: [    0.000000]   NSC Geode by NSC
Jan 13 11:48:15 moodle kernel: [    0.000000]   Cyrix CyrixInstead
Jan 13 11:48:15 moodle kernel: [    0.000000]   Centaur CentaurHauls
Jan 13 11:48:15 moodle kernel: [    0.000000]   Transmeta GenuineTMx86
Jan 13 11:48:15 moodle kernel: [    0.000000]   Transmeta TransmetaCPU
Jan 13 11:48:15 moodle kernel: [    0.000000]   UMC UMC UMC UMC
Jan 13 11:48:15 moodle kernel: [    0.000000] BIOS-provided physical RAM map:
Jan 13 11:48:15 moodle kernel: [    0.000000]  BIOS-e820: 0000000000000000 - 000000000009f800 (usable)
Jan 13 11:48:15 moodle kernel: [    0.000000]  BIOS-e820: 000000000009f800 - 00000000000a0000 (reserved)
Jan 13 11:48:15 moodle kernel: [    0.000000]  BIOS-e820: 00000000000ca000 - 00000000000cc000 (reserved)
Jan 13 11:48:15 moodle kernel: [    0.000000]  BIOS-e820: 00000000000dc000 - 00000000000e4000 (reserved)
Jan 13 11:48:15 moodle kernel: [    0.000000]  BIOS-e820: 00000000000e8000 - 0000000000100000 (reserved)
Jan 13 11:48:15 moodle kernel: [    0.000000]  BIOS-e820: 0000000000100000 - 000000000fef0000 (usable)
Jan 13 11:48:15 moodle kernel: [    0.000000]  BIOS-e820: 000000000fef0000 - 000000000feff000 (ACPI data)
Jan 13 11:48:15 moodle kernel: [    0.000000]  BIOS-e820: 000000000feff000 - 000000000ff00000 (ACPI NVS)
Jan 13 11:48:15 moodle kernel: [    0.000000]  BIOS-e820: 000000000ff00000 - 0000000010000000 (usable)
Jan 13 11:48:15 moodle kernel: [    0.000000]  BIOS-e820: 00000000e0000000 - 00000000f0000000 (reserved)
Jan 13 11:48:15 moodle kernel: [    0.000000]  BIOS-e820: 00000000fec00000 - 00000000fec10000 (reserved)
Jan 13 11:48:15 moodle kernel: [    0.000000]  BIOS-e820: 00000000fee00000 - 00000000fee01000 (reserved)
Jan 13 11:48:15 moodle kernel: [    0.000000]  BIOS-e820: 00000000fffe0000 - 0000000100000000 (reserved)
Jan 13 11:48:15 moodle kernel: [    0.000000] DMI present.
Jan 13 11:48:15 moodle kernel: [    0.000000] Phoenix BIOS detected: BIOS may corrupt low RAM, working around it.
Jan 13 11:48:15 moodle kernel: [    0.000000] last_pfn = 0x10000 max_arch_pfn = 0x100000
Jan 13 11:48:15 moodle kernel: [    0.000000] x86 PAT enabled: cpu 0, old 0x0, new 0x7010600070106
Jan 13 11:48:15 moodle kernel: [    0.000000] Scanning 0 areas for low memory corruption
Jan 13 11:48:15 moodle kernel: [    0.000000] modified physical RAM map:
Jan 13 11:48:15 moodle kernel: [    0.000000]  modified: 0000000000000000 - 0000000000010000 (reserved)
Jan 13 11:48:15 moodle kernel: [    0.000000]  modified: 0000000000010000 - 000000000009f800 (usable)
Jan 13 11:48:15 moodle kernel: [    0.000000]  modified: 000000000009f800 - 00000000000a0000 (reserved)
Jan 13 11:48:15 moodle kernel: [    0.000000]  modified: 00000000000ca000 - 00000000000cc000 (reserved)
Jan 13 11:48:15 moodle kernel: [    0.000000]  modified: 00000000000dc000 - 00000000000e4000 (reserved)
Jan 13 11:48:15 moodle kernel: [    0.000000]  modified: 00000000000e8000 - 0000000000100000 (reserved)
Jan 13 11:48:15 moodle kernel: [    0.000000]  modified: 0000000000100000 - 000000000fef0000 (usable)
Jan 13 11:48:15 moodle kernel: [    0.000000]  modified: 000000000fef0000 - 000000000feff000 (ACPI data)
Jan 13 11:48:15 moodle kernel: [    0.000000]  modified: 000000000feff000 - 000000000ff00000 (ACPI NVS)
Jan 13 11:48:15 moodle kernel: [    0.000000]  modified: 000000000ff00000 - 0000000010000000 (usable)
Jan 13 11:48:15 moodle kernel: [    0.000000]  modified: 00000000e0000000 - 00000000f0000000 (reserved)
Jan 13 11:48:15 moodle kernel: [    0.000000]  modified: 00000000fec00000 - 00000000fec10000 (reserved)
Jan 13 11:48:15 moodle kernel: [    0.000000]  modified: 00000000fee00000 - 00000000fee01000 (reserved)
Jan 13 11:48:15 moodle kernel: [    0.000000]  modified: 00000000fffe0000 - 0000000100000000 (reserved)
Jan 13 11:48:15 moodle kernel: [    0.000000] init_memory_mapping: 0000000000000000-0000000010000000
Jan 13 11:48:15 moodle kernel: [    0.000000] Using x86 segment limits to approximate NX protection
Jan 13 11:48:15 moodle kernel: [    0.000000] RAMDISK: 0b5dd000 - 0bf734aa
Jan 13 11:48:15 moodle kernel: [    0.000000] ACPI: RSDP 000f6940 00024 (v02 PTLTD )
Jan 13 11:48:15 moodle kernel: [    0.000000] ACPI: XSDT 0fef0885 0004C (v01 INTEL  440BX    06040000 VMW  01324272)
Jan 13 11:48:15 moodle kernel: [    0.000000] ACPI: FACP 0fefee98 000F4 (v04 INTEL  440BX    06040000 PTL  000F4240)
Jan 13 11:48:15 moodle kernel: [    0.000000] ACPI: DSDT 0fef0a3d 0E45B (v01 PTLTD  Custom   06040000 MSFT 03000001)
Jan 13 11:48:15 moodle kernel: [    0.000000] ACPI: FACS 0fefffc0 00040
Jan 13 11:48:15 moodle kernel: [    0.000000] ACPI: BOOT 0fef0a15 00028 (v01 PTLTD  $SBFTBL$ 06040000  LTP 00000001)
Jan 13 11:48:15 moodle kernel: [    0.000000] ACPI: APIC 0fef09c5 00050 (v01 PTLTD  ? APIC   06040000  LTP 00000000)
Jan 13 11:48:15 moodle kernel: [    0.000000] ACPI: MCFG 0fef0989 0003C (v01 PTLTD  $PCITBL$ 06040000  LTP 00000001)
Jan 13 11:48:15 moodle kernel: [    0.000000] ACPI: SRAT 0fef0909 00080 (v02 VMWARE MEMPLUG  06040000 VMW  00000001)
Jan 13 11:48:15 moodle kernel: [    0.000000] 0MB HIGHMEM available.
Jan 13 11:48:15 moodle kernel: [    0.000000] 256MB LOWMEM available.
Jan 13 11:48:15 moodle kernel: [    0.000000]   mapped low ram: 0 - 10000000
Jan 13 11:48:15 moodle kernel: [    0.000000]   low ram: 0 - 10000000
Jan 13 11:48:15 moodle kernel: [    0.000000]   node 0 low ram: 00000000 - 10000000
Jan 13 11:48:15 moodle kernel: [    0.000000]   node 0 bootmap 00010000 - 00012000
Jan 13 11:48:15 moodle kernel: [    0.000000] (8 early reservations) ==> bootmem [0000000000 - 0010000000]
Jan 13 11:48:15 moodle kernel: [    0.000000]   #0 [0000000000 - 0000001000]   BIOS data page ==> [0000000000 - 0000001000]
Jan 13 11:48:15 moodle kernel: [    0.000000]   #1 [0000001000 - 0000002000]    EX TRAMPOLINE ==> [0000001000 - 0000002000]
Jan 13 11:48:15 moodle kernel: [    0.000000]   #2 [0000006000 - 0000007000]       TRAMPOLINE ==> [0000006000 - 0000007000]
Jan 13 11:48:15 moodle kernel: [    0.000000]   #3 [0000100000 - 00008e5ed8]    TEXT DATA BSS ==> [0000100000 - 00008e5ed8]
Jan 13 11:48:15 moodle kernel: [    0.000000]   #4 [000b5dd000 - 000bf734aa]          RAMDISK ==> [000b5dd000 - 000bf734aa]
Jan 13 11:48:15 moodle kernel: [    0.000000]   #5 [000009f800 - 0000100000]    BIOS reserved ==> [000009f800 - 0000100000]
Jan 13 11:48:15 moodle kernel: [    0.000000]   #6 [00008e6000 - 00008e91c0]              BRK ==> [00008e6000 - 00008e91c0]
Jan 13 11:48:15 moodle kernel: [    0.000000]   #7 [0000010000 - 0000012000]          BOOTMAP ==> [0000010000 - 0000012000]
Jan 13 11:48:15 moodle kernel: [    0.000000] found SMP MP-table at [c00f69b0] f69b0
Jan 13 11:48:15 moodle kernel: [    0.000000] Zone PFN ranges:
Jan 13 11:48:15 moodle kernel: [    0.000000]   DMA      0x00000010 -> 0x00001000
Jan 13 11:48:15 moodle kernel: [    0.000000]   Normal   0x00001000 -> 0x00010000
Jan 13 11:48:15 moodle kernel: [    0.000000]   HighMem  0x00010000 -> 0x00010000
Jan 13 11:48:15 moodle kernel: [    0.000000] Movable zone start PFN for each node
Jan 13 11:48:15 moodle kernel: [    0.000000] early_node_map[3] active PFN ranges
Jan 13 11:48:15 moodle kernel: [    0.000000]     0: 0x00000010 -> 0x0000009f
Jan 13 11:48:15 moodle kernel: [    0.000000]     0: 0x00000100 -> 0x0000fef0
Jan 13 11:48:15 moodle kernel: [    0.000000]     0: 0x0000ff00 -> 0x00010000
Jan 13 11:48:15 moodle kernel: [    0.000000] Using APIC driver default
Jan 13 11:48:15 moodle kernel: [    0.000000] ACPI: PM-Timer IO Port: 0x1008
Jan 13 11:48:15 moodle kernel: [    0.000000] ACPI: LAPIC (acpi_id[0x00] lapic_id[0x00] enabled)
Jan 13 11:48:15 moodle kernel: [    0.000000] ACPI: LAPIC_NMI (acpi_id[0x00] high edge lint[0x1])
Jan 13 11:48:15 moodle kernel: [    0.000000] ACPI: IOAPIC (id[0x01] address[0xfec00000] gsi_base[0])
Jan 13 11:48:15 moodle kernel: [    0.000000] IOAPIC[0]: apic_id 1, version 17, address 0xfec00000, GSI 0-23
Jan 13 11:48:15 moodle kernel: [    0.000000] ACPI: INT_SRC_OVR (bus 0 bus_irq 0 global_irq 2 high edge)
Jan 13 11:48:15 moodle kernel: [    0.000000] Using ACPI (MADT) for SMP configuration information
Jan 13 11:48:15 moodle kernel: [    0.000000] SMP: Allowing 1 CPUs, 0 hotplug CPUs
Jan 13 11:48:15 moodle kernel: [    0.000000] PM: Registered nosave memory: 000000000009f000 - 00000000000a0000
Jan 13 11:48:15 moodle kernel: [    0.000000] PM: Registered nosave memory: 00000000000a0000 - 00000000000ca000
Jan 13 11:48:15 moodle kernel: [    0.000000] PM: Registered nosave memory: 00000000000ca000 - 00000000000cc000
Jan 13 11:48:15 moodle kernel: [    0.000000] PM: Registered nosave memory: 00000000000cc000 - 00000000000dc000
Jan 13 11:48:15 moodle kernel: [    0.000000] PM: Registered nosave memory: 00000000000dc000 - 00000000000e4000
Jan 13 11:48:15 moodle kernel: [    0.000000] PM: Registered nosave memory: 00000000000e4000 - 00000000000e8000
Jan 13 11:48:15 moodle kernel: [    0.000000] PM: Registered nosave memory: 00000000000e8000 - 0000000000100000
Jan 13 11:48:15 moodle kernel: [    0.000000] PM: Registered nosave memory: 000000000fef0000 - 000000000feff000
Jan 13 11:48:15 moodle kernel: [    0.000000] PM: Registered nosave memory: 000000000feff000 - 000000000ff00000
Jan 13 11:48:15 moodle kernel: [    0.000000] Allocating PCI resources starting at 10000000 (gap: 10000000:d0000000)
Jan 13 11:48:15 moodle kernel: [    0.000000] Booting paravirtualized kernel on bare hardware
Jan 13 11:48:15 moodle kernel: [    0.000000] NR_CPUS:8 nr_cpumask_bits:8 nr_cpu_ids:1 nr_node_ids:1
Jan 13 11:48:15 moodle kernel: [    0.000000] PERCPU: Embedded 14 pages/cpu @c1400000 s36056 r0 d21288 u4194304
Jan 13 11:48:15 moodle kernel: [    0.000000] pcpu-alloc: s36056 r0 d21288 u4194304 alloc=1*4194304
Jan 13 11:48:15 moodle kernel: [    0.000000] pcpu-alloc: [0] 0 
Jan 13 11:48:15 moodle kernel: [    0.000000] Built 1 zonelists in Zone order, mobility grouping on.  Total pages: 64895
Jan 13 11:48:15 moodle kernel: [    0.000000] Kernel command line: BOOT_IMAGE=/vmlinuz-2.6.32-43-generic root=/dev/mapper/turnkey-root ro
Jan 13 11:48:15 moodle kernel: [    0.000000] PID hash table entries: 1024 (order: 0, 4096 bytes)
Jan 13 11:48:15 moodle kernel: [    0.000000] Dentry cache hash table entries: 32768 (order: 5, 131072 bytes)
Jan 13 11:48:15 moodle kernel: [    0.000000] Inode-cache hash table entries: 16384 (order: 4, 65536 bytes)
Jan 13 11:48:15 moodle kernel: [    0.000000] Enabling fast FPU save and restore... done.
Jan 13 11:48:15 moodle kernel: [    0.000000] Enabling unmasked SIMD FPU exception support... done.
Jan 13 11:48:15 moodle kernel: [    0.000000] Initializing CPU#0
Jan 13 11:48:15 moodle kernel: [    0.000000] allocated 1310400 bytes of page_cgroup
Jan 13 11:48:15 moodle kernel: [    0.000000] please try 'cgroup_disable=memory' option if you don't want memory cgroups
Jan 13 11:48:15 moodle kernel: [    0.000000] Initializing HighMem for node 0 (00000000:00000000)
Jan 13 11:48:15 moodle kernel: [    0.000000] Memory: 239740k/262144k available (4699k kernel code, 21544k reserved, 2128k data, 664k init, 0k highmem)
Jan 13 11:48:15 moodle kernel: [    0.000000] virtual kernel memory layout:
Jan 13 11:48:15 moodle kernel: [    0.000000]     fixmap  : 0xfff1d000 - 0xfffff000   ( 904 kB)
Jan 13 11:48:15 moodle kernel: [    0.000000]     pkmap   : 0xff800000 - 0xffc00000   (4096 kB)
Jan 13 11:48:15 moodle kernel: [    0.000000]     vmalloc : 0xd0800000 - 0xff7fe000   ( 751 MB)
Jan 13 11:48:15 moodle kernel: [    0.000000]     lowmem  : 0xc0000000 - 0xd0000000   ( 256 MB)
Jan 13 11:48:15 moodle kernel: [    0.000000]       .init : 0xc07ab000 - 0xc0851000   ( 664 kB)
Jan 13 11:48:15 moodle kernel: [    0.000000]       .data : 0xc0596db7 - 0xc07aafc8   (2128 kB)
Jan 13 11:48:15 moodle kernel: [    0.000000]       .text : 0xc0100000 - 0xc0596db7   (4699 kB)
Jan 13 11:48:15 moodle kernel: [    0.000000] Checking if this processor honours the WP bit even in supervisor mode...Ok.
Jan 13 11:48:15 moodle kernel: [    0.000000] SLUB: Genslabs=13, HWalign=64, Order=0-3, MinObjects=0, CPUs=1, Nodes=1
Jan 13 11:48:15 moodle kernel: [    0.000000] Hierarchical RCU implementation.
Jan 13 11:48:15 moodle kernel: [    0.000000] NR_IRQS:2304 nr_irqs:256
Jan 13 11:48:15 moodle kernel: [    0.000000] Extended CMOS year: 2000
Jan 13 11:48:15 moodle kernel: [    0.000000] Console: colour VGA+ 80x25
Jan 13 11:48:15 moodle kernel: [    0.000000] console [tty0] enabled
Jan 13 11:48:15 moodle kernel: [    0.000000] TSC freq read from hypervisor : 2400.000 MHz
Jan 13 11:48:15 moodle kernel: [    0.000000] Detected 2400.000 MHz processor.
Jan 13 11:48:15 moodle kernel: [    0.000004] Calibrating delay loop (skipped) preset value.. 4800.00 BogoMIPS (lpj=9600000)
Jan 13 11:48:15 moodle kernel: [    0.000205] Security Framework initialized
Jan 13 11:48:15 moodle kernel: [    0.000317] AppArmor: AppArmor initialized
Jan 13 11:48:15 moodle kernel: [    0.000419] Mount-cache hash table entries: 512
Jan 13 11:48:15 moodle kernel: [    0.000623] Initializing cgroup subsys ns
Jan 13 11:48:15 moodle kernel: [    0.000724] Initializing cgroup subsys cpuacct
Jan 13 11:48:15 moodle kernel: [    0.000825] Initializing cgroup subsys memory
Jan 13 11:48:15 moodle kernel: [    0.000930] Initializing cgroup subsys devices
Jan 13 11:48:15 moodle kernel: [    0.001030] Initializing cgroup subsys freezer
Jan 13 11:48:15 moodle kernel: [    0.001133] Initializing cgroup subsys net_cls
Jan 13 11:48:15 moodle kernel: [    0.001260] CPU: Physical Processor ID: 0
Jan 13 11:48:15 moodle kernel: [    0.001362] CPU: L1 I cache: 32K, L1 D cache: 32K
Jan 13 11:48:15 moodle kernel: [    0.001484] CPU: L2 cache: 256K
Jan 13 11:48:15 moodle kernel: [    0.001573] CPU: L3 cache: 20480K
Jan 13 11:48:15 moodle kernel: [    0.001667] mce: CPU supports 0 MCE banks
Jan 13 11:48:15 moodle kernel: [    0.001779] Performance Events: Nehalem/Corei7 events, Intel PMU driver.
Jan 13 11:48:15 moodle kernel: [    0.001984] ... version:                3
Jan 13 11:48:15 moodle kernel: [    0.002082] ... bit width:              48
Jan 13 11:48:15 moodle kernel: [    0.002177] ... generic registers:      4
Jan 13 11:48:15 moodle kernel: [    0.002273] ... value mask:             0000ffffffffffff
Jan 13 11:48:15 moodle kernel: [    0.002377] ... max period:             000000007fffffff
Jan 13 11:48:15 moodle kernel: [    0.002481] ... fixed-purpose events:   3
Jan 13 11:48:15 moodle kernel: [    0.002577] ... event mask:             000000070000000f
Jan 13 11:48:15 moodle kernel: [    0.002687] Checking 'hlt' instruction... OK.
Jan 13 11:48:15 moodle kernel: [    0.017865] SMP alternatives: switching to UP code
Jan 13 11:48:15 moodle kernel: [    0.030599] Freeing SMP alternatives: 19k freed
Jan 13 11:48:15 moodle kernel: [    0.030704] ACPI: Core revision 20090903
Jan 13 11:48:15 moodle kernel: [    0.039161] ftrace: converting mcount calls to 0f 1f 44 00 00
Jan 13 11:48:15 moodle kernel: [    0.039284] ftrace: allocating 21841 entries in 43 pages
Jan 13 11:48:15 moodle kernel: [    0.059087] Enabling APIC mode:  Flat.  Using 1 I/O APICs
Jan 13 11:48:15 moodle kernel: [    0.059690] ..TIMER: vector=0x30 apic1=0 pin1=2 apic2=-1 pin2=-1
Jan 13 11:48:15 moodle kernel: [    0.099457] CPU0: Intel(R) Xeon(R) CPU E5-2665 0 @ 2.40GHz stepping 07
Jan 13 11:48:15 moodle kernel: [    0.207591] Brought up 1 CPUs
Jan 13 11:48:15 moodle kernel: [    0.207683] Total of 1 processors activated (4800.00 BogoMIPS).
Jan 13 11:48:15 moodle kernel: [    0.207931] x86 PAT enabled: cpu 0, old 0x0, new 0x7010600070106
Jan 13 11:48:15 moodle kernel: [    0.211019] devtmpfs: initialized
Jan 13 11:48:15 moodle kernel: [    0.211342] regulator: core version 0.5
Jan 13 11:48:15 moodle kernel: [    0.211518] Time: 11:48:12  Date: 01/13/13
Jan 13 11:48:15 moodle kernel: [    0.211645] NET: Registered protocol family 16
Jan 13 11:48:15 moodle kernel: [    0.211816] EISA bus registered
Jan 13 11:48:15 moodle kernel: [    0.211911] ACPI: bus type pci registered
Jan 13 11:48:15 moodle kernel: [    0.212212] PCI: MCFG configuration 0: base e0000000 segment 0 buses 0 - 255
Jan 13 11:48:15 moodle kernel: [    0.212863] PCI: MCFG area at e0000000 reserved in E820
Jan 13 11:48:15 moodle kernel: [    0.212969] PCI: Using MMCONFIG for extended config space
Jan 13 11:48:15 moodle kernel: [    0.213075] PCI: Using configuration type 1 for base access
Jan 13 11:48:15 moodle kernel: [    0.213700] bio: create slab <bio-0> at 0
Jan 13 11:48:15 moodle kernel: [    0.252807] ACPI: BIOS _OSI(Linux) query ignored
Jan 13 11:48:15 moodle kernel: [    0.261116] ACPI: Interpreter enabled
Jan 13 11:48:15 moodle kernel: [    0.261215] ACPI: (supports S0 S1 S4 S5)
Jan 13 11:48:15 moodle kernel: [    0.261410] ACPI: Using IOAPIC for interrupt routing
Jan 13 11:48:15 moodle kernel: [    0.326027] ACPI: No dock devices found.
Jan 13 11:48:15 moodle kernel: [    0.326932] ACPI: PCI Root Bridge [PCI0] (0000:00)
Jan 13 11:48:15 moodle kernel: [    0.329086] pci 0000:00:07.3: quirk: region 1000-103f claimed by PIIX4 ACPI
Jan 13 11:48:15 moodle kernel: [    0.329215] pci 0000:00:07.3: quirk: region 1040-104f claimed by PIIX4 SMB
Jan 13 11:48:15 moodle kernel: [    0.333974] pci 0000:00:15.0: PME# supported from D0 D3hot D3cold
Jan 13 11:48:15 moodle kernel: [    0.334106] pci 0000:00:15.0: PME# disabled
Jan 13 11:48:15 moodle kernel: [    0.337881] pci 0000:00:15.1: PME# supported from D0 D3hot D3cold
Jan 13 11:48:15 moodle kernel: [    0.338011] pci 0000:00:15.1: PME# disabled
Jan 13 11:48:15 moodle kernel: [    0.338956] pci 0000:00:15.2: PME# supported from D0 D3hot D3cold
Jan 13 11:48:15 moodle kernel: [    0.339086] pci 0000:00:15.2: PME# disabled
Jan 13 11:48:15 moodle kernel: [    0.340038] pci 0000:00:15.3: PME# supported from D0 D3hot D3cold
Jan 13 11:48:15 moodle kernel: [    0.340168] pci 0000:00:15.3: PME# disabled
Jan 13 11:48:15 moodle kernel: [    0.341110] pci 0000:00:15.4: PME# supported from D0 D3hot D3cold
Jan 13 11:48:15 moodle kernel: [    0.341240] pci 0000:00:15.4: PME# disabled
Jan 13 11:48:15 moodle kernel: [    0.342185] pci 0000:00:15.5: PME# supported from D0 D3hot D3cold
Jan 13 11:48:15 moodle kernel: [    0.342315] pci 0000:00:15.5: PME# disabled
Jan 13 11:48:15 moodle kernel: [    0.343261] pci 0000:00:15.6: PME# supported from D0 D3hot D3cold
Jan 13 11:48:15 moodle kernel: [    0.343417] pci 0000:00:15.6: PME# disabled
Jan 13 11:48:15 moodle kernel: [    0.344362] pci 0000:00:15.7: PME# supported from D0 D3hot D3cold
Jan 13 11:48:15 moodle kernel: [    0.344492] pci 0000:00:15.7: PME# disabled
Jan 13 11:48:15 moodle kernel: [    0.345435] pci 0000:00:16.0: PME# supported from D0 D3hot D3cold
Jan 13 11:48:15 moodle kernel: [    0.345565] pci 0000:00:16.0: PME# disabled
Jan 13 11:48:15 moodle kernel: [    0.346506] pci 0000:00:16.1: PME# supported from D0 D3hot D3cold
Jan 13 11:48:15 moodle kernel: [    0.346635] pci 0000:00:16.1: PME# disabled
Jan 13 11:48:15 moodle kernel: [    0.350383] pci 0000:00:16.2: PME# supported from D0 D3hot D3cold
Jan 13 11:48:15 moodle kernel: [    0.350515] pci 0000:00:16.2: PME# disabled
Jan 13 11:48:15 moodle kernel: [    0.351467] pci 0000:00:16.3: PME# supported from D0 D3hot D3cold
Jan 13 11:48:15 moodle kernel: [    0.351597] pci 0000:00:16.3: PME# disabled
Jan 13 11:48:15 moodle kernel: [    0.352543] pci 0000:00:16.4: PME# supported from D0 D3hot D3cold
Jan 13 11:48:15 moodle kernel: [    0.352671] pci 0000:00:16.4: PME# disabled
Jan 13 11:48:15 moodle kernel: [    0.353619] pci 0000:00:16.5: PME# supported from D0 D3hot D3cold
Jan 13 11:48:15 moodle kernel: [    0.353747] pci 0000:00:16.5: PME# disabled
Jan 13 11:48:15 moodle kernel: [    0.354693] pci 0000:00:16.6: PME# supported from D0 D3hot D3cold
Jan 13 11:48:15 moodle kernel: [    0.354822] pci 0000:00:16.6: PME# disabled
Jan 13 11:48:15 moodle kernel: [    0.355774] pci 0000:00:16.7: PME# supported from D0 D3hot D3cold
Jan 13 11:48:15 moodle kernel: [    0.355903] pci 0000:00:16.7: PME# disabled
Jan 13 11:48:15 moodle kernel: [    0.356845] pci 0000:00:17.0: PME# supported from D0 D3hot D3cold
Jan 13 11:48:15 moodle kernel: [    0.356974] pci 0000:00:17.0: PME# disabled
Jan 13 11:48:15 moodle kernel: [    0.357917] pci 0000:00:17.1: PME# supported from D0 D3hot D3cold
Jan 13 11:48:15 moodle kernel: [    0.358049] pci 0000:00:17.1: PME# disabled
Jan 13 11:48:15 moodle kernel: [    0.358988] pci 0000:00:17.2: PME# supported from D0 D3hot D3cold
Jan 13 11:48:15 moodle kernel: [    0.359117] pci 0000:00:17.2: PME# disabled
Jan 13 11:48:15 moodle kernel: [    0.362869] pci 0000:00:17.3: PME# supported from D0 D3hot D3cold
Jan 13 11:48:15 moodle kernel: [    0.363000] pci 0000:00:17.3: PME# disabled
Jan 13 11:48:15 moodle kernel: [    0.363956] pci 0000:00:17.4: PME# supported from D0 D3hot D3cold
Jan 13 11:48:15 moodle kernel: [    0.364086] pci 0000:00:17.4: PME# disabled
Jan 13 11:48:15 moodle kernel: [    0.365034] pci 0000:00:17.5: PME# supported from D0 D3hot D3cold
Jan 13 11:48:15 moodle kernel: [    0.365164] pci 0000:00:17.5: PME# disabled
Jan 13 11:48:15 moodle kernel: [    0.367364] pci 0000:00:17.6: PME# supported from D0 D3hot D3cold
Jan 13 11:48:15 moodle kernel: [    0.367495] pci 0000:00:17.6: PME# disabled
Jan 13 11:48:15 moodle kernel: [    0.368438] pci 0000:00:17.7: PME# supported from D0 D3hot D3cold
Jan 13 11:48:15 moodle kernel: [    0.368568] pci 0000:00:17.7: PME# disabled
Jan 13 11:48:15 moodle kernel: [    0.369507] pci 0000:00:18.0: PME# supported from D0 D3hot D3cold
Jan 13 11:48:15 moodle kernel: [    0.369636] pci 0000:00:18.0: PME# disabled
Jan 13 11:48:15 moodle kernel: [    0.370581] pci 0000:00:18.1: PME# supported from D0 D3hot D3cold
Jan 13 11:48:15 moodle kernel: [    0.370711] pci 0000:00:18.1: PME# disabled
Jan 13 11:48:15 moodle kernel: [    0.371660] pci 0000:00:18.2: PME# supported from D0 D3hot D3cold
Jan 13 11:48:15 moodle kernel: [    0.371790] pci 0000:00:18.2: PME# disabled
Jan 13 11:48:15 moodle kernel: [    0.375233] pci 0000:00:18.3: PME# supported from D0 D3hot D3cold
Jan 13 11:48:15 moodle kernel: [    0.375394] pci 0000:00:18.3: PME# disabled
Jan 13 11:48:15 moodle kernel: [    0.376336] pci 0000:00:18.4: PME# supported from D0 D3hot D3cold
Jan 13 11:48:15 moodle kernel: [    0.376465] pci 0000:00:18.4: PME# disabled
Jan 13 11:48:15 moodle kernel: [    0.377410] pci 0000:00:18.5: PME# supported from D0 D3hot D3cold
Jan 13 11:48:15 moodle kernel: [    0.377539] pci 0000:00:18.5: PME# disabled
Jan 13 11:48:15 moodle kernel: [    0.378481] pci 0000:00:18.6: PME# supported from D0 D3hot D3cold
Jan 13 11:48:15 moodle kernel: [    0.378611] pci 0000:00:18.6: PME# disabled
Jan 13 11:48:15 moodle kernel: [    0.379564] pci 0000:00:18.7: PME# supported from D0 D3hot D3cold
Jan 13 11:48:15 moodle kernel: [    0.379693] pci 0000:00:18.7: PME# disabled
Jan 13 11:48:15 moodle kernel: [    0.381210] pci 0000:00:11.0: transparent bridge
Jan 13 11:48:15 moodle kernel: [    0.569472] ACPI: PCI Interrupt Link [LNKA] (IRQs 3 4 5 6 7 *9 10 11 14 15)
Jan 13 11:48:15 moodle kernel: [    0.569981] ACPI: PCI Interrupt Link [LNKB] (IRQs 3 4 5 6 7 9 10 *11 14 15)
Jan 13 11:48:15 moodle kernel: [    0.570479] ACPI: PCI Interrupt Link [LNKC] (IRQs 3 4 5 6 7 9 *10 11 14 15)
Jan 13 11:48:15 moodle kernel: [    0.570988] ACPI: PCI Interrupt Link [LNKD] (IRQs 3 4 5 6 7 9 10 11 14 15) *0, disabled.
Jan 13 11:48:15 moodle kernel: [    0.571591] vgaarb: device added: PCI:0000:00:0f.0,decodes=io+mem,owns=io+mem,locks=none
Jan 13 11:48:15 moodle kernel: [    0.571771] vgaarb: loaded
Jan 13 11:48:15 moodle kernel: [    0.571937] SCSI subsystem initialized
Jan 13 11:48:15 moodle kernel: [    0.572146] usbcore: registered new interface driver usbfs
Jan 13 11:48:15 moodle kernel: [    0.572259] usbcore: registered new interface driver hub
Jan 13 11:48:15 moodle kernel: [    0.572377] usbcore: registered new device driver usb
Jan 13 11:48:15 moodle kernel: [    0.572550] ACPI: WMI: Mapper loaded
Jan 13 11:48:15 moodle kernel: [    0.572643] PCI: Using ACPI for IRQ routing
Jan 13 11:48:15 moodle kernel: [    0.573616] NetLabel: Initializing
Jan 13 11:48:15 moodle kernel: [    0.573709] NetLabel:  domain hash size = 128
Jan 13 11:48:15 moodle kernel: [    0.573810] NetLabel:  protocols = UNLABELED CIPSOv4
Jan 13 11:48:15 moodle kernel: [    0.573919] NetLabel:  unlabeled traffic allowed by default
Jan 13 11:48:15 moodle kernel: [    0.574061] Switching to clocksource tsc
Jan 13 11:48:15 moodle kernel: [    0.575676] AppArmor: AppArmor Filesystem Enabled
Jan 13 11:48:15 moodle kernel: [    0.575785] pnp: PnP ACPI init
Jan 13 11:48:15 moodle kernel: [    0.575879] ACPI: bus type pnp registered
Jan 13 11:48:15 moodle kernel: [    0.616984] pnp: PnP ACPI: found 13 devices
Jan 13 11:48:15 moodle kernel: [    0.617085] ACPI: ACPI bus type pnp unregistered
Jan 13 11:48:15 moodle kernel: [    0.617188] PnPBIOS: Disabled by ACPI PNP
Jan 13 11:48:15 moodle kernel: [    0.617293] system 00:01: ioport range 0x1000-0x103f has been reserved
Jan 13 11:48:15 moodle kernel: [    0.617407] system 00:01: ioport range 0x1040-0x104f has been reserved
Jan 13 11:48:15 moodle kernel: [    0.617521] system 00:01: ioport range 0xcf0-0xcf1 has been reserved
Jan 13 11:48:15 moodle kernel: [    0.617637] system 00:0c: ioport range 0x1060-0x107f has been reserved
Jan 13 11:48:15 moodle kernel: [    0.617751] system 00:0c: iomem range 0xe0000000-0xefffffff has been reserved
Jan 13 11:48:15 moodle kernel: [    0.617869] system 00:0c: iomem range 0xd8a00000-0xd8bfffff has been reserved
Jan 13 11:48:15 moodle kernel: [    0.654075] pci 0000:00:15.3: BAR 13: can't allocate I/O resource [0x10000-0xffff]
Jan 13 11:48:15 moodle kernel: [    0.654079] pci 0000:00:15.4: BAR 13: can't allocate I/O resource [0x10000-0xffff]
Jan 13 11:48:15 moodle kernel: [    0.654083] pci 0000:00:15.5: BAR 13: can't allocate I/O resource [0x10000-0xffff]
Jan 13 11:48:15 moodle kernel: [    0.654087] pci 0000:00:15.6: BAR 13: can't allocate I/O resource [0x10000-0xffff]
Jan 13 11:48:15 moodle kernel: [    0.654092] pci 0000:00:15.7: BAR 13: can't allocate I/O resource [0x10000-0xffff]
Jan 13 11:48:15 moodle kernel: [    0.654096] pci 0000:00:16.3: BAR 13: can't allocate I/O resource [0x10000-0xffff]
Jan 13 11:48:15 moodle kernel: [    0.654100] pci 0000:00:16.4: BAR 13: can't allocate I/O resource [0x10000-0xffff]
Jan 13 11:48:15 moodle kernel: [    0.654104] pci 0000:00:16.5: BAR 13: can't allocate I/O resource [0x10000-0xffff]
Jan 13 11:48:15 moodle kernel: [    0.654108] pci 0000:00:16.6: BAR 13: can't allocate I/O resource [0x10000-0xffff]
Jan 13 11:48:15 moodle kernel: [    0.654112] pci 0000:00:16.7: BAR 13: can't allocate I/O resource [0x10000-0xffff]
Jan 13 11:48:15 moodle kernel: [    0.654117] pci 0000:00:17.3: BAR 13: can't allocate I/O resource [0x10000-0xffff]
Jan 13 11:48:15 moodle kernel: [    0.654121] pci 0000:00:17.4: BAR 13: can't allocate I/O resource [0x10000-0xffff]
Jan 13 11:48:15 moodle kernel: [    0.654125] pci 0000:00:17.5: BAR 13: can't allocate I/O resource [0x10000-0xffff]
Jan 13 11:48:15 moodle kernel: [    0.654129] pci 0000:00:17.6: BAR 13: can't allocate I/O resource [0x10000-0xffff]
Jan 13 11:48:15 moodle kernel: [    0.654133] pci 0000:00:17.7: BAR 13: can't allocate I/O resource [0x10000-0xffff]
Jan 13 11:48:15 moodle kernel: [    0.654137] pci 0000:00:18.3: BAR 13: can't allocate I/O resource [0x10000-0xffff]
Jan 13 11:48:15 moodle kernel: [    0.654141] pci 0000:00:18.4: BAR 13: can't allocate I/O resource [0x10000-0xffff]
Jan 13 11:48:15 moodle kernel: [    0.654146] pci 0000:00:18.5: BAR 13: can't allocate I/O resource [0x10000-0xffff]
Jan 13 11:48:15 moodle kernel: [    0.654150] pci 0000:00:18.6: BAR 13: can't allocate I/O resource [0x10000-0xffff]
Jan 13 11:48:15 moodle kernel: [    0.654154] pci 0000:00:18.7: BAR 13: can't allocate I/O resource [0x10000-0xffff]
Jan 13 11:48:15 moodle kernel: [    0.654158] pci 0000:00:01.0: PCI bridge, secondary bus 0000:01
Jan 13 11:48:15 moodle kernel: [    0.654162] pci 0000:00:01.0:   IO window: disabled
Jan 13 11:48:15 moodle kernel: [    0.654166] pci 0000:00:01.0:   MEM window: disabled
Jan 13 11:48:15 moodle kernel: [    0.654171] pci 0000:00:01.0:   PREFETCH window: disabled
Jan 13 11:48:15 moodle kernel: [    0.654175] pci 0000:00:11.0: PCI bridge, secondary bus 0000:02
Jan 13 11:48:15 moodle kernel: [    0.654179] pci 0000:00:11.0:   IO window: 0x2000-0x3fff
Jan 13 11:48:15 moodle kernel: [    0.654183] pci 0000:00:11.0:   MEM window: 0xd9200000-0xd9cfffff
Jan 13 11:48:15 moodle kernel: [    0.654187] pci 0000:00:11.0:   PREFETCH window: 0x000000dc100000-0x000000dc6fffff
Jan 13 11:48:15 moodle kernel: [    0.654191] pci 0000:00:15.0: PCI bridge, secondary bus 0000:03
Jan 13 11:48:15 moodle kernel: [    0.654196] pci 0000:00:15.0:   IO window: 0x4000-0x4fff
Jan 13 11:48:15 moodle kernel: [    0.654200] pci 0000:00:15.0:   MEM window: 0xd9d00000-0xd9dfffff
Jan 13 11:48:15 moodle kernel: [    0.654204] pci 0000:00:15.0:   PREFETCH window: 0x000000dc700000-0x000000dc7fffff
Jan 13 11:48:15 moodle kernel: [    0.654208] pci 0000:00:15.1: PCI bridge, secondary bus 0000:04
Jan 13 11:48:15 moodle kernel: [    0.654212] pci 0000:00:15.1:   IO window: 0x8000-0x8fff
Jan 13 11:48:15 moodle kernel: [    0.654216] pci 0000:00:15.1:   MEM window: 0xda100000-0xda1fffff
Jan 13 11:48:15 moodle kernel: [    0.654221] pci 0000:00:15.1:   PREFETCH window: 0x000000dcb00000-0x000000dcbfffff
Jan 13 11:48:15 moodle kernel: [    0.654225] pci 0000:00:15.2: PCI bridge, secondary bus 0000:05
Jan 13 11:48:15 moodle kernel: [    0.654229] pci 0000:00:15.2:   IO window: 0xc000-0xcfff
Jan 13 11:48:15 moodle kernel: [    0.654233] pci 0000:00:15.2:   MEM window: 0xda500000-0xda5fffff
Jan 13 11:48:15 moodle kernel: [    0.654237] pci 0000:00:15.2:   PREFETCH window: 0x000000dcf00000-0x000000dcffffff
Jan 13 11:48:15 moodle kernel: [    0.654241] pci 0000:00:15.3: PCI bridge, secondary bus 0000:06
Jan 13 11:48:15 moodle kernel: [    0.654245] pci 0000:00:15.3:   IO window: disabled
Jan 13 11:48:15 moodle kernel: [    0.654250] pci 0000:00:15.3:   MEM window: 0xda900000-0xda9fffff
Jan 13 11:48:15 moodle kernel: [    0.654254] pci 0000:00:15.3:   PREFETCH window: 0x000000dd300000-0x000000dd3fffff
Jan 13 11:48:15 moodle kernel: [    0.654258] pci 0000:00:15.4: PCI bridge, secondary bus 0000:07
Jan 13 11:48:15 moodle kernel: [    0.654262] pci 0000:00:15.4:   IO window: disabled
Jan 13 11:48:15 moodle kernel: [    0.654266] pci 0000:00:15.4:   MEM window: 0xdad00000-0xdadfffff
Jan 13 11:48:15 moodle kernel: [    0.654270] pci 0000:00:15.4:   PREFETCH window: 0x000000dd700000-0x000000dd7fffff
Jan 13 11:48:15 moodle kernel: [    0.654275] pci 0000:00:15.5: PCI bridge, secondary bus 0000:08
Jan 13 11:48:15 moodle kernel: [    0.654279] pci 0000:00:15.5:   IO window: disabled
Jan 13 11:48:15 moodle kernel: [    0.654283] pci 0000:00:15.5:   MEM window: 0xdb100000-0xdb1fffff
Jan 13 11:48:15 moodle kernel: [    0.654287] pci 0000:00:15.5:   PREFETCH window: 0x000000ddb00000-0x000000ddbfffff
Jan 13 11:48:15 moodle kernel: [    0.654291] pci 0000:00:15.6: PCI bridge, secondary bus 0000:09
Jan 13 11:48:15 moodle kernel: [    0.654295] pci 0000:00:15.6:   IO window: disabled
Jan 13 11:48:15 moodle kernel: [    0.654300] pci 0000:00:15.6:   MEM window: 0xdb500000-0xdb5fffff
Jan 13 11:48:15 moodle kernel: [    0.654304] pci 0000:00:15.6:   PREFETCH window: 0x000000ddf00000-0x000000ddffffff
Jan 13 11:48:15 moodle kernel: [    0.654308] pci 0000:00:15.7: PCI bridge, secondary bus 0000:0a
Jan 13 11:48:15 moodle kernel: [    0.654312] pci 0000:00:15.7:   IO window: disabled
Jan 13 11:48:15 moodle kernel: [    0.654316] pci 0000:00:15.7:   MEM window: 0xdb900000-0xdb9fffff
Jan 13 11:48:15 moodle kernel: [    0.654320] pci 0000:00:15.7:   PREFETCH window: 0x000000de300000-0x000000de3fffff
Jan 13 11:48:15 moodle kernel: [    0.654325] pci 0000:00:16.0: PCI bridge, secondary bus 0000:0b
Jan 13 11:48:15 moodle kernel: [    0.654329] pci 0000:00:16.0:   IO window: 0x5000-0x5fff
Jan 13 11:48:15 moodle kernel: [    0.654333] pci 0000:00:16.0:   MEM window: 0xd9e00000-0xd9efffff
Jan 13 11:48:15 moodle kernel: [    0.654337] pci 0000:00:16.0:   PREFETCH window: 0x000000dc800000-0x000000dc8fffff
Jan 13 11:48:15 moodle kernel: [    0.654341] pci 0000:00:16.1: PCI bridge, secondary bus 0000:0c
Jan 13 11:48:15 moodle kernel: [    0.654345] pci 0000:00:16.1:   IO window: 0x9000-0x9fff
Jan 13 11:48:15 moodle kernel: [    0.654349] pci 0000:00:16.1:   MEM window: 0xda200000-0xda2fffff
Jan 13 11:48:15 moodle kernel: [    0.654354] pci 0000:00:16.1:   PREFETCH window: 0x000000dcc00000-0x000000dccfffff
Jan 13 11:48:15 moodle kernel: [    0.654358] pci 0000:00:16.2: PCI bridge, secondary bus 0000:0d
Jan 13 11:48:15 moodle kernel: [    0.654362] pci 0000:00:16.2:   IO window: 0xd000-0xdfff
Jan 13 11:48:15 moodle kernel: [    0.654366] pci 0000:00:16.2:   MEM window: 0xda600000-0xda6fffff
Jan 13 11:48:15 moodle kernel: [    0.654370] pci 0000:00:16.2:   PREFETCH window: 0x000000dd000000-0x000000dd0fffff
Jan 13 11:48:15 moodle kernel: [    0.654374] pci 0000:00:16.3: PCI bridge, secondary bus 0000:0e
Jan 13 11:48:15 moodle kernel: [    0.654379] pci 0000:00:16.3:   IO window: disabled
Jan 13 11:48:15 moodle kernel: [    0.654383] pci 0000:00:16.3:   MEM window: 0xdaa00000-0xdaafffff
Jan 13 11:48:15 moodle kernel: [    0.654387] pci 0000:00:16.3:   PREFETCH window: 0x000000dd400000-0x000000dd4fffff
Jan 13 11:48:15 moodle kernel: [    0.654391] pci 0000:00:16.4: PCI bridge, secondary bus 0000:0f
Jan 13 11:48:15 moodle kernel: [    0.654395] pci 0000:00:16.4:   IO window: disabled
Jan 13 11:48:15 moodle kernel: [    0.654399] pci 0000:00:16.4:   MEM window: 0xdae00000-0xdaefffff
Jan 13 11:48:15 moodle kernel: [    0.654404] pci 0000:00:16.4:   PREFETCH window: 0x000000dd800000-0x000000dd8fffff
Jan 13 11:48:15 moodle kernel: [    0.654408] pci 0000:00:16.5: PCI bridge, secondary bus 0000:10
Jan 13 11:48:15 moodle kernel: [    0.654412] pci 0000:00:16.5:   IO window: disabled
Jan 13 11:48:15 moodle kernel: [    0.654416] pci 0000:00:16.5:   MEM window: 0xdb200000-0xdb2fffff
Jan 13 11:48:15 moodle kernel: [    0.654420] pci 0000:00:16.5:   PREFETCH window: 0x000000ddc00000-0x000000ddcfffff
Jan 13 11:48:15 moodle kernel: [    0.654424] pci 0000:00:16.6: PCI bridge, secondary bus 0000:11
Jan 13 11:48:15 moodle kernel: [    0.654429] pci 0000:00:16.6:   IO window: disabled
Jan 13 11:48:15 moodle kernel: [    0.654433] pci 0000:00:16.6:   MEM window: 0xdb600000-0xdb6fffff
Jan 13 11:48:15 moodle kernel: [    0.654437] pci 0000:00:16.6:   PREFETCH window: 0x000000de000000-0x000000de0fffff
Jan 13 11:48:15 moodle kernel: [    0.654441] pci 0000:00:16.7: PCI bridge, secondary bus 0000:12
Jan 13 11:48:15 moodle kernel: [    0.654445] pci 0000:00:16.7:   IO window: disabled
Jan 13 11:48:15 moodle kernel: [    0.654449] pci 0000:00:16.7:   MEM window: 0xdba00000-0xdbafffff
Jan 13 11:48:15 moodle kernel: [    0.654453] pci 0000:00:16.7:   PREFETCH window: 0x000000de400000-0x000000de4fffff
Jan 13 11:48:15 moodle kernel: [    0.654458] pci 0000:00:17.0: PCI bridge, secondary bus 0000:13
Jan 13 11:48:15 moodle kernel: [    0.654462] pci 0000:00:17.0:   IO window: 0x6000-0x6fff
Jan 13 11:48:15 moodle kernel: [    0.654466] pci 0000:00:17.0:   MEM window: 0xd9f00000-0xd9ffffff
Jan 13 11:48:15 moodle kernel: [    0.654470] pci 0000:00:17.0:   PREFETCH window: 0x000000dc900000-0x000000dc9fffff
Jan 13 11:48:15 moodle kernel: [    0.654474] pci 0000:00:17.1: PCI bridge, secondary bus 0000:14
Jan 13 11:48:15 moodle kernel: [    0.654478] pci 0000:00:17.1:   IO window: 0xa000-0xafff
Jan 13 11:48:15 moodle kernel: [    0.654483] pci 0000:00:17.1:   MEM window: 0xda300000-0xda3fffff
Jan 13 11:48:15 moodle kernel: [    0.654487] pci 0000:00:17.1:   PREFETCH window: 0x000000dcd00000-0x000000dcdfffff
Jan 13 11:48:15 moodle kernel: [    0.654491] pci 0000:00:17.2: PCI bridge, secondary bus 0000:15
Jan 13 11:48:15 moodle kernel: [    0.654495] pci 0000:00:17.2:   IO window: 0xe000-0xefff
Jan 13 11:48:15 moodle kernel: [    0.654499] pci 0000:00:17.2:   MEM window: 0xda700000-0xda7fffff
Jan 13 11:48:15 moodle kernel: [    0.654503] pci 0000:00:17.2:   PREFETCH window: 0x000000dd100000-0x000000dd1fffff
Jan 13 11:48:15 moodle kernel: [    0.654508] pci 0000:00:17.3: PCI bridge, secondary bus 0000:16
Jan 13 11:48:15 moodle kernel: [    0.654512] pci 0000:00:17.3:   IO window: disabled
Jan 13 11:48:15 moodle kernel: [    0.654516] pci 0000:00:17.3:   MEM window: 0xdab00000-0xdabfffff
Jan 13 11:48:15 moodle kernel: [    0.654520] pci 0000:00:17.3:   PREFETCH window: 0x000000dd500000-0x000000dd5fffff
Jan 13 11:48:15 moodle kernel: [    0.654524] pci 0000:00:17.4: PCI bridge, secondary bus 0000:17
Jan 13 11:48:15 moodle kernel: [    0.654528] pci 0000:00:17.4:   IO window: disabled
Jan 13 11:48:15 moodle kernel: [    0.654533] pci 0000:00:17.4:   MEM window: 0xdaf00000-0xdaffffff
Jan 13 11:48:15 moodle kernel: [    0.654537] pci 0000:00:17.4:   PREFETCH window: 0x000000dd900000-0x000000dd9fffff
Jan 13 11:48:15 moodle kernel: [    0.654541] pci 0000:00:17.5: PCI bridge, secondary bus 0000:18
Jan 13 11:48:15 moodle kernel: [    0.654545] pci 0000:00:17.5:   IO window: disabled
Jan 13 11:48:15 moodle kernel: [    0.654549] pci 0000:00:17.5:   MEM window: 0xdb300000-0xdb3fffff
Jan 13 11:48:15 moodle kernel: [    0.654553] pci 0000:00:17.5:   PREFETCH window: 0x000000ddd00000-0x000000dddfffff
Jan 13 11:48:15 moodle kernel: [    0.654557] pci 0000:00:17.6: PCI bridge, secondary bus 0000:19
Jan 13 11:48:15 moodle kernel: [    0.654562] pci 0000:00:17.6:   IO window: disabled
Jan 13 11:48:15 moodle kernel: [    0.654566] pci 0000:00:17.6:   MEM window: 0xdb700000-0xdb7fffff
Jan 13 11:48:15 moodle kernel: [    0.654570] pci 0000:00:17.6:   PREFETCH window: 0x000000de100000-0x000000de1fffff
Jan 13 11:48:15 moodle kernel: [    0.654574] pci 0000:00:17.7: PCI bridge, secondary bus 0000:1a
Jan 13 11:48:15 moodle kernel: [    0.654578] pci 0000:00:17.7:   IO window: disabled
Jan 13 11:48:15 moodle kernel: [    0.654582] pci 0000:00:17.7:   MEM window: 0xdbb00000-0xdbbfffff
Jan 13 11:48:15 moodle kernel: [    0.654587] pci 0000:00:17.7:   PREFETCH window: 0x000000de500000-0x000000de5fffff
Jan 13 11:48:15 moodle kernel: [    0.654591] pci 0000:00:18.0: PCI bridge, secondary bus 0000:1b
Jan 13 11:48:15 moodle kernel: [    0.654595] pci 0000:00:18.0:   IO window: 0x7000-0x7fff
Jan 13 11:48:15 moodle kernel: [    0.654599] pci 0000:00:18.0:   MEM window: 0xda000000-0xda0fffff
Jan 13 11:48:15 moodle kernel: [    0.654603] pci 0000:00:18.0:   PREFETCH window: 0x000000dca00000-0x000000dcafffff
Jan 13 11:48:15 moodle kernel: [    0.654607] pci 0000:00:18.1: PCI bridge, secondary bus 0000:1c
Jan 13 11:48:15 moodle kernel: [    0.654612] pci 0000:00:18.1:   IO window: 0xb000-0xbfff
Jan 13 11:48:15 moodle kernel: [    0.654616] pci 0000:00:18.1:   MEM window: 0xda400000-0xda4fffff
Jan 13 11:48:15 moodle kernel: [    0.654620] pci 0000:00:18.1:   PREFETCH window: 0x000000dce00000-0x000000dcefffff
Jan 13 11:48:15 moodle kernel: [    0.654624] pci 0000:00:18.2: PCI bridge, secondary bus 0000:1d
Jan 13 11:48:15 moodle kernel: [    0.654628] pci 0000:00:18.2:   IO window: 0xf000-0xffff
Jan 13 11:48:15 moodle kernel: [    0.654632] pci 0000:00:18.2:   MEM window: 0xda800000-0xda8fffff
Jan 13 11:48:15 moodle kernel: [    0.654637] pci 0000:00:18.2:   PREFETCH window: 0x000000dd200000-0x000000dd2fffff
Jan 13 11:48:15 moodle kernel: [    0.654641] pci 0000:00:18.3: PCI bridge, secondary bus 0000:1e
Jan 13 11:48:15 moodle kernel: [    0.654645] pci 0000:00:18.3:   IO window: disabled
Jan 13 11:48:15 moodle kernel: [    0.654649] pci 0000:00:18.3:   MEM window: 0xdac00000-0xdacfffff
Jan 13 11:48:15 moodle kernel: [    0.654653] pci 0000:00:18.3:   PREFETCH window: 0x000000dd600000-0x000000dd6fffff
Jan 13 11:48:15 moodle kernel: [    0.654657] pci 0000:00:18.4: PCI bridge, secondary bus 0000:1f
Jan 13 11:48:15 moodle kernel: [    0.654662] pci 0000:00:18.4:   IO window: disabled
Jan 13 11:48:15 moodle kernel: [    0.654666] pci 0000:00:18.4:   MEM window: 0xdb000000-0xdb0fffff
Jan 13 11:48:15 moodle kernel: [    0.654670] pci 0000:00:18.4:   PREFETCH window: 0x000000dda00000-0x000000ddafffff
Jan 13 11:48:15 moodle kernel: [    0.654674] pci 0000:00:18.5: PCI bridge, secondary bus 0000:20
Jan 13 11:48:15 moodle kernel: [    0.654678] pci 0000:00:18.5:   IO window: disabled
Jan 13 11:48:15 moodle kernel: [    0.654682] pci 0000:00:18.5:   MEM window: 0xdb400000-0xdb4fffff
Jan 13 11:48:15 moodle kernel: [    0.654686] pci 0000:00:18.5:   PREFETCH window: 0x000000dde00000-0x000000ddefffff
Jan 13 11:48:15 moodle kernel: [    0.654691] pci 0000:00:18.6: PCI bridge, secondary bus 0000:21
Jan 13 11:48:15 moodle kernel: [    0.654695] pci 0000:00:18.6:   IO window: disabled
Jan 13 11:48:15 moodle kernel: [    0.654699] pci 0000:00:18.6:   MEM window: 0xdb800000-0xdb8fffff
Jan 13 11:48:15 moodle kernel: [    0.654703] pci 0000:00:18.6:   PREFETCH window: 0x000000de200000-0x000000de2fffff
Jan 13 11:48:15 moodle kernel: [    0.654707] pci 0000:00:18.7: PCI bridge, secondary bus 0000:22
Jan 13 11:48:15 moodle kernel: [    0.654711] pci 0000:00:18.7:   IO window: disabled
Jan 13 11:48:15 moodle kernel: [    0.654716] pci 0000:00:18.7:   MEM window: 0xdbc00000-0xdbcfffff
Jan 13 11:48:15 moodle kernel: [    0.654720] pci 0000:00:18.7:   PREFETCH window: 0x000000de600000-0x000000de6fffff
Jan 13 11:48:15 moodle kernel: [    0.658319] NET: Registered protocol family 2
Jan 13 11:48:15 moodle kernel: [    0.658323] IP route cache hash table entries: 2048 (order: 1, 8192 bytes)
Jan 13 11:48:15 moodle kernel: [    0.658327] TCP established hash table entries: 8192 (order: 4, 65536 bytes)
Jan 13 11:48:15 moodle kernel: [    0.658331] TCP bind hash table entries: 8192 (order: 4, 65536 bytes)
Jan 13 11:48:15 moodle kernel: [    0.658335] TCP: Hash tables configured (established 8192 bind 8192)
Jan 13 11:48:15 moodle kernel: [    0.658340] TCP reno registered
Jan 13 11:48:15 moodle kernel: [    0.658344] NET: Registered protocol family 1
Jan 13 11:48:15 moodle kernel: [    0.658348] pci 0000:00:00.0: Limiting direct PCI/PCI transfers
Jan 13 11:48:15 moodle kernel: [    0.658391] Simple Boot Flag at 0x36 set to 0x1
Jan 13 11:48:15 moodle kernel: [    0.658395] cpufreq-nforce2: No nForce2 chipset.
Jan 13 11:48:15 moodle kernel: [    0.658399] Scanning for low memory corruption every 60 seconds
Jan 13 11:48:15 moodle kernel: [    0.658415] audit: initializing netlink socket (disabled)
Jan 13 11:48:15 moodle kernel: [    0.658419] type=2000 audit(1358077692.532:1): initialized
Jan 13 11:48:15 moodle kernel: [    0.662094] Trying to unpack rootfs image as initramfs...
Jan 13 11:48:15 moodle kernel: [    0.666102] HugeTLB registered 4 MB page size, pre-allocated 0 pages
Jan 13 11:48:15 moodle kernel: [    0.670090] VFS: Disk quotas dquot_6.5.2
Jan 13 11:48:15 moodle kernel: [    0.670094] Dquot-cache hash table entries: 1024 (order 0, 4096 bytes)
Jan 13 11:48:15 moodle kernel: [    0.670121] fuse init (API version 7.13)
Jan 13 11:48:15 moodle kernel: [    0.670126] msgmni has been set to 468
Jan 13 11:48:15 moodle kernel: [    0.674095] alg: No test for stdrng (krng)
Jan 13 11:48:15 moodle kernel: [    0.674108] Block layer SCSI generic (bsg) driver version 0.4 loaded (major 253)
Jan 13 11:48:15 moodle kernel: [    0.674112] io scheduler noop registered
Jan 13 11:48:15 moodle kernel: [    0.674116] io scheduler anticipatory registered
Jan 13 11:48:15 moodle kernel: [    0.674121] io scheduler deadline registered
Jan 13 11:48:15 moodle kernel: [    0.674125] io scheduler cfq registered (default)
Jan 13 11:48:15 moodle kernel: [    0.674609] pci_hotplug: PCI Hot Plug PCI Core version: 0.5
Jan 13 11:48:15 moodle kernel: [    0.674646] pciehp 0000:00:15.0:pcie04: HPC vendor_id 15ad device_id 7a0 ss_vid 0 ss_did 0
Jan 13 11:48:15 moodle kernel: [    0.674654] pciehp 0000:00:15.1:pcie04: HPC vendor_id 15ad device_id 7a0 ss_vid 0 ss_did 0
Jan 13 11:48:15 moodle kernel: [    0.674662] pciehp 0000:00:15.2:pcie04: HPC vendor_id 15ad device_id 7a0 ss_vid 0 ss_did 0
Jan 13 11:48:15 moodle kernel: [    0.674671] pciehp 0000:00:15.3:pcie04: HPC vendor_id 15ad device_id 7a0 ss_vid 0 ss_did 0
Jan 13 11:48:15 moodle kernel: [    0.674679] pciehp 0000:00:15.4:pcie04: HPC vendor_id 15ad device_id 7a0 ss_vid 0 ss_did 0
Jan 13 11:48:15 moodle kernel: [    0.674687] pciehp 0000:00:15.5:pcie04: HPC vendor_id 15ad device_id 7a0 ss_vid 0 ss_did 0
Jan 13 11:48:15 moodle kernel: [    0.674696] pciehp 0000:00:15.6:pcie04: HPC vendor_id 15ad device_id 7a0 ss_vid 0 ss_did 0
Jan 13 11:48:15 moodle kernel: [    0.674704] pciehp 0000:00:15.7:pcie04: HPC vendor_id 15ad device_id 7a0 ss_vid 0 ss_did 0
Jan 13 11:48:15 moodle kernel: [    0.674712] pciehp 0000:00:16.0:pcie04: HPC vendor_id 15ad device_id 7a0 ss_vid 0 ss_did 0
Jan 13 11:48:15 moodle kernel: [    0.674721] pciehp 0000:00:16.1:pcie04: HPC vendor_id 15ad device_id 7a0 ss_vid 0 ss_did 0
Jan 13 11:48:15 moodle kernel: [    0.674729] pciehp 0000:00:16.2:pcie04: HPC vendor_id 15ad device_id 7a0 ss_vid 0 ss_did 0
Jan 13 11:48:15 moodle kernel: [    0.674737] pciehp 0000:00:16.3:pcie04: HPC vendor_id 15ad device_id 7a0 ss_vid 0 ss_did 0
Jan 13 11:48:15 moodle kernel: [    0.674746] pciehp 0000:00:16.4:pcie04: HPC vendor_id 15ad device_id 7a0 ss_vid 0 ss_did 0
Jan 13 11:48:15 moodle kernel: [    0.674754] pciehp 0000:00:16.5:pcie04: HPC vendor_id 15ad device_id 7a0 ss_vid 0 ss_did 0
Jan 13 11:48:15 moodle kernel: [    0.674762] pciehp 0000:00:16.6:pcie04: HPC vendor_id 15ad device_id 7a0 ss_vid 0 ss_did 0
Jan 13 11:48:15 moodle kernel: [    0.674771] pciehp 0000:00:16.7:pcie04: HPC vendor_id 15ad device_id 7a0 ss_vid 0 ss_did 0
Jan 13 11:48:15 moodle kernel: [    0.674779] pciehp 0000:00:17.0:pcie04: HPC vendor_id 15ad device_id 7a0 ss_vid 0 ss_did 0
Jan 13 11:48:15 moodle kernel: [    0.674787] pciehp 0000:00:17.1:pcie04: HPC vendor_id 15ad device_id 7a0 ss_vid 0 ss_did 0
Jan 13 11:48:15 moodle kernel: [    0.674796] pciehp 0000:00:17.2:pcie04: HPC vendor_id 15ad device_id 7a0 ss_vid 0 ss_did 0
Jan 13 11:48:15 moodle kernel: [    0.674804] pciehp 0000:00:17.3:pcie04: HPC vendor_id 15ad device_id 7a0 ss_vid 0 ss_did 0
Jan 13 11:48:15 moodle kernel: [    0.674812] pciehp 0000:00:17.4:pcie04: HPC vendor_id 15ad device_id 7a0 ss_vid 0 ss_did 0
Jan 13 11:48:15 moodle kernel: [    0.674820] pciehp 0000:00:17.5:pcie04: HPC vendor_id 15ad device_id 7a0 ss_vid 0 ss_did 0
Jan 13 11:48:15 moodle kernel: [    0.674829] pciehp 0000:00:17.6:pcie04: HPC vendor_id 15ad device_id 7a0 ss_vid 0 ss_did 0
Jan 13 11:48:15 moodle kernel: [    0.674837] pciehp 0000:00:17.7:pcie04: HPC vendor_id 15ad device_id 7a0 ss_vid 0 ss_did 0
Jan 13 11:48:15 moodle kernel: [    0.674845] pciehp 0000:00:18.0:pcie04: HPC vendor_id 15ad device_id 7a0 ss_vid 0 ss_did 0
Jan 13 11:48:15 moodle kernel: [    0.674854] pciehp 0000:00:18.1:pcie04: HPC vendor_id 15ad device_id 7a0 ss_vid 0 ss_did 0
Jan 13 11:48:15 moodle kernel: [    0.674862] pciehp 0000:00:18.2:pcie04: HPC vendor_id 15ad device_id 7a0 ss_vid 0 ss_did 0
Jan 13 11:48:15 moodle kernel: [    0.674870] pciehp 0000:00:18.3:pcie04: HPC vendor_id 15ad device_id 7a0 ss_vid 0 ss_did 0
Jan 13 11:48:15 moodle kernel: [    0.674879] pciehp 0000:00:18.4:pcie04: HPC vendor_id 15ad device_id 7a0 ss_vid 0 ss_did 0
Jan 13 11:48:15 moodle kernel: [    0.674887] pciehp 0000:00:18.5:pcie04: HPC vendor_id 15ad device_id 7a0 ss_vid 0 ss_did 0
Jan 13 11:48:15 moodle kernel: [    0.674895] pciehp 0000:00:18.6:pcie04: HPC vendor_id 15ad device_id 7a0 ss_vid 0 ss_did 0
Jan 13 11:48:15 moodle kernel: [    0.674904] pciehp 0000:00:18.7:pcie04: HPC vendor_id 15ad device_id 7a0 ss_vid 0 ss_did 0
Jan 13 11:48:15 moodle kernel: [    0.674912] pciehp: PCI Express Hot Plug Controller Driver version: 0.4
Jan 13 11:48:15 moodle kernel: [    0.674922] ACPI: AC Adapter [ACAD] (on-line)
Jan 13 11:48:15 moodle kernel: [    0.674926] input: Power Button as /devices/LNXSYSTM:00/LNXPWRBN:00/input/input0
Jan 13 11:48:15 moodle kernel: [    0.674930] ACPI: Power Button [PWRF]
Jan 13 11:48:15 moodle kernel: [    0.674934] processor LNXCPU:00: registered as cooling_device0
Jan 13 11:48:15 moodle kernel: [    0.745998] Serial: 8250/16550 driver, 4 ports, IRQ sharing enabled
Jan 13 11:48:15 moodle kernel: [    0.746002] serial8250: ttyS0 at I/O 0x3f8 (irq = 4) is a 16550A
Jan 13 11:48:15 moodle kernel: [    0.746006] serial8250: ttyS1 at I/O 0x2f8 (irq = 3) is a 16550A
Jan 13 11:48:15 moodle kernel: [    0.746010] 00:09: ttyS0 at I/O 0x3f8 (irq = 4) is a 16550A
Jan 13 11:48:15 moodle kernel: [    0.746015] 00:0a: ttyS1 at I/O 0x2f8 (irq = 3) is a 16550A
Jan 13 11:48:15 moodle kernel: [    0.746019] brd: module loaded
Jan 13 11:48:15 moodle kernel: [    0.746023] loop: module loaded
Jan 13 11:48:15 moodle kernel: [    0.746027] input: Macintosh mouse button emulation as /devices/virtual/input/input1
Jan 13 11:48:15 moodle kernel: [    0.746065] scsi0 : ata_piix
Jan 13 11:48:15 moodle kernel: [    0.746099] isapnp: Scanning for PnP cards...
Jan 13 11:48:15 moodle kernel: [    0.751606] scsi1 : ata_piix
Jan 13 11:48:15 moodle kernel: [    0.751610] ata1: PATA max UDMA/33 cmd 0x1f0 ctl 0x3f6 bmdma 0x10c0 irq 14
Jan 13 11:48:15 moodle kernel: [    0.751614] ata2: PATA max UDMA/33 cmd 0x170 ctl 0x376 bmdma 0x10c8 irq 15
Jan 13 11:48:15 moodle kernel: [    0.751627] Fixed MDIO Bus: probed
Jan 13 11:48:15 moodle kernel: [    0.753940] PPP generic driver version 2.4.2
Jan 13 11:48:15 moodle kernel: [    0.753945] tun: Universal TUN/TAP device driver, 1.6
Jan 13 11:48:15 moodle kernel: [    0.753949] tun: (C) 1999-2004 Max Krasnyansky <maxk@qualcomm.com>
Jan 13 11:48:15 moodle kernel: [    0.753953] ehci_hcd: USB 2.0 'Enhanced' Host Controller (EHCI) Driver
Jan 13 11:48:15 moodle kernel: [    0.753957] ohci_hcd: USB 1.1 'Open' Host Controller (OHCI) Driver
Jan 13 11:48:15 moodle kernel: [    0.753961] uhci_hcd: USB Universal Host Controller Interface driver
Jan 13 11:48:15 moodle kernel: [    0.753965] PNP: PS/2 Controller [PNP0303:KBC,PNP0f13:MOUS] at 0x60,0x64 irq 1,12
Jan 13 11:48:15 moodle kernel: [    1.472943] ata2.00: ATAPI: VMware Virtual IDE CDROM Drive, 00000001, max UDMA/33
Jan 13 11:48:15 moodle kernel: [    1.473469] ata2.00: configured for UDMA/33
Jan 13 11:48:15 moodle kernel: [    1.549136] Freeing initrd memory: 9817k freed
Jan 13 11:48:15 moodle kernel: [    1.766733] isapnp: No Plug & Play device found
Jan 13 11:48:15 moodle kernel: [    1.767057] scsi 1:0:0:0: CD-ROM            NECVMWar VMware IDE CDR10 1.00 PQ: 0 ANSI: 5
Jan 13 11:48:15 moodle kernel: [    1.768170] sr0: scsi3-mmc drive: 1x/1x writer dvd-ram cd/rw xa/form2 cdda tray
Jan 13 11:48:15 moodle kernel: [    1.768331] Uniform CD-ROM driver Revision: 3.20
Jan 13 11:48:15 moodle kernel: [    1.768538] sr 1:0:0:0: Attached scsi generic sg0 type 5
Jan 13 11:48:15 moodle kernel: [    1.768828] serio: i8042 KBD port at 0x60,0x64 irq 1
Jan 13 11:48:15 moodle kernel: [    1.768938] serio: i8042 AUX port at 0x60,0x64 irq 12
Jan 13 11:48:15 moodle kernel: [    1.769121] mice: PS/2 mouse device common for all mice
Jan 13 11:48:15 moodle kernel: [    1.769444] rtc_cmos 00:04: rtc core: registered rtc_cmos as rtc0
Jan 13 11:48:15 moodle kernel: [    1.769624] rtc0: alarms up to one month, y3k, 114 bytes nvram
Jan 13 11:48:15 moodle kernel: [    1.769816] device-mapper: uevent: version 1.0.3
Jan 13 11:48:15 moodle kernel: [    1.770048] device-mapper: ioctl: 4.15.0-ioctl (2009-04-01) initialised: dm-devel@redhat.com
Jan 13 11:48:15 moodle kernel: [    1.770336] device-mapper: multipath: version 1.1.0 loaded
Jan 13 11:48:15 moodle kernel: [    1.770450] device-mapper: multipath round-robin: version 1.0.0 loaded
Jan 13 11:48:15 moodle kernel: [    1.770722] EISA: Probing bus 0 at eisa.0
Jan 13 11:48:15 moodle kernel: [    1.770898] Cannot allocate resource for EISA slot 1
Jan 13 11:48:15 moodle kernel: [    1.771006] Cannot allocate resource for EISA slot 2
Jan 13 11:48:15 moodle kernel: [    1.771125] Cannot allocate resource for EISA slot 3
Jan 13 11:48:15 moodle kernel: [    1.771228] Cannot allocate resource for EISA slot 4
Jan 13 11:48:15 moodle kernel: [    1.771330] Cannot allocate resource for EISA slot 5
Jan 13 11:48:15 moodle kernel: [    1.771433] Cannot allocate resource for EISA slot 6
Jan 13 11:48:15 moodle kernel: [    1.771536] Cannot allocate resource for EISA slot 7
Jan 13 11:48:15 moodle kernel: [    1.771637] Cannot allocate resource for EISA slot 8
Jan 13 11:48:15 moodle kernel: [    1.771739] EISA: Detected 0 cards.
Jan 13 11:48:15 moodle kernel: [    1.771924] cpuidle: using governor ladder
Jan 13 11:48:15 moodle kernel: [    1.772027] cpuidle: using governor menu
Jan 13 11:48:15 moodle kernel: [    1.772331] TCP cubic registered
Jan 13 11:48:15 moodle kernel: [    1.772512] NET: Registered protocol family 10
Jan 13 11:48:15 moodle kernel: [    1.772818] NET: Registered protocol family 17
Jan 13 11:48:15 moodle kernel: [    1.772956] Using IPI No-Shortcut mode
Jan 13 11:48:15 moodle kernel: [    1.773106] registered taskstats version 1
Jan 13 11:48:15 moodle kernel: [    1.776501] input: AT Translated Set 2 keyboard as /devices/platform/i8042/serio0/input/input2
Jan 13 11:48:15 moodle kernel: [    1.777181]   Magic number: 13:896:832
Jan 13 11:48:15 moodle kernel: [    1.797210] rtc_cmos 00:04: setting system clock to 2013-01-13 11:48:14 UTC (1358077694)
Jan 13 11:48:15 moodle kernel: [    1.797384] BIOS EDD facility v0.16 2004-Jun-25, 0 devices found
Jan 13 11:48:15 moodle kernel: [    1.797493] EDD information not available.
Jan 13 11:48:15 moodle kernel: [    1.797634] Freeing unused kernel memory: 664k freed
Jan 13 11:48:15 moodle kernel: [    1.797919] Write protecting the kernel text: 4700k
Jan 13 11:48:15 moodle kernel: [    1.798036] Write protecting the kernel read-only data: 1852k
Jan 13 11:48:15 moodle kernel: [    1.808903] ramzswap: disk size set to 125292 kB
Jan 13 11:48:15 moodle kernel: [    1.811742] udev: starting version 151
Jan 13 11:48:15 moodle kernel: [    1.856709] Adding 125288k swap on /dev/ramzswap0.  Priority:100 extents:1 across:125288k SS
Jan 13 11:48:15 moodle kernel: [    1.860987] Linux agpgart interface v0.103
Jan 13 11:48:15 moodle kernel: [    1.909705] vga16fb: mapped to 0xc00a0000
Jan 13 11:48:15 moodle kernel: [    1.909832] fb0: VGA16 VGA frame buffer device
Jan 13 11:48:15 moodle kernel: [    1.910661] pcnet32.c:v1.35 21.Apr.2008 tsbogend@alpha.franken.de
Jan 13 11:48:15 moodle kernel: [    1.912185] Fusion MPT base driver 3.04.12
Jan 13 11:48:15 moodle kernel: [    1.912284] Copyright (c) 1999-2008 LSI Corporation
Jan 13 11:48:15 moodle kernel: [    1.912973] Fusion MPT SPI Host driver 3.04.12
Jan 13 11:48:15 moodle kernel: [    1.913122] mptspi 0000:00:10.0: PCI INT A -> GSI 17 (level, low) -> IRQ 17
Jan 13 11:48:15 moodle kernel: [    1.913319] pcnet32 0000:02:00.0: PCI INT A -> GSI 18 (level, low) -> IRQ 18
Jan 13 11:48:15 moodle kernel: [    1.913625] pcnet32: PCnet/PCI II 79C970A at 0x2000, 00:50:56:93:58:2d assigned IRQ 18.
Jan 13 11:48:15 moodle kernel: [    1.913931] eth0: registered as PCnet/PCI II 79C970A
Jan 13 11:48:15 moodle kernel: [    1.914107] pcnet32: 1 cards_found.
Jan 13 11:48:15 moodle kernel: [    1.920578] Floppy drive(s): fd0 is 1.44M
Jan 13 11:48:15 moodle kernel: [    1.923600] mptbase: ioc0: Initiating bringup
Jan 13 11:48:15 moodle kernel: [    2.005188] FDC 0 is a post-1991 82077
Jan 13 11:48:15 moodle kernel: [    2.084137] Console: switching to colour frame buffer device 80x30
Jan 13 11:48:15 moodle kernel: [    2.155960] ioc0: LSI53C1030 B0: Capabilities={Initiator}
Jan 13 11:48:15 moodle kernel: [    2.315551] scsi2 : ioc0: LSI53C1030 B0, FwRev=01032920h, Ports=1, MaxQ=128, IRQ=17
Jan 13 11:48:15 moodle kernel: [    2.427443] agpgart-intel 0000:00:00.0: Intel 440BX Chipset
Jan 13 11:48:15 moodle kernel: [    2.427504] agpgart-intel 0000:00:00.0: AGP aperture is 256M @ 0x0
Jan 13 11:48:15 moodle kernel: [    2.431668] scsi 2:0:0:0: Direct-Access     VMware   Virtual disk     1.0  PQ: 0 ANSI: 2
Jan 13 11:48:15 moodle kernel: [    2.435510] scsi target2:0:0: Beginning Domain Validation
Jan 13 11:48:15 moodle kernel: [    2.439322] scsi target2:0:0: Domain Validation skipping write tests
Jan 13 11:48:15 moodle kernel: [    2.443276] scsi target2:0:0: Ending Domain Validation
Jan 13 11:48:15 moodle kernel: [    2.447309] scsi target2:0:0: FAST-40 WIDE SCSI 80.0 MB/s ST (25 ns, offset 127)
Jan 13 11:48:15 moodle kernel: [    2.451692] sd 2:0:0:0: [sda] 20971520 512-byte logical blocks: (10.7 GB/10.0 GiB)
Jan 13 11:48:15 moodle kernel: [    2.455355] sd 2:0:0:0: Attached scsi generic sg1 type 0
Jan 13 11:48:15 moodle kernel: [    2.458779] sd 2:0:0:0: [sda] Write Protect is off
Jan 13 11:48:15 moodle kernel: [    2.459283] sd 2:0:0:0: [sda] Cache data unavailable
Jan 13 11:48:15 moodle kernel: [    2.467835] sd 2:0:0:0: [sda] Cache data unavailable
Jan 13 11:48:15 moodle kernel: [    2.475226]  sda: sda1 sda2 < sda5 >
Jan 13 11:48:15 moodle kernel: [    2.479588] sd 2:0:0:0: [sda] Cache data unavailable
Jan 13 11:48:15 moodle kernel: [    2.487205] sd 2:0:0:0: [sda] Attached SCSI disk
Jan 13 11:48:15 moodle kernel: [    2.659277] EXT4-fs (dm-0): mounted filesystem with ordered data mode
Jan 13 11:48:15 moodle kernel: [    2.809165] Adding 438264k swap on /dev/mapper/turnkey-swap_1.  Priority:-1 extents:1 across:438264k 
Jan 13 11:48:15 moodle kernel: [    2.906119] udev: starting version 151
Jan 13 11:48:15 moodle kernel: [    3.015744] ACPI: resource piix4_smbus [0x1040-0x1047] conflicts with ACPI region SMB_ [0x1040-0x104b]
Jan 13 11:48:15 moodle kernel: [    3.015747] ACPI: If an ACPI driver is available for this device, you should use it instead of the native driver
Jan 13 11:48:15 moodle kernel: [    3.021319] shpchp: Standard Hot Plug PCI Controller Driver version: 0.4
Jan 13 11:48:15 moodle kernel: [    3.102516] input: ImPS/2 Generic Wheel Mouse as /devices/platform/i8042/serio1/input/input3
Jan 13 11:48:15 moodle kernel: [    3.162644] parport_pc 00:08: reported by Plug and Play ACPI
Jan 13 11:48:15 moodle kernel: [    3.162732] parport0: PC-style at 0x378, irq 7 [PCSPP,TRISTATE]
Jan 13 11:48:15 moodle kernel: [    3.177669] ppdev: user-space parallel port driver
Jan 13 11:48:15 moodle kernel: [    3.179053] udev: renamed network interface eth0 to eth2
Jan 13 11:50:35 moodle kernel: imklog 4.2.0, log source = /proc/kmsg started.
Jan 13 11:50:35 moodle rsyslogd: [origin software="rsyslogd" swVersion="4.2.0" x-pid="413" x-info="http://www.rsyslog.com"] (re)start
Jan 13 11:50:35 moodle rsyslogd: rsyslogd's groupid changed to 104
Jan 13 11:50:35 moodle rsyslogd: rsyslogd's userid changed to 102
Jan 13 11:50:35 moodle kernel: [    0.000000] Initializing cgroup subsys cpuset
Jan 13 11:50:35 moodle kernel: [    0.000000] Initializing cgroup subsys cpu
Jan 13 11:50:35 moodle kernel: [    0.000000] Linux version 2.6.32-43-generic (buildd@roseapple) (gcc version 4.4.3 (Ubuntu 4.4.3-4ubuntu5.1) ) #97-Ubuntu SMP Wed Sep 5 16:43:09 UTC 2012 (Ubuntu 2.6.32-43.97-generic 2.6.32.59+drm33.24)
Jan 13 11:50:35 moodle kernel: [    0.000000] KERNEL supported cpus:
Jan 13 11:50:35 moodle kernel: [    0.000000]   Intel GenuineIntel
Jan 13 11:50:35 moodle kernel: [    0.000000]   AMD AuthenticAMD
Jan 13 11:50:35 moodle kernel: [    0.000000]   NSC Geode by NSC
Jan 13 11:50:35 moodle kernel: [    0.000000]   Cyrix CyrixInstead
Jan 13 11:50:35 moodle kernel: [    0.000000]   Centaur CentaurHauls
Jan 13 11:50:35 moodle kernel: [    0.000000]   Transmeta GenuineTMx86
Jan 13 11:50:35 moodle kernel: [    0.000000]   Transmeta TransmetaCPU
Jan 13 11:50:35 moodle kernel: [    0.000000]   UMC UMC UMC UMC
Jan 13 11:50:35 moodle kernel: [    0.000000] BIOS-provided physical RAM map:
Jan 13 11:50:35 moodle kernel: [    0.000000]  BIOS-e820: 0000000000000000 - 000000000009f800 (usable)
Jan 13 11:50:35 moodle kernel: [    0.000000]  BIOS-e820: 000000000009f800 - 00000000000a0000 (reserved)
Jan 13 11:50:35 moodle kernel: [    0.000000]  BIOS-e820: 00000000000ca000 - 00000000000cc000 (reserved)
Jan 13 11:50:35 moodle kernel: [    0.000000]  BIOS-e820: 00000000000dc000 - 00000000000e4000 (reserved)
Jan 13 11:50:35 moodle kernel: [    0.000000]  BIOS-e820: 00000000000e8000 - 0000000000100000 (reserved)
Jan 13 11:50:35 moodle kernel: [    0.000000]  BIOS-e820: 0000000000100000 - 000000000fef0000 (usable)
Jan 13 11:50:35 moodle kernel: [    0.000000]  BIOS-e820: 000000000fef0000 - 000000000feff000 (ACPI data)
Jan 13 11:50:35 moodle kernel: [    0.000000]  BIOS-e820: 000000000feff000 - 000000000ff00000 (ACPI NVS)
Jan 13 11:50:35 moodle kernel: [    0.000000]  BIOS-e820: 000000000ff00000 - 0000000010000000 (usable)
Jan 13 11:50:35 moodle kernel: [    0.000000]  BIOS-e820: 00000000e0000000 - 00000000f0000000 (reserved)
Jan 13 11:50:35 moodle kernel: [    0.000000]  BIOS-e820: 00000000fec00000 - 00000000fec10000 (reserved)
Jan 13 11:50:35 moodle kernel: [    0.000000]  BIOS-e820: 00000000fee00000 - 00000000fee01000 (reserved)
Jan 13 11:50:35 moodle kernel: [    0.000000]  BIOS-e820: 00000000fffe0000 - 0000000100000000 (reserved)
Jan 13 11:50:35 moodle kernel: [    0.000000] DMI present.
Jan 13 11:50:35 moodle kernel: [    0.000000] Phoenix BIOS detected: BIOS may corrupt low RAM, working around it.
Jan 13 11:50:35 moodle kernel: [    0.000000] last_pfn = 0x10000 max_arch_pfn = 0x100000
Jan 13 11:50:35 moodle kernel: [    0.000000] x86 PAT enabled: cpu 0, old 0x0, new 0x7010600070106
Jan 13 11:50:35 moodle kernel: [    0.000000] Scanning 0 areas for low memory corruption
Jan 13 11:50:35 moodle kernel: [    0.000000] modified physical RAM map:
Jan 13 11:50:35 moodle kernel: [    0.000000]  modified: 0000000000000000 - 0000000000010000 (reserved)
Jan 13 11:50:35 moodle kernel: [    0.000000]  modified: 0000000000010000 - 000000000009f800 (usable)
Jan 13 11:50:35 moodle kernel: [    0.000000]  modified: 000000000009f800 - 00000000000a0000 (reserved)
Jan 13 11:50:35 moodle kernel: [    0.000000]  modified: 00000000000ca000 - 00000000000cc000 (reserved)
Jan 13 11:50:35 moodle kernel: [    0.000000]  modified: 00000000000dc000 - 00000000000e4000 (reserved)
Jan 13 11:50:35 moodle kernel: [    0.000000]  modified: 00000000000e8000 - 0000000000100000 (reserved)
Jan 13 11:50:35 moodle kernel: [    0.000000]  modified: 0000000000100000 - 000000000fef0000 (usable)
Jan 13 11:50:35 moodle kernel: [    0.000000]  modified: 000000000fef0000 - 000000000feff000 (ACPI data)
Jan 13 11:50:35 moodle kernel: [    0.000000]  modified: 000000000feff000 - 000000000ff00000 (ACPI NVS)
Jan 13 11:50:35 moodle kernel: [    0.000000]  modified: 000000000ff00000 - 0000000010000000 (usable)
Jan 13 11:50:35 moodle kernel: [    0.000000]  modified: 00000000e0000000 - 00000000f0000000 (reserved)
Jan 13 11:50:35 moodle kernel: [    0.000000]  modified: 00000000fec00000 - 00000000fec10000 (reserved)
Jan 13 11:50:35 moodle kernel: [    0.000000]  modified: 00000000fee00000 - 00000000fee01000 (reserved)
Jan 13 11:50:35 moodle kernel: [    0.000000]  modified: 00000000fffe0000 - 0000000100000000 (reserved)
Jan 13 11:50:35 moodle kernel: [    0.000000] init_memory_mapping: 0000000000000000-0000000010000000
Jan 13 11:50:35 moodle kernel: [    0.000000] Using x86 segment limits to approximate NX protection
Jan 13 11:50:35 moodle kernel: [    0.000000] RAMDISK: 0b5dd000 - 0bf734aa
Jan 13 11:50:35 moodle kernel: [    0.000000] ACPI: RSDP 000f6940 00024 (v02 PTLTD )
Jan 13 11:50:35 moodle kernel: [    0.000000] ACPI: XSDT 0fef0885 0004C (v01 INTEL  440BX    06040000 VMW  01324272)
Jan 13 11:50:35 moodle kernel: [    0.000000] ACPI: FACP 0fefee98 000F4 (v04 INTEL  440BX    06040000 PTL  000F4240)
Jan 13 11:50:35 moodle kernel: [    0.000000] ACPI: DSDT 0fef0a3d 0E45B (v01 PTLTD  Custom   06040000 MSFT 03000001)
Jan 13 11:50:35 moodle kernel: [    0.000000] ACPI: FACS 0fefffc0 00040
Jan 13 11:50:35 moodle kernel: [    0.000000] ACPI: BOOT 0fef0a15 00028 (v01 PTLTD  $SBFTBL$ 06040000  LTP 00000001)
Jan 13 11:50:35 moodle kernel: [    0.000000] ACPI: APIC 0fef09c5 00050 (v01 PTLTD  ? APIC   06040000  LTP 00000000)
Jan 13 11:50:35 moodle kernel: [    0.000000] ACPI: MCFG 0fef0989 0003C (v01 PTLTD  $PCITBL$ 06040000  LTP 00000001)
Jan 13 11:50:35 moodle kernel: [    0.000000] ACPI: SRAT 0fef0909 00080 (v02 VMWARE MEMPLUG  06040000 VMW  00000001)
Jan 13 11:50:35 moodle kernel: [    0.000000] 0MB HIGHMEM available.
Jan 13 11:50:35 moodle kernel: [    0.000000] 256MB LOWMEM available.
Jan 13 11:50:35 moodle kernel: [    0.000000]   mapped low ram: 0 - 10000000
Jan 13 11:50:35 moodle kernel: [    0.000000]   low ram: 0 - 10000000
Jan 13 11:50:35 moodle kernel: [    0.000000]   node 0 low ram: 00000000 - 10000000
Jan 13 11:50:35 moodle kernel: [    0.000000]   node 0 bootmap 00010000 - 00012000
Jan 13 11:50:35 moodle kernel: [    0.000000] (8 early reservations) ==> bootmem [0000000000 - 0010000000]
Jan 13 11:50:35 moodle kernel: [    0.000000]   #0 [0000000000 - 0000001000]   BIOS data page ==> [0000000000 - 0000001000]
Jan 13 11:50:35 moodle kernel: [    0.000000]   #1 [0000001000 - 0000002000]    EX TRAMPOLINE ==> [0000001000 - 0000002000]
Jan 13 11:50:35 moodle kernel: [    0.000000]   #2 [0000006000 - 0000007000]       TRAMPOLINE ==> [0000006000 - 0000007000]
Jan 13 11:50:35 moodle kernel: [    0.000000]   #3 [0000100000 - 00008e5ed8]    TEXT DATA BSS ==> [0000100000 - 00008e5ed8]
Jan 13 11:50:35 moodle kernel: [    0.000000]   #4 [000b5dd000 - 000bf734aa]          RAMDISK ==> [000b5dd000 - 000bf734aa]
Jan 13 11:50:35 moodle kernel: [    0.000000]   #5 [000009f800 - 0000100000]    BIOS reserved ==> [000009f800 - 0000100000]
Jan 13 11:50:35 moodle kernel: [    0.000000]   #6 [00008e6000 - 00008e91c0]              BRK ==> [00008e6000 - 00008e91c0]
Jan 13 11:50:35 moodle kernel: [    0.000000]   #7 [0000010000 - 0000012000]          BOOTMAP ==> [0000010000 - 0000012000]
Jan 13 11:50:35 moodle kernel: [    0.000000] found SMP MP-table at [c00f69b0] f69b0
Jan 13 11:50:35 moodle kernel: [    0.000000] Zone PFN ranges:
Jan 13 11:50:35 moodle kernel: [    0.000000]   DMA      0x00000010 -> 0x00001000
Jan 13 11:50:35 moodle kernel: [    0.000000]   Normal   0x00001000 -> 0x00010000
Jan 13 11:50:35 moodle kernel: [    0.000000]   HighMem  0x00010000 -> 0x00010000
Jan 13 11:50:35 moodle kernel: [    0.000000] Movable zone start PFN for each node
Jan 13 11:50:35 moodle kernel: [    0.000000] early_node_map[3] active PFN ranges
Jan 13 11:50:35 moodle kernel: [    0.000000]     0: 0x00000010 -> 0x0000009f
Jan 13 11:50:35 moodle kernel: [    0.000000]     0: 0x00000100 -> 0x0000fef0
Jan 13 11:50:35 moodle kernel: [    0.000000]     0: 0x0000ff00 -> 0x00010000
Jan 13 11:50:35 moodle kernel: [    0.000000] Using APIC driver default
Jan 13 11:50:35 moodle kernel: [    0.000000] ACPI: PM-Timer IO Port: 0x1008
Jan 13 11:50:35 moodle kernel: [    0.000000] ACPI: LAPIC (acpi_id[0x00] lapic_id[0x00] enabled)
Jan 13 11:50:35 moodle kernel: [    0.000000] ACPI: LAPIC_NMI (acpi_id[0x00] high edge lint[0x1])
Jan 13 11:50:35 moodle kernel: [    0.000000] ACPI: IOAPIC (id[0x01] address[0xfec00000] gsi_base[0])
Jan 13 11:50:35 moodle kernel: [    0.000000] IOAPIC[0]: apic_id 1, version 17, address 0xfec00000, GSI 0-23
Jan 13 11:50:35 moodle kernel: [    0.000000] ACPI: INT_SRC_OVR (bus 0 bus_irq 0 global_irq 2 high edge)
Jan 13 11:50:35 moodle kernel: [    0.000000] Using ACPI (MADT) for SMP configuration information
Jan 13 11:50:35 moodle kernel: [    0.000000] SMP: Allowing 1 CPUs, 0 hotplug CPUs
Jan 13 11:50:35 moodle kernel: [    0.000000] PM: Registered nosave memory: 000000000009f000 - 00000000000a0000
Jan 13 11:50:35 moodle kernel: [    0.000000] PM: Registered nosave memory: 00000000000a0000 - 00000000000ca000
Jan 13 11:50:35 moodle kernel: [    0.000000] PM: Registered nosave memory: 00000000000ca000 - 00000000000cc000
Jan 13 11:50:35 moodle kernel: [    0.000000] PM: Registered nosave memory: 00000000000cc000 - 00000000000dc000
Jan 13 11:50:35 moodle kernel: [    0.000000] PM: Registered nosave memory: 00000000000dc000 - 00000000000e4000
Jan 13 11:50:35 moodle kernel: [    0.000000] PM: Registered nosave memory: 00000000000e4000 - 00000000000e8000
Jan 13 11:50:35 moodle kernel: [    0.000000] PM: Registered nosave memory: 00000000000e8000 - 0000000000100000
Jan 13 11:50:35 moodle kernel: [    0.000000] PM: Registered nosave memory: 000000000fef0000 - 000000000feff000
Jan 13 11:50:35 moodle kernel: [    0.000000] PM: Registered nosave memory: 000000000feff000 - 000000000ff00000
Jan 13 11:50:35 moodle kernel: [    0.000000] Allocating PCI resources starting at 10000000 (gap: 10000000:d0000000)
Jan 13 11:50:35 moodle kernel: [    0.000000] Booting paravirtualized kernel on bare hardware
Jan 13 11:50:35 moodle kernel: [    0.000000] NR_CPUS:8 nr_cpumask_bits:8 nr_cpu_ids:1 nr_node_ids:1
Jan 13 11:50:35 moodle kernel: [    0.000000] PERCPU: Embedded 14 pages/cpu @c1400000 s36056 r0 d21288 u4194304
Jan 13 11:50:35 moodle kernel: [    0.000000] pcpu-alloc: s36056 r0 d21288 u4194304 alloc=1*4194304
Jan 13 11:50:35 moodle kernel: [    0.000000] pcpu-alloc: [0] 0 
Jan 13 11:50:35 moodle kernel: [    0.000000] Built 1 zonelists in Zone order, mobility grouping on.  Total pages: 64895
Jan 13 11:50:35 moodle kernel: [    0.000000] Kernel command line: BOOT_IMAGE=/vmlinuz-2.6.32-43-generic root=/dev/mapper/turnkey-root ro
Jan 13 11:50:35 moodle kernel: [    0.000000] PID hash table entries: 1024 (order: 0, 4096 bytes)
Jan 13 11:50:35 moodle kernel: [    0.000000] Dentry cache hash table entries: 32768 (order: 5, 131072 bytes)
Jan 13 11:50:35 moodle kernel: [    0.000000] Inode-cache hash table entries: 16384 (order: 4, 65536 bytes)
Jan 13 11:50:35 moodle kernel: [    0.000000] Enabling fast FPU save and restore... done.
Jan 13 11:50:35 moodle kernel: [    0.000000] Enabling unmasked SIMD FPU exception support... done.
Jan 13 11:50:35 moodle kernel: [    0.000000] Initializing CPU#0
Jan 13 11:50:35 moodle kernel: [    0.000000] allocated 1310400 bytes of page_cgroup
Jan 13 11:50:35 moodle kernel: [    0.000000] please try 'cgroup_disable=memory' option if you don't want memory cgroups
Jan 13 11:50:35 moodle kernel: [    0.000000] Initializing HighMem for node 0 (00000000:00000000)
Jan 13 11:50:35 moodle kernel: [    0.000000] Memory: 239740k/262144k available (4699k kernel code, 21544k reserved, 2128k data, 664k init, 0k highmem)
Jan 13 11:50:35 moodle kernel: [    0.000000] virtual kernel memory layout:
Jan 13 11:50:35 moodle kernel: [    0.000000]     fixmap  : 0xfff1d000 - 0xfffff000   ( 904 kB)
Jan 13 11:50:35 moodle kernel: [    0.000000]     pkmap   : 0xff800000 - 0xffc00000   (4096 kB)
Jan 13 11:50:35 moodle kernel: [    0.000000]     vmalloc : 0xd0800000 - 0xff7fe000   ( 751 MB)
Jan 13 11:50:35 moodle kernel: [    0.000000]     lowmem  : 0xc0000000 - 0xd0000000   ( 256 MB)
Jan 13 11:50:35 moodle kernel: [    0.000000]       .init : 0xc07ab000 - 0xc0851000   ( 664 kB)
Jan 13 11:50:35 moodle kernel: [    0.000000]       .data : 0xc0596db7 - 0xc07aafc8   (2128 kB)
Jan 13 11:50:35 moodle kernel: [    0.000000]       .text : 0xc0100000 - 0xc0596db7   (4699 kB)
Jan 13 11:50:35 moodle kernel: [    0.000000] Checking if this processor honours the WP bit even in supervisor mode...Ok.
Jan 13 11:50:35 moodle kernel: [    0.000000] SLUB: Genslabs=13, HWalign=64, Order=0-3, MinObjects=0, CPUs=1, Nodes=1
Jan 13 11:50:35 moodle kernel: [    0.000000] Hierarchical RCU implementation.
Jan 13 11:50:35 moodle kernel: [    0.000000] NR_IRQS:2304 nr_irqs:256
Jan 13 11:50:35 moodle kernel: [    0.000000] Extended CMOS year: 2000
Jan 13 11:50:35 moodle kernel: [    0.000000] Console: colour VGA+ 80x25
Jan 13 11:50:35 moodle kernel: [    0.000000] console [tty0] enabled
Jan 13 11:50:35 moodle kernel: [    0.000000] TSC freq read from hypervisor : 2400.000 MHz
Jan 13 11:50:35 moodle kernel: [    0.000000] Detected 2400.000 MHz processor.
Jan 13 11:50:35 moodle kernel: [    0.000004] Calibrating delay loop (skipped) preset value.. 4800.00 BogoMIPS (lpj=9600000)
Jan 13 11:50:35 moodle kernel: [    0.000210] Security Framework initialized
Jan 13 11:50:35 moodle kernel: [    0.000335] AppArmor: AppArmor initialized
Jan 13 11:50:35 moodle kernel: [    0.000438] Mount-cache hash table entries: 512
Jan 13 11:50:35 moodle kernel: [    0.000636] Initializing cgroup subsys ns
Jan 13 11:50:35 moodle kernel: [    0.000738] Initializing cgroup subsys cpuacct
Jan 13 11:50:35 moodle kernel: [    0.000839] Initializing cgroup subsys memory
Jan 13 11:50:35 moodle kernel: [    0.000946] Initializing cgroup subsys devices
Jan 13 11:50:35 moodle kernel: [    0.001046] Initializing cgroup subsys freezer
Jan 13 11:50:35 moodle kernel: [    0.001149] Initializing cgroup subsys net_cls
Jan 13 11:50:35 moodle kernel: [    0.001277] CPU: Physical Processor ID: 0
Jan 13 11:50:35 moodle kernel: [    0.001380] CPU: L1 I cache: 32K, L1 D cache: 32K
Jan 13 11:50:35 moodle kernel: [    0.001509] CPU: L2 cache: 256K
Jan 13 11:50:35 moodle kernel: [    0.001599] CPU: L3 cache: 20480K
Jan 13 11:50:35 moodle kernel: [    0.001694] mce: CPU supports 0 MCE banks
Jan 13 11:50:35 moodle kernel: [    0.001807] Performance Events: Nehalem/Corei7 events, Intel PMU driver.
Jan 13 11:50:35 moodle kernel: [    0.002003] ... version:                3
Jan 13 11:50:35 moodle kernel: [    0.002100] ... bit width:              48
Jan 13 11:50:35 moodle kernel: [    0.002197] ... generic registers:      4
Jan 13 11:50:35 moodle kernel: [    0.002293] ... value mask:             0000ffffffffffff
Jan 13 11:50:35 moodle kernel: [    0.002398] ... max period:             000000007fffffff
Jan 13 11:50:35 moodle kernel: [    0.002504] ... fixed-purpose events:   3
Jan 13 11:50:35 moodle kernel: [    0.002600] ... event mask:             000000070000000f
Jan 13 11:50:35 moodle kernel: [    0.002710] Checking 'hlt' instruction... OK.
Jan 13 11:50:35 moodle kernel: [    0.017906] SMP alternatives: switching to UP code
Jan 13 11:50:35 moodle kernel: [    0.032683] Freeing SMP alternatives: 19k freed
Jan 13 11:50:35 moodle kernel: [    0.032788] ACPI: Core revision 20090903
Jan 13 11:50:35 moodle kernel: [    0.044149] ftrace: converting mcount calls to 0f 1f 44 00 00
Jan 13 11:50:35 moodle kernel: [    0.044273] ftrace: allocating 21841 entries in 43 pages
Jan 13 11:50:35 moodle kernel: [    0.063518] Enabling APIC mode:  Flat.  Using 1 I/O APICs
Jan 13 11:50:35 moodle kernel: [    0.064133] ..TIMER: vector=0x30 apic1=0 pin1=2 apic2=-1 pin2=-1
Jan 13 11:50:35 moodle kernel: [    0.103868] CPU0: Intel(R) Xeon(R) CPU E5-2665 0 @ 2.40GHz stepping 07
Jan 13 11:50:35 moodle kernel: [    0.211640] Brought up 1 CPUs
Jan 13 11:50:35 moodle kernel: [    0.211732] Total of 1 processors activated (4800.00 BogoMIPS).
Jan 13 11:50:35 moodle kernel: [    0.211979] x86 PAT enabled: cpu 0, old 0x0, new 0x7010600070106
Jan 13 11:50:35 moodle kernel: [    0.212194] devtmpfs: initialized
Jan 13 11:50:35 moodle kernel: [    0.212516] regulator: core version 0.5
Jan 13 11:50:35 moodle kernel: [    0.212680] Time: 11:50:32  Date: 01/13/13
Jan 13 11:50:35 moodle kernel: [    0.212806] NET: Registered protocol family 16
Jan 13 11:50:35 moodle kernel: [    0.212982] EISA bus registered
Jan 13 11:50:35 moodle kernel: [    0.213078] ACPI: bus type pci registered
Jan 13 11:50:35 moodle kernel: [    0.213378] PCI: MCFG configuration 0: base e0000000 segment 0 buses 0 - 255
Jan 13 11:50:35 moodle kernel: [    0.214031] PCI: MCFG area at e0000000 reserved in E820
Jan 13 11:50:35 moodle kernel: [    0.214137] PCI: Using MMCONFIG for extended config space
Jan 13 11:50:35 moodle kernel: [    0.214249] PCI: Using configuration type 1 for base access
Jan 13 11:50:35 moodle kernel: [    0.214876] bio: create slab <bio-0> at 0
Jan 13 11:50:35 moodle kernel: [    0.253635] ACPI: BIOS _OSI(Linux) query ignored
Jan 13 11:50:35 moodle kernel: [    0.259385] ACPI: Interpreter enabled
Jan 13 11:50:35 moodle kernel: [    0.259492] ACPI: (supports S0 S1 S4 S5)
Jan 13 11:50:35 moodle kernel: [    0.259687] ACPI: Using IOAPIC for interrupt routing
Jan 13 11:50:35 moodle kernel: [    0.323637] ACPI: No dock devices found.
Jan 13 11:50:35 moodle kernel: [    0.324535] ACPI: PCI Root Bridge [PCI0] (0000:00)
Jan 13 11:50:35 moodle kernel: [    0.326687] pci 0000:00:07.3: quirk: region 1000-103f claimed by PIIX4 ACPI
Jan 13 11:50:35 moodle kernel: [    0.326817] pci 0000:00:07.3: quirk: region 1040-104f claimed by PIIX4 SMB
Jan 13 11:50:35 moodle kernel: [    0.334417] pci 0000:00:15.0: PME# supported from D0 D3hot D3cold
Jan 13 11:50:35 moodle kernel: [    0.334551] pci 0000:00:15.0: PME# disabled
Jan 13 11:50:35 moodle kernel: [    0.335508] pci 0000:00:15.1: PME# supported from D0 D3hot D3cold
Jan 13 11:50:35 moodle kernel: [    0.335639] pci 0000:00:15.1: PME# disabled
Jan 13 11:50:35 moodle kernel: [    0.336586] pci 0000:00:15.2: PME# supported from D0 D3hot D3cold
Jan 13 11:50:35 moodle kernel: [    0.336717] pci 0000:00:15.2: PME# disabled
Jan 13 11:50:35 moodle kernel: [    0.337665] pci 0000:00:15.3: PME# supported from D0 D3hot D3cold
Jan 13 11:50:35 moodle kernel: [    0.337796] pci 0000:00:15.3: PME# disabled
Jan 13 11:50:35 moodle kernel: [    0.338743] pci 0000:00:15.4: PME# supported from D0 D3hot D3cold
Jan 13 11:50:35 moodle kernel: [    0.338873] pci 0000:00:15.4: PME# disabled
Jan 13 11:50:35 moodle kernel: [    0.339833] pci 0000:00:15.5: PME# supported from D0 D3hot D3cold
Jan 13 11:50:35 moodle kernel: [    0.339964] pci 0000:00:15.5: PME# disabled
Jan 13 11:50:35 moodle kernel: [    0.344656] pci 0000:00:15.6: PME# supported from D0 D3hot D3cold
Jan 13 11:50:35 moodle kernel: [    0.344789] pci 0000:00:15.6: PME# disabled
Jan 13 11:50:35 moodle kernel: [    0.345740] pci 0000:00:15.7: PME# supported from D0 D3hot D3cold
Jan 13 11:50:35 moodle kernel: [    0.345871] pci 0000:00:15.7: PME# disabled
Jan 13 11:50:35 moodle kernel: [    0.346817] pci 0000:00:16.0: PME# supported from D0 D3hot D3cold
Jan 13 11:50:35 moodle kernel: [    0.346953] pci 0000:00:16.0: PME# disabled
Jan 13 11:50:35 moodle kernel: [    0.347915] pci 0000:00:16.1: PME# supported from D0 D3hot D3cold
Jan 13 11:50:35 moodle kernel: [    0.348047] pci 0000:00:16.1: PME# disabled
Jan 13 11:50:35 moodle kernel: [    0.348991] pci 0000:00:16.2: PME# supported from D0 D3hot D3cold
Jan 13 11:50:35 moodle kernel: [    0.349122] pci 0000:00:16.2: PME# disabled
Jan 13 11:50:35 moodle kernel: [    0.350067] pci 0000:00:16.3: PME# supported from D0 D3hot D3cold
Jan 13 11:50:35 moodle kernel: [    0.350198] pci 0000:00:16.3: PME# disabled
Jan 13 11:50:35 moodle kernel: [    0.351151] pci 0000:00:16.4: PME# supported from D0 D3hot D3cold
Jan 13 11:50:35 moodle kernel: [    0.351289] pci 0000:00:16.4: PME# disabled
Jan 13 11:50:35 moodle kernel: [    0.352239] pci 0000:00:16.5: PME# supported from D0 D3hot D3cold
Jan 13 11:50:35 moodle kernel: [    0.352369] pci 0000:00:16.5: PME# disabled
Jan 13 11:50:35 moodle kernel: [    0.353316] pci 0000:00:16.6: PME# supported from D0 D3hot D3cold
Jan 13 11:50:35 moodle kernel: [    0.353446] pci 0000:00:16.6: PME# disabled
Jan 13 11:50:35 moodle kernel: [    0.354394] pci 0000:00:16.7: PME# supported from D0 D3hot D3cold
Jan 13 11:50:35 moodle kernel: [    0.354525] pci 0000:00:16.7: PME# disabled
Jan 13 11:50:35 moodle kernel: [    0.358219] pci 0000:00:17.0: PME# supported from D0 D3hot D3cold
Jan 13 11:50:35 moodle kernel: [    0.358351] pci 0000:00:17.0: PME# disabled
Jan 13 11:50:35 moodle kernel: [    0.359309] pci 0000:00:17.1: PME# supported from D0 D3hot D3cold
Jan 13 11:50:35 moodle kernel: [    0.359440] pci 0000:00:17.1: PME# disabled
Jan 13 11:50:35 moodle kernel: [    0.360388] pci 0000:00:17.2: PME# supported from D0 D3hot D3cold
Jan 13 11:50:35 moodle kernel: [    0.360519] pci 0000:00:17.2: PME# disabled
Jan 13 11:50:35 moodle kernel: [    0.361471] pci 0000:00:17.3: PME# supported from D0 D3hot D3cold
Jan 13 11:50:35 moodle kernel: [    0.361602] pci 0000:00:17.3: PME# disabled
Jan 13 11:50:35 moodle kernel: [    0.362548] pci 0000:00:17.4: PME# supported from D0 D3hot D3cold
Jan 13 11:50:35 moodle kernel: [    0.362679] pci 0000:00:17.4: PME# disabled
Jan 13 11:50:35 moodle kernel: [    0.363641] pci 0000:00:17.5: PME# supported from D0 D3hot D3cold
Jan 13 11:50:35 moodle kernel: [    0.363772] pci 0000:00:17.5: PME# disabled
Jan 13 11:50:35 moodle kernel: [    0.364719] pci 0000:00:17.6: PME# supported from D0 D3hot D3cold
Jan 13 11:50:35 moodle kernel: [    0.364850] pci 0000:00:17.6: PME# disabled
Jan 13 11:50:35 moodle kernel: [    0.365795] pci 0000:00:17.7: PME# supported from D0 D3hot D3cold
Jan 13 11:50:35 moodle kernel: [    0.368679] pci 0000:00:17.7: PME# disabled
Jan 13 11:50:35 moodle kernel: [    0.369629] pci 0000:00:18.0: PME# supported from D0 D3hot D3cold
Jan 13 11:50:35 moodle kernel: [    0.369760] pci 0000:00:18.0: PME# disabled
Jan 13 11:50:35 moodle kernel: [    0.370710] pci 0000:00:18.1: PME# supported from D0 D3hot D3cold
Jan 13 11:50:35 moodle kernel: [    0.370841] pci 0000:00:18.1: PME# disabled
Jan 13 11:50:35 moodle kernel: [    0.371802] pci 0000:00:18.2: PME# supported from D0 D3hot D3cold
Jan 13 11:50:35 moodle kernel: [    0.371934] pci 0000:00:18.2: PME# disabled
Jan 13 11:50:35 moodle kernel: [    0.372880] pci 0000:00:18.3: PME# supported from D0 D3hot D3cold
Jan 13 11:50:35 moodle kernel: [    0.373011] pci 0000:00:18.3: PME# disabled
Jan 13 11:50:35 moodle kernel: [    0.373959] pci 0000:00:18.4: PME# supported from D0 D3hot D3cold
Jan 13 11:50:35 moodle kernel: [    0.374090] pci 0000:00:18.4: PME# disabled
Jan 13 11:50:35 moodle kernel: [    0.375038] pci 0000:00:18.5: PME# supported from D0 D3hot D3cold
Jan 13 11:50:35 moodle kernel: [    0.375169] pci 0000:00:18.5: PME# disabled
Jan 13 11:50:35 moodle kernel: [    0.376132] pci 0000:00:18.6: PME# supported from D0 D3hot D3cold
Jan 13 11:50:35 moodle kernel: [    0.376263] pci 0000:00:18.6: PME# disabled
Jan 13 11:50:35 moodle kernel: [    0.379953] pci 0000:00:18.7: PME# supported from D0 D3hot D3cold
Jan 13 11:50:35 moodle kernel: [    0.380085] pci 0000:00:18.7: PME# disabled
Jan 13 11:50:35 moodle kernel: [    0.381616] pci 0000:00:11.0: transparent bridge
Jan 13 11:50:35 moodle kernel: [    0.570049] ACPI: PCI Interrupt Link [LNKA] (IRQs 3 4 5 6 7 *9 10 11 14 15)
Jan 13 11:50:35 moodle kernel: [    0.570559] ACPI: PCI Interrupt Link [LNKB] (IRQs 3 4 5 6 7 9 10 *11 14 15)
Jan 13 11:50:35 moodle kernel: [    0.571084] ACPI: PCI Interrupt Link [LNKC] (IRQs 3 4 5 6 7 9 *10 11 14 15)
Jan 13 11:50:35 moodle kernel: [    0.571583] ACPI: PCI Interrupt Link [LNKD] (IRQs 3 4 5 6 7 9 10 11 14 15) *0, disabled.
Jan 13 11:50:35 moodle kernel: [    0.572195] vgaarb: device added: PCI:0000:00:0f.0,decodes=io+mem,owns=io+mem,locks=none
Jan 13 11:50:35 moodle kernel: [    0.572378] vgaarb: loaded
Jan 13 11:50:35 moodle kernel: [    0.572544] SCSI subsystem initialized
Jan 13 11:50:35 moodle kernel: [    0.572755] usbcore: registered new interface driver usbfs
Jan 13 11:50:35 moodle kernel: [    0.572869] usbcore: registered new interface driver hub
Jan 13 11:50:35 moodle kernel: [    0.572991] usbcore: registered new device driver usb
Jan 13 11:50:35 moodle kernel: [    0.573166] ACPI: WMI: Mapper loaded
Jan 13 11:50:35 moodle kernel: [    0.573261] PCI: Using ACPI for IRQ routing
Jan 13 11:50:35 moodle kernel: [    0.578140] NetLabel: Initializing
Jan 13 11:50:35 moodle kernel: [    0.578248] NetLabel:  domain hash size = 128
Jan 13 11:50:35 moodle kernel: [    0.578358] NetLabel:  protocols = UNLABELED CIPSOv4
Jan 13 11:50:35 moodle kernel: [    0.578517] NetLabel:  unlabeled traffic allowed by default
Jan 13 11:50:35 moodle kernel: [    0.578665] Switching to clocksource tsc
Jan 13 11:50:35 moodle kernel: [    0.580070] AppArmor: AppArmor Filesystem Enabled
Jan 13 11:50:35 moodle kernel: [    0.580180] pnp: PnP ACPI init
Jan 13 11:50:35 moodle kernel: [    0.580275] ACPI: bus type pnp registered
Jan 13 11:50:35 moodle kernel: [    0.619891] pnp: PnP ACPI: found 13 devices
Jan 13 11:50:35 moodle kernel: [    0.619994] ACPI: ACPI bus type pnp unregistered
Jan 13 11:50:35 moodle kernel: [    0.620098] PnPBIOS: Disabled by ACPI PNP
Jan 13 11:50:35 moodle kernel: [    0.620205] system 00:01: ioport range 0x1000-0x103f has been reserved
Jan 13 11:50:35 moodle kernel: [    0.620320] system 00:01: ioport range 0x1040-0x104f has been reserved
Jan 13 11:50:35 moodle kernel: [    0.620435] system 00:01: ioport range 0xcf0-0xcf1 has been reserved
Jan 13 11:50:35 moodle kernel: [    0.620559] system 00:0c: ioport range 0x1060-0x107f has been reserved
Jan 13 11:50:35 moodle kernel: [    0.620675] system 00:0c: iomem range 0xe0000000-0xefffffff has been reserved
Jan 13 11:50:35 moodle kernel: [    0.620794] system 00:0c: iomem range 0xd8a00000-0xd8bfffff has been reserved
Jan 13 11:50:35 moodle kernel: [    0.655505] pci 0000:00:15.3: BAR 13: can't allocate I/O resource [0x10000-0xffff]
Jan 13 11:50:35 moodle kernel: [    0.655510] pci 0000:00:15.4: BAR 13: can't allocate I/O resource [0x10000-0xffff]
Jan 13 11:50:35 moodle kernel: [    0.655515] pci 0000:00:15.5: BAR 13: can't allocate I/O resource [0x10000-0xffff]
Jan 13 11:50:35 moodle kernel: [    0.655520] pci 0000:00:15.6: BAR 13: can't allocate I/O resource [0x10000-0xffff]
Jan 13 11:50:35 moodle kernel: [    0.655525] pci 0000:00:15.7: BAR 13: can't allocate I/O resource [0x10000-0xffff]
Jan 13 11:50:35 moodle kernel: [    0.655529] pci 0000:00:16.3: BAR 13: can't allocate I/O resource [0x10000-0xffff]
Jan 13 11:50:35 moodle kernel: [    0.655534] pci 0000:00:16.4: BAR 13: can't allocate I/O resource [0x10000-0xffff]
Jan 13 11:50:35 moodle kernel: [    0.655539] pci 0000:00:16.5: BAR 13: can't allocate I/O resource [0x10000-0xffff]
Jan 13 11:50:35 moodle kernel: [    0.655544] pci 0000:00:16.6: BAR 13: can't allocate I/O resource [0x10000-0xffff]
Jan 13 11:50:35 moodle kernel: [    0.655549] pci 0000:00:16.7: BAR 13: can't allocate I/O resource [0x10000-0xffff]
Jan 13 11:50:35 moodle kernel: [    0.655553] pci 0000:00:17.3: BAR 13: can't allocate I/O resource [0x10000-0xffff]
Jan 13 11:50:35 moodle kernel: [    0.655558] pci 0000:00:17.4: BAR 13: can't allocate I/O resource [0x10000-0xffff]
Jan 13 11:50:35 moodle kernel: [    0.655563] pci 0000:00:17.5: BAR 13: can't allocate I/O resource [0x10000-0xffff]
Jan 13 11:50:35 moodle kernel: [    0.655568] pci 0000:00:17.6: BAR 13: can't allocate I/O resource [0x10000-0xffff]
Jan 13 11:50:35 moodle kernel: [    0.655573] pci 0000:00:17.7: BAR 13: can't allocate I/O resource [0x10000-0xffff]
Jan 13 11:50:35 moodle kernel: [    0.655577] pci 0000:00:18.3: BAR 13: can't allocate I/O resource [0x10000-0xffff]
Jan 13 11:50:35 moodle kernel: [    0.655582] pci 0000:00:18.4: BAR 13: can't allocate I/O resource [0x10000-0xffff]
Jan 13 11:50:35 moodle kernel: [    0.655587] pci 0000:00:18.5: BAR 13: can't allocate I/O resource [0x10000-0xffff]
Jan 13 11:50:35 moodle kernel: [    0.655592] pci 0000:00:18.6: BAR 13: can't allocate I/O resource [0x10000-0xffff]
Jan 13 11:50:35 moodle kernel: [    0.655597] pci 0000:00:18.7: BAR 13: can't allocate I/O resource [0x10000-0xffff]
Jan 13 11:50:35 moodle kernel: [    0.655601] pci 0000:00:01.0: PCI bridge, secondary bus 0000:01
Jan 13 11:50:35 moodle kernel: [    0.655606] pci 0000:00:01.0:   IO window: disabled
Jan 13 11:50:35 moodle kernel: [    0.655611] pci 0000:00:01.0:   MEM window: disabled
Jan 13 11:50:35 moodle kernel: [    0.655616] pci 0000:00:01.0:   PREFETCH window: disabled
Jan 13 11:50:35 moodle kernel: [    0.655621] pci 0000:00:11.0: PCI bridge, secondary bus 0000:02
Jan 13 11:50:35 moodle kernel: [    0.655625] pci 0000:00:11.0:   IO window: 0x2000-0x3fff
Jan 13 11:50:35 moodle kernel: [    0.655630] pci 0000:00:11.0:   MEM window: 0xd9200000-0xd9cfffff
Jan 13 11:50:35 moodle kernel: [    0.655635] pci 0000:00:11.0:   PREFETCH window: 0x000000dc100000-0x000000dc6fffff
Jan 13 11:50:35 moodle kernel: [    0.655640] pci 0000:00:15.0: PCI bridge, secondary bus 0000:03
Jan 13 11:50:35 moodle kernel: [    0.655645] pci 0000:00:15.0:   IO window: 0x4000-0x4fff
Jan 13 11:50:35 moodle kernel: [    0.655649] pci 0000:00:15.0:   MEM window: 0xd9d00000-0xd9dfffff
Jan 13 11:50:35 moodle kernel: [    0.655654] pci 0000:00:15.0:   PREFETCH window: 0x000000dc700000-0x000000dc7fffff
Jan 13 11:50:35 moodle kernel: [    0.655659] pci 0000:00:15.1: PCI bridge, secondary bus 0000:04
Jan 13 11:50:35 moodle kernel: [    0.655664] pci 0000:00:15.1:   IO window: 0x8000-0x8fff
Jan 13 11:50:35 moodle kernel: [    0.655669] pci 0000:00:15.1:   MEM window: 0xda100000-0xda1fffff
Jan 13 11:50:35 moodle kernel: [    0.655673] pci 0000:00:15.1:   PREFETCH window: 0x000000dcb00000-0x000000dcbfffff
Jan 13 11:50:35 moodle kernel: [    0.655678] pci 0000:00:15.2: PCI bridge, secondary bus 0000:05
Jan 13 11:50:35 moodle kernel: [    0.655683] pci 0000:00:15.2:   IO window: 0xc000-0xcfff
Jan 13 11:50:35 moodle kernel: [    0.655688] pci 0000:00:15.2:   MEM window: 0xda500000-0xda5fffff
Jan 13 11:50:35 moodle kernel: [    0.655693] pci 0000:00:15.2:   PREFETCH window: 0x000000dcf00000-0x000000dcffffff
Jan 13 11:50:35 moodle kernel: [    0.655697] pci 0000:00:15.3: PCI bridge, secondary bus 0000:06
Jan 13 11:50:35 moodle kernel: [    0.655702] pci 0000:00:15.3:   IO window: disabled
Jan 13 11:50:35 moodle kernel: [    0.655707] pci 0000:00:15.3:   MEM window: 0xda900000-0xda9fffff
Jan 13 11:50:35 moodle kernel: [    0.655712] pci 0000:00:15.3:   PREFETCH window: 0x000000dd300000-0x000000dd3fffff
Jan 13 11:50:35 moodle kernel: [    0.655717] pci 0000:00:15.4: PCI bridge, secondary bus 0000:07
Jan 13 11:50:35 moodle kernel: [    0.655721] pci 0000:00:15.4:   IO window: disabled
Jan 13 11:50:35 moodle kernel: [    0.655726] pci 0000:00:15.4:   MEM window: 0xdad00000-0xdadfffff
Jan 13 11:50:35 moodle kernel: [    0.655731] pci 0000:00:15.4:   PREFETCH window: 0x000000dd700000-0x000000dd7fffff
Jan 13 11:50:35 moodle kernel: [    0.655736] pci 0000:00:15.5: PCI bridge, secondary bus 0000:08
Jan 13 11:50:35 moodle kernel: [    0.655741] pci 0000:00:15.5:   IO window: disabled
Jan 13 11:50:35 moodle kernel: [    0.655745] pci 0000:00:15.5:   MEM window: 0xdb100000-0xdb1fffff
Jan 13 11:50:35 moodle kernel: [    0.655750] pci 0000:00:15.5:   PREFETCH window: 0x000000ddb00000-0x000000ddbfffff
Jan 13 11:50:35 moodle kernel: [    0.655755] pci 0000:00:15.6: PCI bridge, secondary bus 0000:09
Jan 13 11:50:35 moodle kernel: [    0.655760] pci 0000:00:15.6:   IO window: disabled
Jan 13 11:50:35 moodle kernel: [    0.655765] pci 0000:00:15.6:   MEM window: 0xdb500000-0xdb5fffff
Jan 13 11:50:35 moodle kernel: [    0.655769] pci 0000:00:15.6:   PREFETCH window: 0x000000ddf00000-0x000000ddffffff
Jan 13 11:50:35 moodle kernel: [    0.655774] pci 0000:00:15.7: PCI bridge, secondary bus 0000:0a
Jan 13 11:50:35 moodle kernel: [    0.655779] pci 0000:00:15.7:   IO window: disabled
Jan 13 11:50:35 moodle kernel: [    0.655784] pci 0000:00:15.7:   MEM window: 0xdb900000-0xdb9fffff
Jan 13 11:50:35 moodle kernel: [    0.655789] pci 0000:00:15.7:   PREFETCH window: 0x000000de300000-0x000000de3fffff
Jan 13 11:50:35 moodle kernel: [    0.655793] pci 0000:00:16.0: PCI bridge, secondary bus 0000:0b
Jan 13 11:50:35 moodle kernel: [    0.655798] pci 0000:00:16.0:   IO window: 0x5000-0x5fff
Jan 13 11:50:35 moodle kernel: [    0.655803] pci 0000:00:16.0:   MEM window: 0xd9e00000-0xd9efffff
Jan 13 11:50:35 moodle kernel: [    0.655808] pci 0000:00:16.0:   PREFETCH window: 0x000000dc800000-0x000000dc8fffff
Jan 13 11:50:35 moodle kernel: [    0.655813] pci 0000:00:16.1: PCI bridge, secondary bus 0000:0c
Jan 13 11:50:35 moodle kernel: [    0.655817] pci 0000:00:16.1:   IO window: 0x9000-0x9fff
Jan 13 11:50:35 moodle kernel: [    0.655822] pci 0000:00:16.1:   MEM window: 0xda200000-0xda2fffff
Jan 13 11:50:35 moodle kernel: [    0.655827] pci 0000:00:16.1:   PREFETCH window: 0x000000dcc00000-0x000000dccfffff
Jan 13 11:50:35 moodle kernel: [    0.655832] pci 0000:00:16.2: PCI bridge, secondary bus 0000:0d
Jan 13 11:50:35 moodle kernel: [    0.655837] pci 0000:00:16.2:   IO window: 0xd000-0xdfff
Jan 13 11:50:35 moodle kernel: [    0.655841] pci 0000:00:16.2:   MEM window: 0xda600000-0xda6fffff
Jan 13 11:50:35 moodle kernel: [    0.655846] pci 0000:00:16.2:   PREFETCH window: 0x000000dd000000-0x000000dd0fffff
Jan 13 11:50:35 moodle kernel: [    0.655851] pci 0000:00:16.3: PCI bridge, secondary bus 0000:0e
Jan 13 11:50:35 moodle kernel: [    0.655856] pci 0000:00:16.3:   IO window: disabled
Jan 13 11:50:35 moodle kernel: [    0.655861] pci 0000:00:16.3:   MEM window: 0xdaa00000-0xdaafffff
Jan 13 11:50:35 moodle kernel: [    0.655865] pci 0000:00:16.3:   PREFETCH window: 0x000000dd400000-0x000000dd4fffff
Jan 13 11:50:35 moodle kernel: [    0.655870] pci 0000:00:16.4: PCI bridge, secondary bus 0000:0f
Jan 13 11:50:35 moodle kernel: [    0.655875] pci 0000:00:16.4:   IO window: disabled
Jan 13 11:50:35 moodle kernel: [    0.655880] pci 0000:00:16.4:   MEM window: 0xdae00000-0xdaefffff
Jan 13 11:50:35 moodle kernel: [    0.655885] pci 0000:00:16.4:   PREFETCH window: 0x000000dd800000-0x000000dd8fffff
Jan 13 11:50:35 moodle kernel: [    0.655889] pci 0000:00:16.5: PCI bridge, secondary bus 0000:10
Jan 13 11:50:35 moodle kernel: [    0.655894] pci 0000:00:16.5:   IO window: disabled
Jan 13 11:50:35 moodle kernel: [    0.655899] pci 0000:00:16.5:   MEM window: 0xdb200000-0xdb2fffff
Jan 13 11:50:35 moodle kernel: [    0.655904] pci 0000:00:16.5:   PREFETCH window: 0x000000ddc00000-0x000000ddcfffff
Jan 13 11:50:35 moodle kernel: [    0.655909] pci 0000:00:16.6: PCI bridge, secondary bus 0000:11
Jan 13 11:50:35 moodle kernel: [    0.655913] pci 0000:00:16.6:   IO window: disabled
Jan 13 11:50:35 moodle kernel: [    0.655918] pci 0000:00:16.6:   MEM window: 0xdb600000-0xdb6fffff
Jan 13 11:50:35 moodle kernel: [    0.655923] pci 0000:00:16.6:   PREFETCH window: 0x000000de000000-0x000000de0fffff
Jan 13 11:50:35 moodle kernel: [    0.658684] pci 0000:00:16.7: PCI bridge, secondary bus 0000:12
Jan 13 11:50:35 moodle kernel: [    0.658689] pci 0000:00:16.7:   IO window: disabled
Jan 13 11:50:35 moodle kernel: [    0.658693] pci 0000:00:16.7:   MEM window: 0xdba00000-0xdbafffff
Jan 13 11:50:35 moodle kernel: [    0.658698] pci 0000:00:16.7:   PREFETCH window: 0x000000de400000-0x000000de4fffff
Jan 13 11:50:35 moodle kernel: [    0.658703] pci 0000:00:17.0: PCI bridge, secondary bus 0000:13
Jan 13 11:50:35 moodle kernel: [    0.658708] pci 0000:00:17.0:   IO window: 0x6000-0x6fff
Jan 13 11:50:35 moodle kernel: [    0.658713] pci 0000:00:17.0:   MEM window: 0xd9f00000-0xd9ffffff
Jan 13 11:50:35 moodle kernel: [    0.658717] pci 0000:00:17.0:   PREFETCH window: 0x000000dc900000-0x000000dc9fffff
Jan 13 11:50:35 moodle kernel: [    0.658722] pci 0000:00:17.1: PCI bridge, secondary bus 0000:14
Jan 13 11:50:35 moodle kernel: [    0.658727] pci 0000:00:17.1:   IO window: 0xa000-0xafff
Jan 13 11:50:35 moodle kernel: [    0.658732] pci 0000:00:17.1:   MEM window: 0xda300000-0xda3fffff
Jan 13 11:50:35 moodle kernel: [    0.658737] pci 0000:00:17.1:   PREFETCH window: 0x000000dcd00000-0x000000dcdfffff
Jan 13 11:50:35 moodle kernel: [    0.658741] pci 0000:00:17.2: PCI bridge, secondary bus 0000:15
Jan 13 11:50:35 moodle kernel: [    0.658746] pci 0000:00:17.2:   IO window: 0xe000-0xefff
Jan 13 11:50:35 moodle kernel: [    0.658751] pci 0000:00:17.2:   MEM window: 0xda700000-0xda7fffff
Jan 13 11:50:35 moodle kernel: [    0.658756] pci 0000:00:17.2:   PREFETCH window: 0x000000dd100000-0x000000dd1fffff
Jan 13 11:50:35 moodle kernel: [    0.658761] pci 0000:00:17.3: PCI bridge, secondary bus 0000:16
Jan 13 11:50:35 moodle kernel: [    0.658765] pci 0000:00:17.3:   IO window: disabled
Jan 13 11:50:35 moodle kernel: [    0.658770] pci 0000:00:17.3:   MEM window: 0xdab00000-0xdabfffff
Jan 13 11:50:35 moodle kernel: [    0.658775] pci 0000:00:17.3:   PREFETCH window: 0x000000dd500000-0x000000dd5fffff
Jan 13 11:50:35 moodle kernel: [    0.658780] pci 0000:00:17.4: PCI bridge, secondary bus 0000:17
Jan 13 11:50:35 moodle kernel: [    0.658785] pci 0000:00:17.4:   IO window: disabled
Jan 13 11:50:35 moodle kernel: [    0.658789] pci 0000:00:17.4:   MEM window: 0xdaf00000-0xdaffffff
Jan 13 11:50:35 moodle kernel: [    0.658794] pci 0000:00:17.4:   PREFETCH window: 0x000000dd900000-0x000000dd9fffff
Jan 13 11:50:35 moodle kernel: [    0.658799] pci 0000:00:17.5: PCI bridge, secondary bus 0000:18
Jan 13 11:50:35 moodle kernel: [    0.658804] pci 0000:00:17.5:   IO window: disabled
Jan 13 11:50:35 moodle kernel: [    0.658809] pci 0000:00:17.5:   MEM window: 0xdb300000-0xdb3fffff
Jan 13 11:50:35 moodle kernel: [    0.658813] pci 0000:00:17.5:   PREFETCH window: 0x000000ddd00000-0x000000dddfffff
Jan 13 11:50:35 moodle kernel: [    0.658818] pci 0000:00:17.6: PCI bridge, secondary bus 0000:19
Jan 13 11:50:35 moodle kernel: [    0.658823] pci 0000:00:17.6:   IO window: disabled
Jan 13 11:50:35 moodle kernel: [    0.658828] pci 0000:00:17.6:   MEM window: 0xdb700000-0xdb7fffff
Jan 13 11:50:35 moodle kernel: [    0.658833] pci 0000:00:17.6:   PREFETCH window: 0x000000de100000-0x000000de1fffff
Jan 13 11:50:35 moodle kernel: [    0.658837] pci 0000:00:17.7: PCI bridge, secondary bus 0000:1a
Jan 13 11:50:35 moodle kernel: [    0.658842] pci 0000:00:17.7:   IO window: disabled
Jan 13 11:50:35 moodle kernel: [    0.658847] pci 0000:00:17.7:   MEM window: 0xdbb00000-0xdbbfffff
Jan 13 11:50:35 moodle kernel: [    0.658852] pci 0000:00:17.7:   PREFETCH window: 0x000000de500000-0x000000de5fffff
Jan 13 11:50:35 moodle kernel: [    0.658857] pci 0000:00:18.0: PCI bridge, secondary bus 0000:1b
Jan 13 11:50:35 moodle kernel: [    0.658861] pci 0000:00:18.0:   IO window: 0x7000-0x7fff
Jan 13 11:50:35 moodle kernel: [    0.658866] pci 0000:00:18.0:   MEM window: 0xda000000-0xda0fffff
Jan 13 11:50:35 moodle kernel: [    0.658871] pci 0000:00:18.0:   PREFETCH window: 0x000000dca00000-0x000000dcafffff
Jan 13 11:50:35 moodle kernel: [    0.658876] pci 0000:00:18.1: PCI bridge, secondary bus 0000:1c
Jan 13 11:50:35 moodle kernel: [    0.658881] pci 0000:00:18.1:   IO window: 0xb000-0xbfff
Jan 13 11:50:35 moodle kernel: [    0.658885] pci 0000:00:18.1:   MEM window: 0xda400000-0xda4fffff
Jan 13 11:50:35 moodle kernel: [    0.658890] pci 0000:00:18.1:   PREFETCH window: 0x000000dce00000-0x000000dcefffff
