Jan 15 06:39:01 moodle CRON[24553]: (root) CMD (  [ -x /usr/lib/php5/maxlifetime ] && [ -d /var/lib/php5 ] && find /var/lib/php5/ -depth -mindepth 1 -maxdepth 1 -type f -cmin +$(/usr/lib/php5/maxlifetime) -delete)
Jan 15 07:09:01 moodle CRON[24703]: (root) CMD (  [ -x /usr/lib/php5/maxlifetime ] && [ -d /var/lib/php5 ] && find /var/lib/php5/ -depth -mindepth 1 -maxdepth 1 -type f -cmin +$(/usr/lib/php5/maxlifetime) -delete)
Jan 15 07:17:01 moodle CRON[24765]: (root) CMD (   cd / && run-parts --report /etc/cron.hourly)
Jan 15 07:39:01 moodle CRON[24886]: (root) CMD (  [ -x /usr/lib/php5/maxlifetime ] && [ -d /var/lib/php5 ] && find /var/lib/php5/ -depth -mindepth 1 -maxdepth 1 -type f -cmin +$(/usr/lib/php5/maxlifetime) -delete)
Jan 15 08:09:02 moodle CRON[25059]: (root) CMD (  [ -x /usr/lib/php5/maxlifetime ] && [ -d /var/lib/php5 ] && find /var/lib/php5/ -depth -mindepth 1 -maxdepth 1 -type f -cmin +$(/usr/lib/php5/maxlifetime) -delete)
Jan 15 08:17:01 moodle CRON[25121]: (root) CMD (   cd / && run-parts --report /etc/cron.hourly)
Jan 15 08:39:01 moodle CRON[25241]: (root) CMD (  [ -x /usr/lib/php5/maxlifetime ] && [ -d /var/lib/php5 ] && find /var/lib/php5/ -depth -mindepth 1 -maxdepth 1 -type f -cmin +$(/usr/lib/php5/maxlifetime) -delete)
Jan 15 09:09:01 moodle CRON[25414]: (root) CMD (  [ -x /usr/lib/php5/maxlifetime ] && [ -d /var/lib/php5 ] && find /var/lib/php5/ -depth -mindepth 1 -maxdepth 1 -type f -cmin +$(/usr/lib/php5/maxlifetime) -delete)
Jan 15 09:17:01 moodle CRON[25454]: (root) CMD (   cd / && run-parts --report /etc/cron.hourly)
Jan 15 09:39:01 moodle CRON[25597]: (root) CMD (  [ -x /usr/lib/php5/maxlifetime ] && [ -d /var/lib/php5 ] && find /var/lib/php5/ -depth -mindepth 1 -maxdepth 1 -type f -cmin +$(/usr/lib/php5/maxlifetime) -delete)
Jan 15 10:09:01 moodle CRON[25770]: (root) CMD (  [ -x /usr/lib/php5/maxlifetime ] && [ -d /var/lib/php5 ] && find /var/lib/php5/ -depth -mindepth 1 -maxdepth 1 -type f -cmin +$(/usr/lib/php5/maxlifetime) -delete)
Jan 15 10:17:01 moodle CRON[25809]: (root) CMD (   cd / && run-parts --report /etc/cron.hourly)
Jan 15 10:39:01 moodle CRON[25929]: (root) CMD (  [ -x /usr/lib/php5/maxlifetime ] && [ -d /var/lib/php5 ] && find /var/lib/php5/ -depth -mindepth 1 -maxdepth 1 -type f -cmin +$(/usr/lib/php5/maxlifetime) -delete)
Jan 15 11:09:01 moodle CRON[26102]: (root) CMD (  [ -x /usr/lib/php5/maxlifetime ] && [ -d /var/lib/php5 ] && find /var/lib/php5/ -depth -mindepth 1 -maxdepth 1 -type f -cmin +$(/usr/lib/php5/maxlifetime) -delete)
Jan 15 11:17:01 moodle CRON[26164]: (root) CMD (   cd / && run-parts --report /etc/cron.hourly)
Jan 15 11:39:01 moodle CRON[26284]: (root) CMD (  [ -x /usr/lib/php5/maxlifetime ] && [ -d /var/lib/php5 ] && find /var/lib/php5/ -depth -mindepth 1 -maxdepth 1 -type f -cmin +$(/usr/lib/php5/maxlifetime) -delete)
Jan 15 12:09:01 moodle CRON[26457]: (root) CMD (  [ -x /usr/lib/php5/maxlifetime ] && [ -d /var/lib/php5 ] && find /var/lib/php5/ -depth -mindepth 1 -maxdepth 1 -type f -cmin +$(/usr/lib/php5/maxlifetime) -delete)
Jan 15 12:17:01 moodle CRON[26519]: (root) CMD (   cd / && run-parts --report /etc/cron.hourly)
Jan 15 12:39:01 moodle CRON[26640]: (root) CMD (  [ -x /usr/lib/php5/maxlifetime ] && [ -d /var/lib/php5 ] && find /var/lib/php5/ -depth -mindepth 1 -maxdepth 1 -type f -cmin +$(/usr/lib/php5/maxlifetime) -delete)
Jan 15 13:09:01 moodle CRON[26813]: (root) CMD (  [ -x /usr/lib/php5/maxlifetime ] && [ -d /var/lib/php5 ] && find /var/lib/php5/ -depth -mindepth 1 -maxdepth 1 -type f -cmin +$(/usr/lib/php5/maxlifetime) -delete)
Jan 15 13:17:01 moodle CRON[26852]: (root) CMD (   cd / && run-parts --report /etc/cron.hourly)
Jan 15 13:39:01 moodle CRON[26995]: (root) CMD (  [ -x /usr/lib/php5/maxlifetime ] && [ -d /var/lib/php5 ] && find /var/lib/php5/ -depth -mindepth 1 -maxdepth 1 -type f -cmin +$(/usr/lib/php5/maxlifetime) -delete)
Jan 15 14:09:01 moodle CRON[27145]: (root) CMD (  [ -x /usr/lib/php5/maxlifetime ] && [ -d /var/lib/php5 ] && find /var/lib/php5/ -depth -mindepth 1 -maxdepth 1 -type f -cmin +$(/usr/lib/php5/maxlifetime) -delete)
Jan 15 14:17:01 moodle CRON[27209]: (root) CMD (   cd / && run-parts --report /etc/cron.hourly)
Jan 15 14:39:01 moodle CRON[27329]: (root) CMD (  [ -x /usr/lib/php5/maxlifetime ] && [ -d /var/lib/php5 ] && find /var/lib/php5/ -depth -mindepth 1 -maxdepth 1 -type f -cmin +$(/usr/lib/php5/maxlifetime) -delete)
Jan 15 15:09:01 moodle CRON[27502]: (root) CMD (  [ -x /usr/lib/php5/maxlifetime ] && [ -d /var/lib/php5 ] && find /var/lib/php5/ -depth -mindepth 1 -maxdepth 1 -type f -cmin +$(/usr/lib/php5/maxlifetime) -delete)
Jan 15 15:17:01 moodle CRON[27564]: (root) CMD (   cd / && run-parts --report /etc/cron.hourly)
Jan 15 15:39:01 moodle CRON[27684]: (root) CMD (  [ -x /usr/lib/php5/maxlifetime ] && [ -d /var/lib/php5 ] && find /var/lib/php5/ -depth -mindepth 1 -maxdepth 1 -type f -cmin +$(/usr/lib/php5/maxlifetime) -delete)
Jan 15 15:46:44 moodle ntpd[997]: no servers reachable
Jan 15 16:09:01 moodle CRON[27859]: (root) CMD (  [ -x /usr/lib/php5/maxlifetime ] && [ -d /var/lib/php5 ] && find /var/lib/php5/ -depth -mindepth 1 -maxdepth 1 -type f -cmin +$(/usr/lib/php5/maxlifetime) -delete)
Jan 15 16:17:01 moodle CRON[27898]: (root) CMD (   cd / && run-parts --report /etc/cron.hourly)
Jan 15 16:39:01 moodle CRON[28041]: (root) CMD (  [ -x /usr/lib/php5/maxlifetime ] && [ -d /var/lib/php5 ] && find /var/lib/php5/ -depth -mindepth 1 -maxdepth 1 -type f -cmin +$(/usr/lib/php5/maxlifetime) -delete)
Jan 15 16:40:00 moodle ntpd[997]: synchronized to 216.66.0.142, stratum 2
Jan 15 16:55:01 moodle ntpd[997]: synchronized to 108.59.14.130, stratum 2
Jan 15 16:55:01 moodle ntpd[997]: kernel time sync status change 2001
Jan 15 17:09:01 moodle CRON[28214]: (root) CMD (  [ -x /usr/lib/php5/maxlifetime ] && [ -d /var/lib/php5 ] && find /var/lib/php5/ -depth -mindepth 1 -maxdepth 1 -type f -cmin +$(/usr/lib/php5/maxlifetime) -delete)
Jan 15 17:17:01 moodle CRON[28253]: (root) CMD (   cd / && run-parts --report /etc/cron.hourly)
Jan 15 17:39:01 moodle CRON[28374]: (root) CMD (  [ -x /usr/lib/php5/maxlifetime ] && [ -d /var/lib/php5 ] && find /var/lib/php5/ -depth -mindepth 1 -maxdepth 1 -type f -cmin +$(/usr/lib/php5/maxlifetime) -delete)
Jan 15 17:40:43 moodle ntpd[997]: synchronized to 216.66.0.142, stratum 2
Jan 15 17:40:43 moodle ntpd[997]: kernel time sync status change 6001
Jan 15 18:05:22 moodle ntpd[997]: kernel time sync status change 2001
Jan 15 18:09:01 moodle CRON[28549]: (root) CMD (  [ -x /usr/lib/php5/maxlifetime ] && [ -d /var/lib/php5 ] && find /var/lib/php5/ -depth -mindepth 1 -maxdepth 1 -type f -cmin +$(/usr/lib/php5/maxlifetime) -delete)
Jan 15 18:17:01 moodle CRON[28611]: (root) CMD (   cd / && run-parts --report /etc/cron.hourly)
Jan 15 18:39:01 moodle CRON[28731]: (root) CMD (  [ -x /usr/lib/php5/maxlifetime ] && [ -d /var/lib/php5 ] && find /var/lib/php5/ -depth -mindepth 1 -maxdepth 1 -type f -cmin +$(/usr/lib/php5/maxlifetime) -delete)
Jan 15 18:56:34 moodle ntpd[997]: kernel time sync status change 6001
Jan 15 19:09:01 moodle CRON[28905]: (root) CMD (  [ -x /usr/lib/php5/maxlifetime ] && [ -d /var/lib/php5 ] && find /var/lib/php5/ -depth -mindepth 1 -maxdepth 1 -type f -cmin +$(/usr/lib/php5/maxlifetime) -delete)
Jan 15 19:13:39 moodle ntpd[997]: kernel time sync status change 2001
Jan 15 19:17:01 moodle CRON[28969]: (root) CMD (   cd / && run-parts --report /etc/cron.hourly)
Jan 15 19:24:01 moodle CRON[29007]: (root) CMD (test -x /usr/sbin/cron-apt && /usr/sbin/cron-apt)
Jan 15 19:39:01 moodle CRON[29105]: (root) CMD (  [ -x /usr/lib/php5/maxlifetime ] && [ -d /var/lib/php5 ] && find /var/lib/php5/ -depth -mindepth 1 -maxdepth 1 -type f -cmin +$(/usr/lib/php5/maxlifetime) -delete)
Jan 15 19:54:57 moodle cron-apt: CRON-APT RUN [/etc/cron-apt/config]: Tue Jan 15 19:24:01 UTC 2013
Jan 15 19:54:57 moodle cron-apt: CRON-APT SLEEP: 1746, Tue Jan 15 19:53:07 UTC 2013
Jan 15 19:54:57 moodle cron-apt: CRON-APT ACTION: 0-update
Jan 15 19:54:57 moodle cron-apt: CRON-APT LINE: /usr/bin/apt-get update -o quiet=2
Jan 15 19:54:57 moodle cron-apt: W: Failed to fetch http://archive.turnkeylinux.org/ubuntu/dists/lucid-security/Release.gpg  Temporary failure resolving 'archive.turnkeylinux.org'
Jan 15 19:54:57 moodle cron-apt: 
Jan 15 19:54:57 moodle cron-apt: W: Some index files failed to download, they have been ignored, or old ones used instead.
Jan 15 19:54:57 moodle cron-apt: CRON-APT ACTION: 5-install
Jan 15 19:54:57 moodle cron-apt: CRON-APT LINE: /usr/bin/apt-get autoclean -q -y
Jan 15 19:54:57 moodle cron-apt: Reading package lists...
Jan 15 19:54:57 moodle cron-apt: Building dependency tree...
Jan 15 19:54:57 moodle cron-apt: Reading state information...
Jan 15 19:54:57 moodle cron-apt: Del libfreetype6 2.3.11-1ubuntu2.6 [420kB]
Jan 15 19:55:16 moodle cron-apt: CRON-APT LINE: /usr/bin/apt-get dist-upgrade -q -y -o APT::Get::Show-Upgraded=true -o Dir::Etc::sourcelist=/etc/apt/sources.list.d/security.sources.list -o Dir::Etc::sourceparts=nonexistent -o DPkg::Options::=--force-confdef -o DPkg::Options::=--force-confold
Jan 15 19:55:16 moodle cron-apt: Reading package lists...
Jan 15 19:55:16 moodle cron-apt: Building dependency tree...
Jan 15 19:55:16 moodle cron-apt: Reading state information...
Jan 15 19:55:16 moodle cron-apt: The following packages will be upgraded:
Jan 15 19:55:16 moodle cron-apt:   libfreetype6
Jan 15 19:55:16 moodle cron-apt: 1 upgraded, 0 newly installed, 0 to remove and 0 not upgraded.
Jan 15 19:55:16 moodle cron-apt: Need to get 421kB of archives.
Jan 15 19:55:16 moodle cron-apt: After this operation, 8192B disk space will be freed.
Jan 15 19:55:16 moodle cron-apt: Get:1 http://us.archive.ubuntu.com/ubuntu/ lucid-security/main libfreetype6 2.3.11-1ubuntu2.7 [421kB]
Jan 15 19:55:16 moodle cron-apt: [master c77073a] saving uncommitted changes in /etc prior to apt run
Jan 15 19:55:16 moodle cron-apt:  15 files changed, 2057 insertions(+), 3 deletions(-)
Jan 15 19:55:16 moodle cron-apt: debconf: delaying package configuration, since apt-utils is not installed
Jan 15 19:55:16 moodle cron-apt: Fetched 421kB in 16s (26.0kB/s)
Jan 15 19:55:16 moodle cron-apt: (Reading database ... 36501 files and directories currently installed.)
Jan 15 19:55:16 moodle cron-apt: Preparing to replace libfreetype6 2.3.11-1ubuntu2.6 (using .../libfreetype6_2.3.11-1ubuntu2.7_i386.deb) ...
Jan 15 19:55:16 moodle cron-apt: Unpacking replacement libfreetype6 ...
Jan 15 19:55:16 moodle cron-apt: Setting up libfreetype6 (2.3.11-1ubuntu2.7) ...
Jan 15 19:55:16 moodle cron-apt: 
Jan 15 19:55:16 moodle cron-apt: Processing triggers for libc-bin ...
Jan 15 19:55:16 moodle cron-apt: ldconfig deferred processing now taking place
Jan 15 20:09:01 moodle CRON[29794]: (root) CMD (  [ -x /usr/lib/php5/maxlifetime ] && [ -d /var/lib/php5 ] && find /var/lib/php5/ -depth -mindepth 1 -maxdepth 1 -type f -cmin +$(/usr/lib/php5/maxlifetime) -delete)
Jan 15 20:17:01 moodle CRON[29833]: (root) CMD (   cd / && run-parts --report /etc/cron.hourly)
Jan 15 20:22:01 moodle ntpd[997]: kernel time sync status change 6001
Jan 15 20:39:01 moodle CRON[29977]: (root) CMD (  [ -x /usr/lib/php5/maxlifetime ] && [ -d /var/lib/php5 ] && find /var/lib/php5/ -depth -mindepth 1 -maxdepth 1 -type f -cmin +$(/usr/lib/php5/maxlifetime) -delete)
Jan 15 21:09:01 moodle CRON[30128]: (root) CMD (  [ -x /usr/lib/php5/maxlifetime ] && [ -d /var/lib/php5 ] && find /var/lib/php5/ -depth -mindepth 1 -maxdepth 1 -type f -cmin +$(/usr/lib/php5/maxlifetime) -delete)
Jan 15 21:13:18 moodle ntpd[997]: kernel time sync status change 2001
Jan 15 21:17:01 moodle CRON[30191]: (root) CMD (   cd / && run-parts --report /etc/cron.hourly)
Jan 15 21:39:01 moodle CRON[30311]: (root) CMD (  [ -x /usr/lib/php5/maxlifetime ] && [ -d /var/lib/php5 ] && find /var/lib/php5/ -depth -mindepth 1 -maxdepth 1 -type f -cmin +$(/usr/lib/php5/maxlifetime) -delete)
Jan 15 21:47:27 moodle ntpd[997]: kernel time sync status change 6001
Jan 15 22:04:30 moodle ntpd[997]: kernel time sync status change 2001
Jan 15 22:09:01 moodle CRON[30486]: (root) CMD (  [ -x /usr/lib/php5/maxlifetime ] && [ -d /var/lib/php5 ] && find /var/lib/php5/ -depth -mindepth 1 -maxdepth 1 -type f -cmin +$(/usr/lib/php5/maxlifetime) -delete)
Jan 15 22:17:01 moodle CRON[30548]: (root) CMD (   cd / && run-parts --report /etc/cron.hourly)
Jan 15 22:39:01 moodle CRON[30669]: (root) CMD (  [ -x /usr/lib/php5/maxlifetime ] && [ -d /var/lib/php5 ] && find /var/lib/php5/ -depth -mindepth 1 -maxdepth 1 -type f -cmin +$(/usr/lib/php5/maxlifetime) -delete)
Jan 15 23:09:01 moodle CRON[30841]: (root) CMD (  [ -x /usr/lib/php5/maxlifetime ] && [ -d /var/lib/php5 ] && find /var/lib/php5/ -depth -mindepth 1 -maxdepth 1 -type f -cmin +$(/usr/lib/php5/maxlifetime) -delete)
Jan 15 23:17:01 moodle CRON[30880]: (root) CMD (   cd / && run-parts --report /etc/cron.hourly)
Jan 15 23:29:55 moodle ntpd[997]: kernel time sync status change 6001
Jan 15 23:39:01 moodle CRON[31024]: (root) CMD (  [ -x /usr/lib/php5/maxlifetime ] && [ -d /var/lib/php5 ] && find /var/lib/php5/ -depth -mindepth 1 -maxdepth 1 -type f -cmin +$(/usr/lib/php5/maxlifetime) -delete)
Jan 16 00:04:03 moodle ntpd[997]: kernel time sync status change 2001
Jan 16 00:09:01 moodle CRON[31198]: (root) CMD (  [ -x /usr/lib/php5/maxlifetime ] && [ -d /var/lib/php5 ] && find /var/lib/php5/ -depth -mindepth 1 -maxdepth 1 -type f -cmin +$(/usr/lib/php5/maxlifetime) -delete)
Jan 16 00:17:01 moodle CRON[31238]: (root) CMD (   cd / && run-parts --report /etc/cron.hourly)
Jan 16 00:34:12 moodle kernel: Kernel logging (proc) stopped.
Jan 16 00:35:05 moodle kernel: imklog 4.2.0, log source = /proc/kmsg started.
Jan 16 00:35:05 moodle rsyslogd: [origin software="rsyslogd" swVersion="4.2.0" x-pid="669" x-info="http://www.rsyslog.com"] (re)start
Jan 16 00:35:05 moodle rsyslogd: rsyslogd's groupid changed to 104
Jan 16 00:35:05 moodle rsyslogd: rsyslogd's userid changed to 102
Jan 16 00:35:05 moodle rsyslogd-2039: Could no open output file '/dev/xconsole' [try http://www.rsyslog.com/e/2039 ]
Jan 16 00:35:05 moodle kernel: [    0.000000] Initializing cgroup subsys cpuset
Jan 16 00:35:05 moodle kernel: [    0.000000] Initializing cgroup subsys cpu
Jan 16 00:35:05 moodle kernel: [    0.000000] Linux version 2.6.32-45-generic (buildd@roseapple) (gcc version 4.4.3 (Ubuntu 4.4.3-4ubuntu5.1) ) #102-Ubuntu SMP Wed Jan 2 21:53:06 UTC 2013 (Ubuntu 2.6.32-45.102-generic 2.6.32.60+drm33.26)
Jan 16 00:35:05 moodle kernel: [    0.000000] KERNEL supported cpus:
Jan 16 00:35:05 moodle kernel: [    0.000000]   Intel GenuineIntel
Jan 16 00:35:05 moodle kernel: [    0.000000]   AMD AuthenticAMD
Jan 16 00:35:05 moodle kernel: [    0.000000]   NSC Geode by NSC
Jan 16 00:35:05 moodle kernel: [    0.000000]   Cyrix CyrixInstead
Jan 16 00:35:05 moodle kernel: [    0.000000]   Centaur CentaurHauls
Jan 16 00:35:05 moodle kernel: [    0.000000]   Transmeta GenuineTMx86
Jan 16 00:35:05 moodle kernel: [    0.000000]   Transmeta TransmetaCPU
Jan 16 00:35:05 moodle kernel: [    0.000000]   UMC UMC UMC UMC
Jan 16 00:35:05 moodle kernel: [    0.000000] BIOS-provided physical RAM map:
Jan 16 00:35:05 moodle kernel: [    0.000000]  BIOS-e820: 0000000000000000 - 000000000009f800 (usable)
Jan 16 00:35:05 moodle kernel: [    0.000000]  BIOS-e820: 000000000009f800 - 00000000000a0000 (reserved)
Jan 16 00:35:05 moodle kernel: [    0.000000]  BIOS-e820: 00000000000ca000 - 00000000000cc000 (reserved)
Jan 16 00:35:05 moodle kernel: [    0.000000]  BIOS-e820: 00000000000dc000 - 00000000000e4000 (reserved)
Jan 16 00:35:05 moodle kernel: [    0.000000]  BIOS-e820: 00000000000e8000 - 0000000000100000 (reserved)
Jan 16 00:35:05 moodle kernel: [    0.000000]  BIOS-e820: 0000000000100000 - 000000000fef0000 (usable)
Jan 16 00:35:05 moodle kernel: [    0.000000]  BIOS-e820: 000000000fef0000 - 000000000feff000 (ACPI data)
Jan 16 00:35:05 moodle kernel: [    0.000000]  BIOS-e820: 000000000feff000 - 000000000ff00000 (ACPI NVS)
Jan 16 00:35:05 moodle kernel: [    0.000000]  BIOS-e820: 000000000ff00000 - 0000000010000000 (usable)
Jan 16 00:35:05 moodle kernel: [    0.000000]  BIOS-e820: 00000000e0000000 - 00000000f0000000 (reserved)
Jan 16 00:35:05 moodle kernel: [    0.000000]  BIOS-e820: 00000000fec00000 - 00000000fec10000 (reserved)
Jan 16 00:35:05 moodle kernel: [    0.000000]  BIOS-e820: 00000000fee00000 - 00000000fee01000 (reserved)
Jan 16 00:35:05 moodle kernel: [    0.000000]  BIOS-e820: 00000000fffe0000 - 0000000100000000 (reserved)
Jan 16 00:35:05 moodle kernel: [    0.000000] DMI present.
Jan 16 00:35:05 moodle kernel: [    0.000000] Phoenix BIOS detected: BIOS may corrupt low RAM, working around it.
Jan 16 00:35:05 moodle kernel: [    0.000000] e820 update range: 0000000000000000 - 0000000000010000 (usable) ==> (reserved)
Jan 16 00:35:05 moodle kernel: [    0.000000] last_pfn = 0x10000 max_arch_pfn = 0x100000
Jan 16 00:35:05 moodle kernel: [    0.000000] MTRR default type: uncachable
Jan 16 00:35:05 moodle kernel: [    0.000000] MTRR fixed ranges enabled:
Jan 16 00:35:05 moodle kernel: [    0.000000]   00000-9FFFF write-back
Jan 16 00:35:05 moodle kernel: [    0.000000]   A0000-BFFFF uncachable
Jan 16 00:35:05 moodle kernel: [    0.000000]   C0000-CBFFF write-protect
Jan 16 00:35:05 moodle kernel: [    0.000000]   CC000-EFFFF uncachable
Jan 16 00:35:05 moodle kernel: [    0.000000]   F0000-FFFFF write-protect
Jan 16 00:35:05 moodle kernel: [    0.000000] MTRR variable ranges enabled:
Jan 16 00:35:05 moodle kernel: [    0.000000]   0 base 0000000000 mask FFF0000000 write-back
Jan 16 00:35:05 moodle kernel: [    0.000000]   1 disabled
Jan 16 00:35:05 moodle kernel: [    0.000000]   2 disabled
Jan 16 00:35:05 moodle kernel: [    0.000000]   3 disabled
Jan 16 00:35:05 moodle kernel: [    0.000000]   4 disabled
Jan 16 00:35:05 moodle kernel: [    0.000000]   5 disabled
Jan 16 00:35:05 moodle kernel: [    0.000000]   6 disabled
Jan 16 00:35:05 moodle kernel: [    0.000000]   7 disabled
Jan 16 00:35:05 moodle kernel: [    0.000000] x86 PAT enabled: cpu 0, old 0x0, new 0x7010600070106
Jan 16 00:35:05 moodle kernel: [    0.000000] Scanning 0 areas for low memory corruption
Jan 16 00:35:05 moodle kernel: [    0.000000] modified physical RAM map:
Jan 16 00:35:05 moodle kernel: [    0.000000]  modified: 0000000000000000 - 0000000000010000 (reserved)
Jan 16 00:35:05 moodle kernel: [    0.000000]  modified: 0000000000010000 - 000000000009f800 (usable)
Jan 16 00:35:05 moodle kernel: [    0.000000]  modified: 000000000009f800 - 00000000000a0000 (reserved)
Jan 16 00:35:05 moodle kernel: [    0.000000]  modified: 00000000000ca000 - 00000000000cc000 (reserved)
Jan 16 00:35:05 moodle kernel: [    0.000000]  modified: 00000000000dc000 - 00000000000e4000 (reserved)
Jan 16 00:35:05 moodle kernel: [    0.000000]  modified: 00000000000e8000 - 0000000000100000 (reserved)
Jan 16 00:35:05 moodle kernel: [    0.000000]  modified: 0000000000100000 - 000000000fef0000 (usable)
Jan 16 00:35:05 moodle kernel: [    0.000000]  modified: 000000000fef0000 - 000000000feff000 (ACPI data)
Jan 16 00:35:05 moodle kernel: [    0.000000]  modified: 000000000feff000 - 000000000ff00000 (ACPI NVS)
Jan 16 00:35:05 moodle kernel: [    0.000000]  modified: 000000000ff00000 - 0000000010000000 (usable)
Jan 16 00:35:05 moodle kernel: [    0.000000]  modified: 00000000e0000000 - 00000000f0000000 (reserved)
Jan 16 00:35:05 moodle kernel: [    0.000000]  modified: 00000000fec00000 - 00000000fec10000 (reserved)
Jan 16 00:35:05 moodle kernel: [    0.000000]  modified: 00000000fee00000 - 00000000fee01000 (reserved)
Jan 16 00:35:05 moodle kernel: [    0.000000]  modified: 00000000fffe0000 - 0000000100000000 (reserved)
Jan 16 00:35:05 moodle kernel: [    0.000000] initial memory mapped : 0 - 00c00000
Jan 16 00:35:05 moodle kernel: [    0.000000] init_memory_mapping: 0000000000000000-0000000010000000
Jan 16 00:35:05 moodle kernel: [    0.000000] Using x86 segment limits to approximate NX protection
Jan 16 00:35:05 moodle kernel: [    0.000000]  0000000000 - 0000400000 page 4k
Jan 16 00:35:05 moodle kernel: [    0.000000]  0000400000 - 0010000000 page 2M
Jan 16 00:35:05 moodle kernel: [    0.000000] kernel direct mapping tables up to 10000000 @ 10000-14000
Jan 16 00:35:05 moodle kernel: [    0.000000] RAMDISK: 0b5db000 - 0bf737a7
Jan 16 00:35:05 moodle kernel: [    0.000000] ACPI: RSDP 000f6940 00024 (v02 PTLTD )
Jan 16 00:35:05 moodle kernel: [    0.000000] ACPI: XSDT 0fef0885 0004C (v01 INTEL  440BX    06040000 VMW  01324272)
Jan 16 00:35:05 moodle kernel: [    0.000000] ACPI: FACP 0fefee98 000F4 (v04 INTEL  440BX    06040000 PTL  000F4240)
Jan 16 00:35:05 moodle kernel: [    0.000000] ACPI: DSDT 0fef0a3d 0E45B (v01 PTLTD  Custom   06040000 MSFT 03000001)
Jan 16 00:35:05 moodle kernel: [    0.000000] ACPI: FACS 0fefffc0 00040
Jan 16 00:35:05 moodle kernel: [    0.000000] ACPI: BOOT 0fef0a15 00028 (v01 PTLTD  $SBFTBL$ 06040000  LTP 00000001)
Jan 16 00:35:05 moodle kernel: [    0.000000] ACPI: APIC 0fef09c5 00050 (v01 PTLTD  ? APIC   06040000  LTP 00000000)
Jan 16 00:35:05 moodle kernel: [    0.000000] ACPI: MCFG 0fef0989 0003C (v01 PTLTD  $PCITBL$ 06040000  LTP 00000001)
Jan 16 00:35:05 moodle kernel: [    0.000000] ACPI: SRAT 0fef0909 00080 (v02 VMWARE MEMPLUG  06040000 VMW  00000001)
Jan 16 00:35:05 moodle kernel: [    0.000000] ACPI: Local APIC address 0xfee00000
Jan 16 00:35:05 moodle kernel: [    0.000000] 0MB HIGHMEM available.
Jan 16 00:35:05 moodle kernel: [    0.000000] 256MB LOWMEM available.
Jan 16 00:35:05 moodle kernel: [    0.000000]   mapped low ram: 0 - 10000000
Jan 16 00:35:05 moodle kernel: [    0.000000]   low ram: 0 - 10000000
Jan 16 00:35:05 moodle kernel: [    0.000000]   node 0 low ram: 00000000 - 10000000
Jan 16 00:35:05 moodle kernel: [    0.000000]   node 0 bootmap 00010000 - 00012000
Jan 16 00:35:05 moodle kernel: [    0.000000] (8 early reservations) ==> bootmem [0000000000 - 0010000000]
Jan 16 00:35:05 moodle kernel: [    0.000000]   #0 [0000000000 - 0000001000]   BIOS data page ==> [0000000000 - 0000001000]
Jan 16 00:35:05 moodle kernel: [    0.000000]   #1 [0000001000 - 0000002000]    EX TRAMPOLINE ==> [0000001000 - 0000002000]
Jan 16 00:35:05 moodle kernel: [    0.000000]   #2 [0000006000 - 0000007000]       TRAMPOLINE ==> [0000006000 - 0000007000]
Jan 16 00:35:05 moodle kernel: [    0.000000]   #3 [0000100000 - 00008e5ef8]    TEXT DATA BSS ==> [0000100000 - 00008e5ef8]
Jan 16 00:35:05 moodle kernel: [    0.000000]   #4 [000b5db000 - 000bf737a7]          RAMDISK ==> [000b5db000 - 000bf737a7]
Jan 16 00:35:05 moodle kernel: [    0.000000]   #5 [000009f800 - 0000100000]    BIOS reserved ==> [000009f800 - 0000100000]
Jan 16 00:35:05 moodle kernel: [    0.000000]   #6 [00008e6000 - 00008e91c0]              BRK ==> [00008e6000 - 00008e91c0]
Jan 16 00:35:05 moodle kernel: [    0.000000]   #7 [0000010000 - 0000012000]          BOOTMAP ==> [0000010000 - 0000012000]
Jan 16 00:35:05 moodle kernel: [    0.000000] found SMP MP-table at [c00f69b0] f69b0
Jan 16 00:35:05 moodle kernel: [    0.000000] Zone PFN ranges:
Jan 16 00:35:05 moodle kernel: [    0.000000]   DMA      0x00000010 -> 0x00001000
Jan 16 00:35:05 moodle kernel: [    0.000000]   Normal   0x00001000 -> 0x00010000
Jan 16 00:35:05 moodle kernel: [    0.000000]   HighMem  0x00010000 -> 0x00010000
Jan 16 00:35:05 moodle kernel: [    0.000000] Movable zone start PFN for each node
Jan 16 00:35:05 moodle kernel: [    0.000000] early_node_map[3] active PFN ranges
Jan 16 00:35:05 moodle kernel: [    0.000000]     0: 0x00000010 -> 0x0000009f
Jan 16 00:35:05 moodle kernel: [    0.000000]     0: 0x00000100 -> 0x0000fef0
Jan 16 00:35:05 moodle kernel: [    0.000000]     0: 0x0000ff00 -> 0x00010000
Jan 16 00:35:05 moodle kernel: [    0.000000] On node 0 totalpages: 65407
Jan 16 00:35:05 moodle kernel: [    0.000000] free_area_init_node: node 0, pgdat c07a0800, node_mem_map c1001200
Jan 16 00:35:05 moodle kernel: [    0.000000]   DMA zone: 32 pages used for memmap
Jan 16 00:35:05 moodle kernel: [    0.000000]   DMA zone: 0 pages reserved
Jan 16 00:35:05 moodle kernel: [    0.000000]   DMA zone: 3951 pages, LIFO batch:0
Jan 16 00:35:05 moodle kernel: [    0.000000]   Normal zone: 480 pages used for memmap
Jan 16 00:35:05 moodle kernel: [    0.000000]   Normal zone: 60944 pages, LIFO batch:15
Jan 16 00:35:05 moodle kernel: [    0.000000] Using APIC driver default
Jan 16 00:35:05 moodle kernel: [    0.000000] ACPI: PM-Timer IO Port: 0x1008
Jan 16 00:35:05 moodle kernel: [    0.000000] ACPI: Local APIC address 0xfee00000
Jan 16 00:35:05 moodle kernel: [    0.000000] ACPI: LAPIC (acpi_id[0x00] lapic_id[0x00] enabled)
Jan 16 00:35:05 moodle kernel: [    0.000000] ACPI: LAPIC_NMI (acpi_id[0x00] high edge lint[0x1])
Jan 16 00:35:05 moodle kernel: [    0.000000] ACPI: IOAPIC (id[0x01] address[0xfec00000] gsi_base[0])
Jan 16 00:35:05 moodle kernel: [    0.000000] IOAPIC[0]: apic_id 1, version 17, address 0xfec00000, GSI 0-23
Jan 16 00:35:05 moodle kernel: [    0.000000] ACPI: INT_SRC_OVR (bus 0 bus_irq 0 global_irq 2 high edge)
Jan 16 00:35:05 moodle kernel: [    0.000000] ACPI: IRQ0 used by override.
Jan 16 00:35:05 moodle kernel: [    0.000000] ACPI: IRQ2 used by override.
Jan 16 00:35:05 moodle kernel: [    0.000000] ACPI: IRQ9 used by override.
Jan 16 00:35:05 moodle kernel: [    0.000000] Using ACPI (MADT) for SMP configuration information
Jan 16 00:35:05 moodle kernel: [    0.000000] SMP: Allowing 1 CPUs, 0 hotplug CPUs
Jan 16 00:35:05 moodle kernel: [    0.000000] nr_irqs_gsi: 24
Jan 16 00:35:05 moodle kernel: [    0.000000] PM: Registered nosave memory: 000000000009f000 - 00000000000a0000
Jan 16 00:35:05 moodle kernel: [    0.000000] PM: Registered nosave memory: 00000000000a0000 - 00000000000ca000
Jan 16 00:35:05 moodle kernel: [    0.000000] PM: Registered nosave memory: 00000000000ca000 - 00000000000cc000
Jan 16 00:35:05 moodle kernel: [    0.000000] PM: Registered nosave memory: 00000000000cc000 - 00000000000dc000
Jan 16 00:35:05 moodle kernel: [    0.000000] PM: Registered nosave memory: 00000000000dc000 - 00000000000e4000
Jan 16 00:35:05 moodle kernel: [    0.000000] PM: Registered nosave memory: 00000000000e4000 - 00000000000e8000
Jan 16 00:35:05 moodle kernel: [    0.000000] PM: Registered nosave memory: 00000000000e8000 - 0000000000100000
Jan 16 00:35:05 moodle kernel: [    0.000000] PM: Registered nosave memory: 000000000fef0000 - 000000000feff000
Jan 16 00:35:05 moodle kernel: [    0.000000] PM: Registered nosave memory: 000000000feff000 - 000000000ff00000
Jan 16 00:35:05 moodle kernel: [    0.000000] Allocating PCI resources starting at 10000000 (gap: 10000000:d0000000)
Jan 16 00:35:05 moodle kernel: [    0.000000] Booting paravirtualized kernel on bare hardware
Jan 16 00:35:05 moodle kernel: [    0.000000] NR_CPUS:8 nr_cpumask_bits:8 nr_cpu_ids:1 nr_node_ids:1
Jan 16 00:35:05 moodle kernel: [    0.000000] PERCPU: Embedded 14 pages/cpu @c1400000 s36056 r0 d21288 u4194304
Jan 16 00:35:05 moodle kernel: [    0.000000] pcpu-alloc: s36056 r0 d21288 u4194304 alloc=1*4194304
Jan 16 00:35:05 moodle kernel: [    0.000000] pcpu-alloc: [0] 0 
Jan 16 00:35:05 moodle kernel: [    0.000000] Built 1 zonelists in Zone order, mobility grouping on.  Total pages: 64895
Jan 16 00:35:05 moodle kernel: [    0.000000] Kernel command line: BOOT_IMAGE=/vmlinuz-2.6.32-45-generic root=/dev/mapper/turnkey-root ro
Jan 16 00:35:05 moodle kernel: [    0.000000] PID hash table entries: 1024 (order: 0, 4096 bytes)
Jan 16 00:35:05 moodle kernel: [    0.000000] Dentry cache hash table entries: 32768 (order: 5, 131072 bytes)
Jan 16 00:35:05 moodle kernel: [    0.000000] Inode-cache hash table entries: 16384 (order: 4, 65536 bytes)
Jan 16 00:35:05 moodle kernel: [    0.000000] Enabling fast FPU save and restore... done.
Jan 16 00:35:05 moodle kernel: [    0.000000] Enabling unmasked SIMD FPU exception support... done.
Jan 16 00:35:05 moodle kernel: [    0.000000] Initializing CPU#0
Jan 16 00:35:05 moodle kernel: [    0.000000] allocated 1310400 bytes of page_cgroup
Jan 16 00:35:05 moodle kernel: [    0.000000] please try 'cgroup_disable=memory' option if you don't want memory cgroups
Jan 16 00:35:05 moodle kernel: [    0.000000] Initializing HighMem for node 0 (00000000:00000000)
Jan 16 00:35:05 moodle kernel: [    0.000000] Memory: 239740k/262144k available (4702k kernel code, 21552k reserved, 2124k data, 664k init, 0k highmem)
Jan 16 00:35:05 moodle kernel: [    0.000000] virtual kernel memory layout:
Jan 16 00:35:05 moodle kernel: [    0.000000]     fixmap  : 0xfff1d000 - 0xfffff000   ( 904 kB)
Jan 16 00:35:05 moodle kernel: [    0.000000]     pkmap   : 0xff800000 - 0xffc00000   (4096 kB)
Jan 16 00:35:05 moodle kernel: [    0.000000]     vmalloc : 0xd0800000 - 0xff7fe000   ( 751 MB)
Jan 16 00:35:05 moodle kernel: [    0.000000]     lowmem  : 0xc0000000 - 0xd0000000   ( 256 MB)
Jan 16 00:35:05 moodle kernel: [    0.000000]       .init : 0xc07ab000 - 0xc0851000   ( 664 kB)
Jan 16 00:35:05 moodle kernel: [    0.000000]       .data : 0xc0597a27 - 0xc07aadc8   (2124 kB)
Jan 16 00:35:05 moodle kernel: [    0.000000]       .text : 0xc0100000 - 0xc0597a27   (4702 kB)
Jan 16 00:35:05 moodle kernel: [    0.000000] Checking if this processor honours the WP bit even in supervisor mode...Ok.
Jan 16 00:35:05 moodle kernel: [    0.000000] SLUB: Genslabs=13, HWalign=64, Order=0-3, MinObjects=0, CPUs=1, Nodes=1
Jan 16 00:35:05 moodle kernel: [    0.000000] Hierarchical RCU implementation.
Jan 16 00:35:05 moodle kernel: [    0.000000] NR_IRQS:2304 nr_irqs:256
Jan 16 00:35:05 moodle kernel: [    0.000000] Extended CMOS year: 2000
Jan 16 00:35:05 moodle kernel: [    0.000000] Console: colour VGA+ 80x25
Jan 16 00:35:05 moodle kernel: [    0.000000] console [tty0] enabled
Jan 16 00:35:05 moodle kernel: [    0.000000] TSC freq read from hypervisor : 2400.000 MHz
Jan 16 00:35:05 moodle kernel: [    0.000000] Detected 2400.000 MHz processor.
Jan 16 00:35:05 moodle kernel: [    0.000004] Calibrating delay loop (skipped) preset value.. 4800.00 BogoMIPS (lpj=9600000)
Jan 16 00:35:05 moodle kernel: [    0.000212] Security Framework initialized
Jan 16 00:35:05 moodle kernel: [    0.000331] AppArmor: AppArmor initialized
Jan 16 00:35:05 moodle kernel: [    0.000434] Mount-cache hash table entries: 512
Jan 16 00:35:05 moodle kernel: [    0.000660] Initializing cgroup subsys ns
Jan 16 00:35:05 moodle kernel: [    0.000762] Initializing cgroup subsys cpuacct
Jan 16 00:35:05 moodle kernel: [    0.000863] Initializing cgroup subsys memory
Jan 16 00:35:05 moodle kernel: [    0.000973] Initializing cgroup subsys devices
Jan 16 00:35:05 moodle kernel: [    0.001073] Initializing cgroup subsys freezer
Jan 16 00:35:05 moodle kernel: [    0.001177] Initializing cgroup subsys net_cls
Jan 16 00:35:05 moodle kernel: [    0.001308] CPU: Physical Processor ID: 0
Jan 16 00:35:05 moodle kernel: [    0.001412] CPU: L1 I cache: 32K, L1 D cache: 32K
Jan 16 00:35:05 moodle kernel: [    0.001535] CPU: L2 cache: 256K
Jan 16 00:35:05 moodle kernel: [    0.001624] CPU: L3 cache: 20480K
Jan 16 00:35:05 moodle kernel: [    0.001719] mce: CPU supports 0 MCE banks
Jan 16 00:35:05 moodle kernel: [    0.001835] Performance Events: Nehalem/Corei7 events, Intel PMU driver.
Jan 16 00:35:05 moodle kernel: [    0.002021] ... version:                3
Jan 16 00:35:05 moodle kernel: [    0.002120] ... bit width:              48
Jan 16 00:35:05 moodle kernel: [    0.002216] ... generic registers:      4
Jan 16 00:35:05 moodle kernel: [    0.002312] ... value mask:             0000ffffffffffff
Jan 16 00:35:05 moodle kernel: [    0.002418] ... max period:             000000007fffffff
Jan 16 00:35:05 moodle kernel: [    0.002523] ... fixed-purpose events:   3
Jan 16 00:35:05 moodle kernel: [    0.002619] ... event mask:             000000070000000f
Jan 16 00:35:05 moodle kernel: [    0.002735] Checking 'hlt' instruction... OK.
Jan 16 00:35:05 moodle kernel: [    0.017992] SMP alternatives: switching to UP code
Jan 16 00:35:05 moodle kernel: [    0.030978] Freeing SMP alternatives: 19k freed
Jan 16 00:35:05 moodle kernel: [    0.031083] ACPI: Core revision 20090903
Jan 16 00:35:05 moodle kernel: [    0.039669] ftrace: converting mcount calls to 0f 1f 44 00 00
Jan 16 00:35:05 moodle kernel: [    0.039853] ftrace: allocating 21849 entries in 43 pages
Jan 16 00:35:05 moodle kernel: [    0.059711] Enabling APIC mode:  Flat.  Using 1 I/O APICs
Jan 16 00:35:05 moodle kernel: [    0.060639] ..TIMER: vector=0x30 apic1=0 pin1=2 apic2=-1 pin2=-1
Jan 16 00:35:05 moodle kernel: [    0.100374] CPU0: Intel(R) Xeon(R) CPU E5-2665 0 @ 2.40GHz stepping 07
Jan 16 00:35:05 moodle kernel: [    0.207671] Brought up 1 CPUs
Jan 16 00:35:05 moodle kernel: [    0.207765] Total of 1 processors activated (4800.00 BogoMIPS).
Jan 16 00:35:05 moodle kernel: [    0.208116] x86 PAT enabled: cpu 0, old 0x0, new 0x7010600070106
Jan 16 00:35:05 moodle kernel: [    0.208254] CPU0 attaching NULL sched-domain.
Jan 16 00:35:05 moodle kernel: [    0.208370] devtmpfs: initialized
Jan 16 00:35:05 moodle kernel: [    0.208748] regulator: core version 0.5
Jan 16 00:35:05 moodle kernel: [    0.208912] Time:  0:35:03  Date: 01/16/13
Jan 16 00:35:05 moodle kernel: [    0.209045] NET: Registered protocol family 16
Jan 16 00:35:05 moodle kernel: [    0.209232] EISA bus registered
Jan 16 00:35:05 moodle kernel: [    0.209331] ACPI: bus type pci registered
Jan 16 00:35:05 moodle kernel: [    0.209651] PCI: MCFG configuration 0: base e0000000 segment 0 buses 0 - 255
Jan 16 00:35:05 moodle kernel: [    0.210304] PCI: MCFG area at e0000000 reserved in E820
Jan 16 00:35:05 moodle kernel: [    0.210415] PCI: Using MMCONFIG for extended config space
Jan 16 00:35:05 moodle kernel: [    0.210522] PCI: Using configuration type 1 for base access
Jan 16 00:35:05 moodle kernel: [    0.211196] bio: create slab <bio-0> at 0
Jan 16 00:35:05 moodle kernel: [    0.212596] ACPI: EC: Look up EC in DSDT
Jan 16 00:35:05 moodle kernel: [    0.245373] ACPI: BIOS _OSI(Linux) query ignored
Jan 16 00:35:05 moodle kernel: [    0.251188] ACPI: Interpreter enabled
Jan 16 00:35:05 moodle kernel: [    0.251286] ACPI: (supports S0 S1 S4 S5)
Jan 16 00:35:05 moodle kernel: [    0.251511] ACPI: Using IOAPIC for interrupt routing
Jan 16 00:35:05 moodle kernel: [    0.311548] ACPI: No dock devices found.
Jan 16 00:35:05 moodle kernel: [    0.312488] ACPI: PCI Root Bridge [PCI0] (0000:00)
Jan 16 00:35:05 moodle kernel: [    0.314143] pci 0000:00:07.1: reg 20 io port: [0x10c0-0x10cf]
Jan 16 00:35:05 moodle kernel: [    0.314658] pci 0000:00:07.3: quirk: region 1000-103f claimed by PIIX4 ACPI
Jan 16 00:35:05 moodle kernel: [    0.314790] pci 0000:00:07.3: quirk: region 1040-104f claimed by PIIX4 SMB
Jan 16 00:35:05 moodle kernel: [    0.315295] pci 0000:00:07.7: reg 10 io port: [0x1080-0x10bf]
Jan 16 00:35:05 moodle kernel: [    0.316268] pci 0000:00:0f.0: reg 10 io port: [0x10d0-0x10df]
Jan 16 00:35:05 moodle kernel: [    0.316308] pci 0000:00:0f.0: reg 14 32bit mmio: [0xd4000000-0xd7ffffff]
Jan 16 00:35:05 moodle kernel: [    0.316346] pci 0000:00:0f.0: reg 18 32bit mmio: [0xd8000000-0xd87fffff]
Jan 16 00:35:05 moodle kernel: [    0.316492] pci 0000:00:0f.0: reg 30 32bit mmio pref: [0x000000-0x007fff]
Jan 16 00:35:05 moodle kernel: [    0.316959] pci 0000:00:10.0: reg 10 io port: [0x1400-0x14ff]
Jan 16 00:35:05 moodle kernel: [    0.317546] pci 0000:00:10.0: reg 14 64bit mmio: [0xd8820000-0xd883ffff]
Jan 16 00:35:05 moodle kernel: [    0.318142] pci 0000:00:10.0: reg 1c 64bit mmio: [0xd8800000-0xd881ffff]
Jan 16 00:35:05 moodle kernel: [    0.318218] pci 0000:00:10.0: reg 30 32bit mmio pref: [0x000000-0x003fff]
Jan 16 00:35:05 moodle kernel: [    0.319622] pci 0000:00:15.0: PME# supported from D0 D3hot D3cold
Jan 16 00:35:05 moodle kernel: [    0.319766] pci 0000:00:15.0: PME# disabled
Jan 16 00:35:05 moodle kernel: [    0.320783] pci 0000:00:15.1: PME# supported from D0 D3hot D3cold
Jan 16 00:35:05 moodle kernel: [    0.320916] pci 0000:00:15.1: PME# disabled
Jan 16 00:35:05 moodle kernel: [    0.321864] pci 0000:00:15.2: PME# supported from D0 D3hot D3cold
Jan 16 00:35:05 moodle kernel: [    0.321997] pci 0000:00:15.2: PME# disabled
Jan 16 00:35:05 moodle kernel: [    0.322949] pci 0000:00:15.3: PME# supported from D0 D3hot D3cold
Jan 16 00:35:05 moodle kernel: [    0.323081] pci 0000:00:15.3: PME# disabled
Jan 16 00:35:05 moodle kernel: [    0.324049] pci 0000:00:15.4: PME# supported from D0 D3hot D3cold
Jan 16 00:35:05 moodle kernel: [    0.324182] pci 0000:00:15.4: PME# disabled
Jan 16 00:35:05 moodle kernel: [    0.325153] pci 0000:00:15.5: PME# supported from D0 D3hot D3cold
Jan 16 00:35:05 moodle kernel: [    0.325286] pci 0000:00:15.5: PME# disabled
Jan 16 00:35:05 moodle kernel: [    0.326235] pci 0000:00:15.6: PME# supported from D0 D3hot D3cold
Jan 16 00:35:05 moodle kernel: [    0.326367] pci 0000:00:15.6: PME# disabled
Jan 16 00:35:05 moodle kernel: [    0.327332] pci 0000:00:15.7: PME# supported from D0 D3hot D3cold
Jan 16 00:35:05 moodle kernel: [    0.327466] pci 0000:00:15.7: PME# disabled
Jan 16 00:35:05 moodle kernel: [    0.328415] pci 0000:00:16.0: PME# supported from D0 D3hot D3cold
Jan 16 00:35:05 moodle kernel: [    0.328547] pci 0000:00:16.0: PME# disabled
Jan 16 00:35:05 moodle kernel: [    0.329496] pci 0000:00:16.1: PME# supported from D0 D3hot D3cold
Jan 16 00:35:05 moodle kernel: [    0.329628] pci 0000:00:16.1: PME# disabled
Jan 16 00:35:05 moodle kernel: [    0.330577] pci 0000:00:16.2: PME# supported from D0 D3hot D3cold
Jan 16 00:35:05 moodle kernel: [    0.330710] pci 0000:00:16.2: PME# disabled
Jan 16 00:35:05 moodle kernel: [    0.331672] pci 0000:00:16.3: PME# supported from D0 D3hot D3cold
Jan 16 00:35:05 moodle kernel: [    0.331805] pci 0000:00:16.3: PME# disabled
Jan 16 00:35:05 moodle kernel: [    0.332759] pci 0000:00:16.4: PME# supported from D0 D3hot D3cold
Jan 16 00:35:05 moodle kernel: [    0.332891] pci 0000:00:16.4: PME# disabled
Jan 16 00:35:05 moodle kernel: [    0.333863] pci 0000:00:16.5: PME# supported from D0 D3hot D3cold
Jan 16 00:35:05 moodle kernel: [    0.333995] pci 0000:00:16.5: PME# disabled
Jan 16 00:35:05 moodle kernel: [    0.334944] pci 0000:00:16.6: PME# supported from D0 D3hot D3cold
Jan 16 00:35:05 moodle kernel: [    0.335076] pci 0000:00:16.6: PME# disabled
Jan 16 00:35:05 moodle kernel: [    0.336040] pci 0000:00:16.7: PME# supported from D0 D3hot D3cold
Jan 16 00:35:05 moodle kernel: [    0.336172] pci 0000:00:16.7: PME# disabled
Jan 16 00:35:05 moodle kernel: [    0.337126] pci 0000:00:17.0: PME# supported from D0 D3hot D3cold
Jan 16 00:35:05 moodle kernel: [    0.337259] pci 0000:00:17.0: PME# disabled
Jan 16 00:35:05 moodle kernel: [    0.338207] pci 0000:00:17.1: PME# supported from D0 D3hot D3cold
Jan 16 00:35:05 moodle kernel: [    0.338340] pci 0000:00:17.1: PME# disabled
Jan 16 00:35:05 moodle kernel: [    0.339300] pci 0000:00:17.2: PME# supported from D0 D3hot D3cold
Jan 16 00:35:05 moodle kernel: [    0.339433] pci 0000:00:17.2: PME# disabled
Jan 16 00:35:05 moodle kernel: [    0.340386] pci 0000:00:17.3: PME# supported from D0 D3hot D3cold
Jan 16 00:35:05 moodle kernel: [    0.340518] pci 0000:00:17.3: PME# disabled
Jan 16 00:35:05 moodle kernel: [    0.341468] pci 0000:00:17.4: PME# supported from D0 D3hot D3cold
Jan 16 00:35:05 moodle kernel: [    0.341600] pci 0000:00:17.4: PME# disabled
Jan 16 00:35:05 moodle kernel: [    0.342572] pci 0000:00:17.5: PME# supported from D0 D3hot D3cold
Jan 16 00:35:05 moodle kernel: [    0.342705] pci 0000:00:17.5: PME# disabled
Jan 16 00:35:05 moodle kernel: [    0.343667] pci 0000:00:17.6: PME# supported from D0 D3hot D3cold
Jan 16 00:35:05 moodle kernel: [    0.343800] pci 0000:00:17.6: PME# disabled
Jan 16 00:35:05 moodle kernel: [    0.344747] pci 0000:00:17.7: PME# supported from D0 D3hot D3cold
Jan 16 00:35:05 moodle kernel: [    0.344879] pci 0000:00:17.7: PME# disabled
Jan 16 00:35:05 moodle kernel: [    0.345829] pci 0000:00:18.0: PME# supported from D0 D3hot D3cold
Jan 16 00:35:05 moodle kernel: [    0.345961] pci 0000:00:18.0: PME# disabled
Jan 16 00:35:05 moodle kernel: [    0.346911] pci 0000:00:18.1: PME# supported from D0 D3hot D3cold
Jan 16 00:35:05 moodle kernel: [    0.347043] pci 0000:00:18.1: PME# disabled
Jan 16 00:35:05 moodle kernel: [    0.348005] pci 0000:00:18.2: PME# supported from D0 D3hot D3cold
Jan 16 00:35:05 moodle kernel: [    0.348138] pci 0000:00:18.2: PME# disabled
Jan 16 00:35:05 moodle kernel: [    0.349083] pci 0000:00:18.3: PME# supported from D0 D3hot D3cold
Jan 16 00:35:05 moodle kernel: [    0.349217] pci 0000:00:18.3: PME# disabled
Jan 16 00:35:05 moodle kernel: [    0.350167] pci 0000:00:18.4: PME# supported from D0 D3hot D3cold
Jan 16 00:35:05 moodle kernel: [    0.350300] pci 0000:00:18.4: PME# disabled
Jan 16 00:35:05 moodle kernel: [    0.351268] pci 0000:00:18.5: PME# supported from D0 D3hot D3cold
Jan 16 00:35:05 moodle kernel: [    0.351433] pci 0000:00:18.5: PME# disabled
Jan 16 00:35:05 moodle kernel: [    0.352386] pci 0000:00:18.6: PME# supported from D0 D3hot D3cold
Jan 16 00:35:05 moodle kernel: [    0.352519] pci 0000:00:18.6: PME# disabled
Jan 16 00:35:05 moodle kernel: [    0.353487] pci 0000:00:18.7: PME# supported from D0 D3hot D3cold
Jan 16 00:35:05 moodle kernel: [    0.353620] pci 0000:00:18.7: PME# disabled
Jan 16 00:35:05 moodle kernel: [    0.354575] pci 0000:02:00.0: reg 10 io port: [0x2000-0x207f]
Jan 16 00:35:05 moodle kernel: [    0.354794] pci 0000:02:00.0: reg 30 32bit mmio pref: [0x000000-0x00ffff]
Jan 16 00:35:05 moodle kernel: [    0.355159] pci 0000:00:11.0: transparent bridge
Jan 16 00:35:05 moodle kernel: [    0.355290] pci 0000:00:11.0: bridge io port: [0x2000-0x3fff]
Jan 16 00:35:05 moodle kernel: [    0.355311] pci 0000:00:11.0: bridge 32bit mmio: [0xd9200000-0xd9cfffff]
Jan 16 00:35:05 moodle kernel: [    0.355349] pci 0000:00:11.0: bridge 64bit mmio pref: [0xdc100000-0xdc6fffff]
Jan 16 00:35:05 moodle kernel: [    0.356478] pci 0000:00:15.0: bridge io port: [0x4000-0x4fff]
Jan 16 00:35:05 moodle kernel: [    0.356499] pci 0000:00:15.0: bridge 32bit mmio: [0xd9d00000-0xd9dfffff]
Jan 16 00:35:05 moodle kernel: [    0.356537] pci 0000:00:15.0: bridge 64bit mmio pref: [0xdc700000-0xdc7fffff]
Jan 16 00:35:05 moodle kernel: [    0.356931] pci 0000:00:15.1: bridge io port: [0x8000-0x8fff]
Jan 16 00:35:05 moodle kernel: [    0.356951] pci 0000:00:15.1: bridge 32bit mmio: [0xda100000-0xda1fffff]
Jan 16 00:35:05 moodle kernel: [    0.356989] pci 0000:00:15.1: bridge 64bit mmio pref: [0xdcb00000-0xdcbfffff]
Jan 16 00:35:05 moodle kernel: [    0.357383] pci 0000:00:15.2: bridge io port: [0xc000-0xcfff]
Jan 16 00:35:05 moodle kernel: [    0.357403] pci 0000:00:15.2: bridge 32bit mmio: [0xda500000-0xda5fffff]
Jan 16 00:35:05 moodle kernel: [    0.357441] pci 0000:00:15.2: bridge 64bit mmio pref: [0xdcf00000-0xdcffffff]
Jan 16 00:35:05 moodle kernel: [    0.357848] pci 0000:00:15.3: bridge 32bit mmio: [0xda900000-0xda9fffff]
Jan 16 00:35:05 moodle kernel: [    0.357886] pci 0000:00:15.3: bridge 64bit mmio pref: [0xdd300000-0xdd3fffff]
Jan 16 00:35:05 moodle kernel: [    0.358292] pci 0000:00:15.4: bridge 32bit mmio: [0xdad00000-0xdadfffff]
Jan 16 00:35:05 moodle kernel: [    0.358330] pci 0000:00:15.4: bridge 64bit mmio pref: [0xdd700000-0xdd7fffff]
Jan 16 00:35:05 moodle kernel: [    0.358736] pci 0000:00:15.5: bridge 32bit mmio: [0xdb100000-0xdb1fffff]
Jan 16 00:35:05 moodle kernel: [    0.358774] pci 0000:00:15.5: bridge 64bit mmio pref: [0xddb00000-0xddbfffff]
Jan 16 00:35:05 moodle kernel: [    0.359185] pci 0000:00:15.6: bridge 32bit mmio: [0xdb500000-0xdb5fffff]
Jan 16 00:35:05 moodle kernel: [    0.359225] pci 0000:00:15.6: bridge 64bit mmio pref: [0xddf00000-0xddffffff]
Jan 16 00:35:05 moodle kernel: [    0.359650] pci 0000:00:15.7: bridge 32bit mmio: [0xdb900000-0xdb9fffff]
Jan 16 00:35:05 moodle kernel: [    0.359688] pci 0000:00:15.7: bridge 64bit mmio pref: [0xde300000-0xde3fffff]
Jan 16 00:35:05 moodle kernel: [    0.360079] pci 0000:00:16.0: bridge io port: [0x5000-0x5fff]
Jan 16 00:35:05 moodle kernel: [    0.360099] pci 0000:00:16.0: bridge 32bit mmio: [0xd9e00000-0xd9efffff]
Jan 16 00:35:05 moodle kernel: [    0.360137] pci 0000:00:16.0: bridge 64bit mmio pref: [0xdc800000-0xdc8fffff]
Jan 16 00:35:05 moodle kernel: [    0.360524] pci 0000:00:16.1: bridge io port: [0x9000-0x9fff]
Jan 16 00:35:05 moodle kernel: [    0.360544] pci 0000:00:16.1: bridge 32bit mmio: [0xda200000-0xda2fffff]
Jan 16 00:35:05 moodle kernel: [    0.360582] pci 0000:00:16.1: bridge 64bit mmio pref: [0xdcc00000-0xdccfffff]
Jan 16 00:35:05 moodle kernel: [    0.360969] pci 0000:00:16.2: bridge io port: [0xd000-0xdfff]
Jan 16 00:35:05 moodle kernel: [    0.360989] pci 0000:00:16.2: bridge 32bit mmio: [0xda600000-0xda6fffff]
Jan 16 00:35:05 moodle kernel: [    0.361026] pci 0000:00:16.2: bridge 64bit mmio pref: [0xdd000000-0xdd0fffff]
Jan 16 00:35:05 moodle kernel: [    0.361433] pci 0000:00:16.3: bridge 32bit mmio: [0xdaa00000-0xdaafffff]
Jan 16 00:35:05 moodle kernel: [    0.361471] pci 0000:00:16.3: bridge 64bit mmio pref: [0xdd400000-0xdd4fffff]
Jan 16 00:35:05 moodle kernel: [    0.361876] pci 0000:00:16.4: bridge 32bit mmio: [0xdae00000-0xdaefffff]
Jan 16 00:35:05 moodle kernel: [    0.361914] pci 0000:00:16.4: bridge 64bit mmio pref: [0xdd800000-0xdd8fffff]
Jan 16 00:35:05 moodle kernel: [    0.362324] pci 0000:00:16.5: bridge 32bit mmio: [0xdb200000-0xdb2fffff]
Jan 16 00:35:05 moodle kernel: [    0.362363] pci 0000:00:16.5: bridge 64bit mmio pref: [0xddc00000-0xddcfffff]
Jan 16 00:35:05 moodle kernel: [    0.362769] pci 0000:00:16.6: bridge 32bit mmio: [0xdb600000-0xdb6fffff]
Jan 16 00:35:05 moodle kernel: [    0.362807] pci 0000:00:16.6: bridge 64bit mmio pref: [0xde000000-0xde0fffff]
Jan 16 00:35:05 moodle kernel: [    0.363217] pci 0000:00:16.7: bridge 32bit mmio: [0xdba00000-0xdbafffff]
Jan 16 00:35:05 moodle kernel: [    0.363264] pci 0000:00:16.7: bridge 64bit mmio pref: [0xde400000-0xde4fffff]
Jan 16 00:35:05 moodle kernel: [    0.363657] pci 0000:00:17.0: bridge io port: [0x6000-0x6fff]
Jan 16 00:35:05 moodle kernel: [    0.363677] pci 0000:00:17.0: bridge 32bit mmio: [0xd9f00000-0xd9ffffff]
Jan 16 00:35:05 moodle kernel: [    0.363714] pci 0000:00:17.0: bridge 64bit mmio pref: [0xdc900000-0xdc9fffff]
Jan 16 00:35:05 moodle kernel: [    0.364103] pci 0000:00:17.1: bridge io port: [0xa000-0xafff]
Jan 16 00:35:05 moodle kernel: [    0.364123] pci 0000:00:17.1: bridge 32bit mmio: [0xda300000-0xda3fffff]
Jan 16 00:35:05 moodle kernel: [    0.364161] pci 0000:00:17.1: bridge 64bit mmio pref: [0xdcd00000-0xdcdfffff]
Jan 16 00:35:05 moodle kernel: [    0.364548] pci 0000:00:17.2: bridge io port: [0xe000-0xefff]
Jan 16 00:35:05 moodle kernel: [    0.364568] pci 0000:00:17.2: bridge 32bit mmio: [0xda700000-0xda7fffff]
Jan 16 00:35:05 moodle kernel: [    0.364606] pci 0000:00:17.2: bridge 64bit mmio pref: [0xdd100000-0xdd1fffff]
Jan 16 00:35:05 moodle kernel: [    0.365012] pci 0000:00:17.3: bridge 32bit mmio: [0xdab00000-0xdabfffff]
Jan 16 00:35:05 moodle kernel: [    0.365050] pci 0000:00:17.3: bridge 64bit mmio pref: [0xdd500000-0xdd5fffff]
Jan 16 00:35:05 moodle kernel: [    0.365459] pci 0000:00:17.4: bridge 32bit mmio: [0xdaf00000-0xdaffffff]
Jan 16 00:35:05 moodle kernel: [    0.365497] pci 0000:00:17.4: bridge 64bit mmio pref: [0xdd900000-0xdd9fffff]
Jan 16 00:35:05 moodle kernel: [    0.365903] pci 0000:00:17.5: bridge 32bit mmio: [0xdb300000-0xdb3fffff]
Jan 16 00:35:05 moodle kernel: [    0.365941] pci 0000:00:17.5: bridge 64bit mmio pref: [0xddd00000-0xdddfffff]
Jan 16 00:35:05 moodle kernel: [    0.366349] pci 0000:00:17.6: bridge 32bit mmio: [0xdb700000-0xdb7fffff]
Jan 16 00:35:05 moodle kernel: [    0.366387] pci 0000:00:17.6: bridge 64bit mmio pref: [0xde100000-0xde1fffff]
Jan 16 00:35:05 moodle kernel: [    0.366796] pci 0000:00:17.7: bridge 32bit mmio: [0xdbb00000-0xdbbfffff]
Jan 16 00:35:05 moodle kernel: [    0.366834] pci 0000:00:17.7: bridge 64bit mmio pref: [0xde500000-0xde5fffff]
Jan 16 00:35:05 moodle kernel: [    0.367227] pci 0000:00:18.0: bridge io port: [0x7000-0x7fff]
Jan 16 00:35:05 moodle kernel: [    0.367256] pci 0000:00:18.0: bridge 32bit mmio: [0xda000000-0xda0fffff]
Jan 16 00:35:05 moodle kernel: [    0.367295] pci 0000:00:18.0: bridge 64bit mmio pref: [0xdca00000-0xdcafffff]
Jan 16 00:35:05 moodle kernel: [    0.367689] pci 0000:00:18.1: bridge io port: [0xb000-0xbfff]
Jan 16 00:35:05 moodle kernel: [    0.367709] pci 0000:00:18.1: bridge 32bit mmio: [0xda400000-0xda4fffff]
Jan 16 00:35:05 moodle kernel: [    0.367747] pci 0000:00:18.1: bridge 64bit mmio pref: [0xdce00000-0xdcefffff]
Jan 16 00:35:05 moodle kernel: [    0.368137] pci 0000:00:18.2: bridge io port: [0xf000-0xffff]
Jan 16 00:35:05 moodle kernel: [    0.368157] pci 0000:00:18.2: bridge 32bit mmio: [0xda800000-0xda8fffff]
Jan 16 00:35:05 moodle kernel: [    0.368195] pci 0000:00:18.2: bridge 64bit mmio pref: [0xdd200000-0xdd2fffff]
Jan 16 00:35:05 moodle kernel: [    0.368601] pci 0000:00:18.3: bridge 32bit mmio: [0xdac00000-0xdacfffff]
Jan 16 00:35:05 moodle kernel: [    0.368641] pci 0000:00:18.3: bridge 64bit mmio pref: [0xdd600000-0xdd6fffff]
Jan 16 00:35:05 moodle kernel: [    0.369048] pci 0000:00:18.4: bridge 32bit mmio: [0xdb000000-0xdb0fffff]
Jan 16 00:35:05 moodle kernel: [    0.369087] pci 0000:00:18.4: bridge 64bit mmio pref: [0xdda00000-0xddafffff]
Jan 16 00:35:05 moodle kernel: [    0.369495] pci 0000:00:18.5: bridge 32bit mmio: [0xdb400000-0xdb4fffff]
Jan 16 00:35:05 moodle kernel: [    0.369533] pci 0000:00:18.5: bridge 64bit mmio pref: [0xdde00000-0xddefffff]
Jan 16 00:35:05 moodle kernel: [    0.369939] pci 0000:00:18.6: bridge 32bit mmio: [0xdb800000-0xdb8fffff]
Jan 16 00:35:05 moodle kernel: [    0.369977] pci 0000:00:18.6: bridge 64bit mmio pref: [0xde200000-0xde2fffff]
Jan 16 00:35:05 moodle kernel: [    0.370384] pci 0000:00:18.7: bridge 32bit mmio: [0xdbc00000-0xdbcfffff]
Jan 16 00:35:05 moodle kernel: [    0.370422] pci 0000:00:18.7: bridge 64bit mmio pref: [0xde600000-0xde6fffff]
Jan 16 00:35:05 moodle kernel: [    0.372825] pci_bus 0000:00: on NUMA node 0
Jan 16 00:35:05 moodle kernel: [    0.372830] ACPI: PCI Interrupt Routing Table [\_SB_.PCI0._PRT]
Jan 16 00:35:05 moodle kernel: [    0.534189] ACPI: PCI Interrupt Link [LNKA] (IRQs 3 4 5 6 7 *9 10 11 14 15)
Jan 16 00:35:05 moodle kernel: [    0.534696] ACPI: PCI Interrupt Link [LNKB] (IRQs 3 4 5 6 7 9 10 *11 14 15)
Jan 16 00:35:05 moodle kernel: [    0.535210] ACPI: PCI Interrupt Link [LNKC] (IRQs 3 4 5 6 7 9 *10 11 14 15)
Jan 16 00:35:05 moodle kernel: [    0.535705] ACPI: PCI Interrupt Link [LNKD] (IRQs 3 4 5 6 7 9 10 11 14 15) *0, disabled.
Jan 16 00:35:05 moodle kernel: [    0.536315] vgaarb: device added: PCI:0000:00:0f.0,decodes=io+mem,owns=io+mem,locks=none
Jan 16 00:35:05 moodle kernel: [    0.536497] vgaarb: loaded
Jan 16 00:35:05 moodle kernel: [    0.536661] SCSI subsystem initialized
Jan 16 00:35:05 moodle kernel: [    0.536836] libata version 3.00 loaded.
Jan 16 00:35:05 moodle kernel: [    0.536876] usbcore: registered new interface driver usbfs
Jan 16 00:35:05 moodle kernel: [    0.536991] usbcore: registered new interface driver hub
Jan 16 00:35:05 moodle kernel: [    0.537109] usbcore: registered new device driver usb
Jan 16 00:35:05 moodle kernel: [    0.537280] ACPI: WMI: Mapper loaded
Jan 16 00:35:05 moodle kernel: [    0.537375] PCI: Using ACPI for IRQ routing
Jan 16 00:35:05 moodle kernel: [    0.538357] NetLabel: Initializing
Jan 16 00:35:05 moodle kernel: [    0.538451] NetLabel:  domain hash size = 128
Jan 16 00:35:05 moodle kernel: [    0.538549] NetLabel:  protocols = UNLABELED CIPSOv4
Jan 16 00:35:05 moodle kernel: [    0.538660] NetLabel:  unlabeled traffic allowed by default
Jan 16 00:35:05 moodle kernel: [    0.538800] Switching to clocksource tsc
Jan 16 00:35:05 moodle kernel: [    0.540547] AppArmor: AppArmor Filesystem Enabled
Jan 16 00:35:05 moodle kernel: [    0.540656] pnp: PnP ACPI init
Jan 16 00:35:05 moodle kernel: [    0.540751] ACPI: bus type pnp registered
Jan 16 00:35:05 moodle kernel: [    0.576652] pnp: PnP ACPI: found 13 devices
Jan 16 00:35:05 moodle kernel: [    0.576762] ACPI: ACPI bus type pnp unregistered
Jan 16 00:35:05 moodle kernel: [    0.576866] PnPBIOS: Disabled by ACPI PNP
Jan 16 00:35:05 moodle kernel: [    0.576974] system 00:01: ioport range 0x1000-0x103f has been reserved
Jan 16 00:35:05 moodle kernel: [    0.577089] system 00:01: ioport range 0x1040-0x104f has been reserved
Jan 16 00:35:05 moodle kernel: [    0.577205] system 00:01: ioport range 0xcf0-0xcf1 has been reserved
Jan 16 00:35:05 moodle kernel: [    0.577322] system 00:0c: ioport range 0x1060-0x107f has been reserved
Jan 16 00:35:05 moodle kernel: [    0.577438] system 00:0c: iomem range 0xe0000000-0xefffffff has been reserved
Jan 16 00:35:05 moodle kernel: [    0.577556] system 00:0c: iomem range 0xd8a00000-0xd8bfffff has been reserved
Jan 16 00:35:05 moodle kernel: [    0.612402] pci 0000:00:15.3: BAR 13: can't allocate I/O resource [0x10000-0xffff]
Jan 16 00:35:05 moodle kernel: [    0.612514] pci 0000:00:15.4: BAR 13: can't allocate I/O resource [0x10000-0xffff]
Jan 16 00:35:05 moodle kernel: [    0.612626] pci 0000:00:15.5: BAR 13: can't allocate I/O resource [0x10000-0xffff]
Jan 16 00:35:05 moodle kernel: [    0.612737] pci 0000:00:15.6: BAR 13: can't allocate I/O resource [0x10000-0xffff]
Jan 16 00:35:05 moodle kernel: [    0.612849] pci 0000:00:15.7: BAR 13: can't allocate I/O resource [0x10000-0xffff]
Jan 16 00:35:05 moodle kernel: [    0.612961] pci 0000:00:16.3: BAR 13: can't allocate I/O resource [0x10000-0xffff]
Jan 16 00:35:05 moodle kernel: [    0.613073] pci 0000:00:16.4: BAR 13: can't allocate I/O resource [0x10000-0xffff]
Jan 16 00:35:05 moodle kernel: [    0.613185] pci 0000:00:16.5: BAR 13: can't allocate I/O resource [0x10000-0xffff]
Jan 16 00:35:05 moodle kernel: [    0.613297] pci 0000:00:16.6: BAR 13: can't allocate I/O resource [0x10000-0xffff]
Jan 16 00:35:05 moodle kernel: [    0.613408] pci 0000:00:16.7: BAR 13: can't allocate I/O resource [0x10000-0xffff]
Jan 16 00:35:05 moodle kernel: [    0.613520] pci 0000:00:17.3: BAR 13: can't allocate I/O resource [0x10000-0xffff]
Jan 16 00:35:05 moodle kernel: [    0.613632] pci 0000:00:17.4: BAR 13: can't allocate I/O resource [0x10000-0xffff]
Jan 16 00:35:05 moodle kernel: [    0.613744] pci 0000:00:17.5: BAR 13: can't allocate I/O resource [0x10000-0xffff]
Jan 16 00:35:05 moodle kernel: [    0.613856] pci 0000:00:17.6: BAR 13: can't allocate I/O resource [0x10000-0xffff]
Jan 16 00:35:05 moodle kernel: [    0.613968] pci 0000:00:17.7: BAR 13: can't allocate I/O resource [0x10000-0xffff]
Jan 16 00:35:05 moodle kernel: [    0.614079] pci 0000:00:18.3: BAR 13: can't allocate I/O resource [0x10000-0xffff]
Jan 16 00:35:05 moodle kernel: [    0.614191] pci 0000:00:18.4: BAR 13: can't allocate I/O resource [0x10000-0xffff]
Jan 16 00:35:05 moodle kernel: [    0.614303] pci 0000:00:18.5: BAR 13: can't allocate I/O resource [0x10000-0xffff]
Jan 16 00:35:05 moodle kernel: [    0.614415] pci 0000:00:18.6: BAR 13: can't allocate I/O resource [0x10000-0xffff]
Jan 16 00:35:05 moodle kernel: [    0.614527] pci 0000:00:18.7: BAR 13: can't allocate I/O resource [0x10000-0xffff]
Jan 16 00:35:05 moodle kernel: [    0.614639] pci 0000:00:01.0: PCI bridge, secondary bus 0000:01
Jan 16 00:35:05 moodle kernel: [    0.614750] pci 0000:00:01.0:   IO window: disabled
Jan 16 00:35:05 moodle kernel: [    0.614823] pci 0000:00:01.0:   MEM window: disabled
Jan 16 00:35:05 moodle kernel: [    0.614935] pci 0000:00:01.0:   PREFETCH window: disabled
Jan 16 00:35:05 moodle kernel: [    0.615047] pci 0000:00:11.0: PCI bridge, secondary bus 0000:02
Jan 16 00:35:05 moodle kernel: [    0.615159] pci 0000:00:11.0:   IO window: 0x2000-0x3fff
Jan 16 00:35:05 moodle kernel: [    0.615271] pci 0000:00:11.0:   MEM window: 0xd9200000-0xd9cfffff
Jan 16 00:35:05 moodle kernel: [    0.615383] pci 0000:00:11.0:   PREFETCH window: 0x000000dc100000-0x000000dc6fffff
Jan 16 00:35:05 moodle kernel: [    0.615494] pci 0000:00:15.0: PCI bridge, secondary bus 0000:03
Jan 16 00:35:05 moodle kernel: [    0.615606] pci 0000:00:15.0:   IO window: 0x4000-0x4fff
Jan 16 00:35:05 moodle kernel: [    0.615718] pci 0000:00:15.0:   MEM window: 0xd9d00000-0xd9dfffff
Jan 16 00:35:05 moodle kernel: [    0.615830] pci 0000:00:15.0:   PREFETCH window: 0x000000dc700000-0x000000dc7fffff
Jan 16 00:35:05 moodle kernel: [    0.615942] pci 0000:00:15.1: PCI bridge, secondary bus 0000:04
Jan 16 00:35:05 moodle kernel: [    0.616054] pci 0000:00:15.1:   IO window: 0x8000-0x8fff
Jan 16 00:35:05 moodle kernel: [    0.616165] pci 0000:00:15.1:   MEM window: 0xda100000-0xda1fffff
Jan 16 00:35:05 moodle kernel: [    0.616277] pci 0000:00:15.1:   PREFETCH window: 0x000000dcb00000-0x000000dcbfffff
Jan 16 00:35:05 moodle kernel: [    0.616389] pci 0000:00:15.2: PCI bridge, secondary bus 0000:05
Jan 16 00:35:05 moodle kernel: [    0.616501] pci 0000:00:15.2:   IO window: 0xc000-0xcfff
Jan 16 00:35:05 moodle kernel: [    0.616613] pci 0000:00:15.2:   MEM window: 0xda500000-0xda5fffff
Jan 16 00:35:05 moodle kernel: [    0.616725] pci 0000:00:15.2:   PREFETCH window: 0x000000dcf00000-0x000000dcffffff
Jan 16 00:35:05 moodle kernel: [    0.616836] pci 0000:00:15.3: PCI bridge, secondary bus 0000:06
Jan 16 00:35:05 moodle kernel: [    0.616948] pci 0000:00:15.3:   IO window: disabled
Jan 16 00:35:05 moodle kernel: [    0.617060] pci 0000:00:15.3:   MEM window: 0xda900000-0xda9fffff
Jan 16 00:35:05 moodle kernel: [    0.617172] pci 0000:00:15.3:   PREFETCH window: 0x000000dd300000-0x000000dd3fffff
Jan 16 00:35:05 moodle kernel: [    0.617284] pci 0000:00:15.4: PCI bridge, secondary bus 0000:07
Jan 16 00:35:05 moodle kernel: [    0.617396] pci 0000:00:15.4:   IO window: disabled
Jan 16 00:35:05 moodle kernel: [    0.617507] pci 0000:00:15.4:   MEM window: 0xdad00000-0xdadfffff
Jan 16 00:35:05 moodle kernel: [    0.617619] pci 0000:00:15.4:   PREFETCH window: 0x000000dd700000-0x000000dd7fffff
Jan 16 00:35:05 moodle kernel: [    0.617731] pci 0000:00:15.5: PCI bridge, secondary bus 0000:08
Jan 16 00:35:05 moodle kernel: [    0.617843] pci 0000:00:15.5:   IO window: disabled
Jan 16 00:35:05 moodle kernel: [    0.617955] pci 0000:00:15.5:   MEM window: 0xdb100000-0xdb1fffff
Jan 16 00:35:05 moodle kernel: [    0.618066] pci 0000:00:15.5:   PREFETCH window: 0x000000ddb00000-0x000000ddbfffff
Jan 16 00:35:05 moodle kernel: [    0.618178] pci 0000:00:15.6: PCI bridge, secondary bus 0000:09
Jan 16 00:35:05 moodle kernel: [    0.618290] pci 0000:00:15.6:   IO window: disabled
Jan 16 00:35:05 moodle kernel: [    0.618402] pci 0000:00:15.6:   MEM window: 0xdb500000-0xdb5fffff
Jan 16 00:35:05 moodle kernel: [    0.618514] pci 0000:00:15.6:   PREFETCH window: 0x000000ddf00000-0x000000ddffffff
Jan 16 00:35:05 moodle kernel: [    0.618626] pci 0000:00:15.7: PCI bridge, secondary bus 0000:0a
Jan 16 00:35:05 moodle kernel: [    0.618737] pci 0000:00:15.7:   IO window: disabled
Jan 16 00:35:05 moodle kernel: [    0.618817] pci 0000:00:15.7:   MEM window: 0xdb900000-0xdb9fffff
Jan 16 00:35:05 moodle kernel: [    0.618929] pci 0000:00:15.7:   PREFETCH window: 0x000000de300000-0x000000de3fffff
Jan 16 00:35:05 moodle kernel: [    0.619041] pci 0000:00:16.0: PCI bridge, secondary bus 0000:0b
Jan 16 00:35:05 moodle kernel: [    0.619153] pci 0000:00:16.0:   IO window: 0x5000-0x5fff
Jan 16 00:35:05 moodle kernel: [    0.619265] pci 0000:00:16.0:   MEM window: 0xd9e00000-0xd9efffff
Jan 16 00:35:05 moodle kernel: [    0.619377] pci 0000:00:16.0:   PREFETCH window: 0x000000dc800000-0x000000dc8fffff
Jan 16 00:35:05 moodle kernel: [    0.619488] pci 0000:00:16.1: PCI bridge, secondary bus 0000:0c
Jan 16 00:35:05 moodle kernel: [    0.619600] pci 0000:00:16.1:   IO window: 0x9000-0x9fff
Jan 16 00:35:05 moodle kernel: [    0.619712] pci 0000:00:16.1:   MEM window: 0xda200000-0xda2fffff
Jan 16 00:35:05 moodle kernel: [    0.619824] pci 0000:00:16.1:   PREFETCH window: 0x000000dcc00000-0x000000dccfffff
Jan 16 00:35:05 moodle kernel: [    0.619936] pci 0000:00:16.2: PCI bridge, secondary bus 0000:0d
Jan 16 00:35:05 moodle kernel: [    0.620048] pci 0000:00:16.2:   IO window: 0xd000-0xdfff
Jan 16 00:35:05 moodle kernel: [    0.620159] pci 0000:00:16.2:   MEM window: 0xda600000-0xda6fffff
Jan 16 00:35:05 moodle kernel: [    0.620271] pci 0000:00:16.2:   PREFETCH window: 0x000000dd000000-0x000000dd0fffff
Jan 16 00:35:05 moodle kernel: [    0.620383] pci 0000:00:16.3: PCI bridge, secondary bus 0000:0e
Jan 16 00:35:05 moodle kernel: [    0.620495] pci 0000:00:16.3:   IO window: disabled
Jan 16 00:35:05 moodle kernel: [    0.620607] pci 0000:00:16.3:   MEM window: 0xdaa00000-0xdaafffff
Jan 16 00:35:05 moodle kernel: [    0.620719] pci 0000:00:16.3:   PREFETCH window: 0x000000dd400000-0x000000dd4fffff
Jan 16 00:35:05 moodle kernel: [    0.620830] pci 0000:00:16.4: PCI bridge, secondary bus 0000:0f
Jan 16 00:35:05 moodle kernel: [    0.620942] pci 0000:00:16.4:   IO window: disabled
Jan 16 00:35:05 moodle kernel: [    0.621054] pci 0000:00:16.4:   MEM window: 0xdae00000-0xdaefffff
Jan 16 00:35:05 moodle kernel: [    0.621166] pci 0000:00:16.4:   PREFETCH window: 0x000000dd800000-0x000000dd8fffff
Jan 16 00:35:05 moodle kernel: [    0.621278] pci 0000:00:16.5: PCI bridge, secondary bus 0000:10
Jan 16 00:35:05 moodle kernel: [    0.621390] pci 0000:00:16.5:   IO window: disabled
Jan 16 00:35:05 moodle kernel: [    0.621501] pci 0000:00:16.5:   MEM window: 0xdb200000-0xdb2fffff
Jan 16 00:35:05 moodle kernel: [    0.621613] pci 0000:00:16.5:   PREFETCH window: 0x000000ddc00000-0x000000ddcfffff
Jan 16 00:35:05 moodle kernel: [    0.621725] pci 0000:00:16.6: PCI bridge, secondary bus 0000:11
Jan 16 00:35:05 moodle kernel: [    0.621837] pci 0000:00:16.6:   IO window: disabled
Jan 16 00:35:05 moodle kernel: [    0.621949] pci 0000:00:16.6:   MEM window: 0xdb600000-0xdb6fffff
Jan 16 00:35:05 moodle kernel: [    0.622061] pci 0000:00:16.6:   PREFETCH window: 0x000000de000000-0x000000de0fffff
Jan 16 00:35:05 moodle kernel: [    0.622172] pci 0000:00:16.7: PCI bridge, secondary bus 0000:12
Jan 16 00:35:05 moodle kernel: [    0.622284] pci 0000:00:16.7:   IO window: disabled
Jan 16 00:35:05 moodle kernel: [    0.622396] pci 0000:00:16.7:   MEM window: 0xdba00000-0xdbafffff
Jan 16 00:35:05 moodle kernel: [    0.622508] pci 0000:00:16.7:   PREFETCH window: 0x000000de400000-0x000000de4fffff
Jan 16 00:35:05 moodle kernel: [    0.622620] pci 0000:00:17.0: PCI bridge, secondary bus 0000:13
Jan 16 00:35:05 moodle kernel: [    0.622732] pci 0000:00:17.0:   IO window: 0x6000-0x6fff
Jan 16 00:35:05 moodle kernel: [    0.622818] pci 0000:00:17.0:   MEM window: 0xd9f00000-0xd9ffffff
Jan 16 00:35:05 moodle kernel: [    0.622930] pci 0000:00:17.0:   PREFETCH window: 0x000000dc900000-0x000000dc9fffff
Jan 16 00:35:05 moodle kernel: [    0.623042] pci 0000:00:17.1: PCI bridge, secondary bus 0000:14
Jan 16 00:35:05 moodle kernel: [    0.623154] pci 0000:00:17.1:   IO window: 0xa000-0xafff
Jan 16 00:35:05 moodle kernel: [    0.623266] pci 0000:00:17.1:   MEM window: 0xda300000-0xda3fffff
Jan 16 00:35:05 moodle kernel: [    0.623377] pci 0000:00:17.1:   PREFETCH window: 0x000000dcd00000-0x000000dcdfffff
Jan 16 00:35:05 moodle kernel: [    0.623489] pci 0000:00:17.2: PCI bridge, secondary bus 0000:15
Jan 16 00:35:05 moodle kernel: [    0.623601] pci 0000:00:17.2:   IO window: 0xe000-0xefff
Jan 16 00:35:05 moodle kernel: [    0.623713] pci 0000:00:17.2:   MEM window: 0xda700000-0xda7fffff
Jan 16 00:35:05 moodle kernel: [    0.623825] pci 0000:00:17.2:   PREFETCH window: 0x000000dd100000-0x000000dd1fffff
Jan 16 00:35:05 moodle kernel: [    0.623937] pci 0000:00:17.3: PCI bridge, secondary bus 0000:16
Jan 16 00:35:05 moodle kernel: [    0.624048] pci 0000:00:17.3:   IO window: disabled
Jan 16 00:35:05 moodle kernel: [    0.624160] pci 0000:00:17.3:   MEM window: 0xdab00000-0xdabfffff
Jan 16 00:35:05 moodle kernel: [    0.624272] pci 0000:00:17.3:   PREFETCH window: 0x000000dd500000-0x000000dd5fffff
Jan 16 00:35:05 moodle kernel: [    0.624384] pci 0000:00:17.4: PCI bridge, secondary bus 0000:17
Jan 16 00:35:05 moodle kernel: [    0.624496] pci 0000:00:17.4:   IO window: disabled
Jan 16 00:35:05 moodle kernel: [    0.624608] pci 0000:00:17.4:   MEM window: 0xdaf00000-0xdaffffff
Jan 16 00:35:05 moodle kernel: [    0.624719] pci 0000:00:17.4:   PREFETCH window: 0x000000dd900000-0x000000dd9fffff
Jan 16 00:35:05 moodle kernel: [    0.624831] pci 0000:00:17.5: PCI bridge, secondary bus 0000:18
Jan 16 00:35:05 moodle kernel: [    0.624943] pci 0000:00:17.5:   IO window: disabled
Jan 16 00:35:05 moodle kernel: [    0.625054] pci 0000:00:17.5:   MEM window: 0xdb300000-0xdb3fffff
Jan 16 00:35:05 moodle kernel: [    0.625166] pci 0000:00:17.5:   PREFETCH window: 0x000000ddd00000-0x000000dddfffff
Jan 16 00:35:05 moodle kernel: [    0.625278] pci 0000:00:17.6: PCI bridge, secondary bus 0000:19
Jan 16 00:35:05 moodle kernel: [    0.625390] pci 0000:00:17.6:   IO window: disabled
Jan 16 00:35:05 moodle kernel: [    0.625502] pci 0000:00:17.6:   MEM window: 0xdb700000-0xdb7fffff
Jan 16 00:35:05 moodle kernel: [    0.625614] pci 0000:00:17.6:   PREFETCH window: 0x000000de100000-0x000000de1fffff
Jan 16 00:35:05 moodle kernel: [    0.625725] pci 0000:00:17.7: PCI bridge, secondary bus 0000:1a
Jan 16 00:35:05 moodle kernel: [    0.625837] pci 0000:00:17.7:   IO window: disabled
Jan 16 00:35:05 moodle kernel: [    0.625949] pci 0000:00:17.7:   MEM window: 0xdbb00000-0xdbbfffff
Jan 16 00:35:05 moodle kernel: [    0.626061] pci 0000:00:17.7:   PREFETCH window: 0x000000de500000-0x000000de5fffff
Jan 16 00:35:05 moodle kernel: [    0.626173] pci 0000:00:18.0: PCI bridge, secondary bus 0000:1b
Jan 16 00:35:05 moodle kernel: [    0.626285] pci 0000:00:18.0:   IO window: 0x7000-0x7fff
Jan 16 00:35:05 moodle kernel: [    0.626396] pci 0000:00:18.0:   MEM window: 0xda000000-0xda0fffff
Jan 16 00:35:05 moodle kernel: [    0.626508] pci 0000:00:18.0:   PREFETCH window: 0x000000dca00000-0x000000dcafffff
Jan 16 00:35:05 moodle kernel: [    0.626620] pci 0000:00:18.1: PCI bridge, secondary bus 0000:1c
Jan 16 00:35:05 moodle kernel: [    0.626732] pci 0000:00:18.1:   IO window: 0xb000-0xbfff
Jan 16 00:35:05 moodle kernel: [    0.626813] pci 0000:00:18.1:   MEM window: 0xda400000-0xda4fffff
Jan 16 00:35:05 moodle kernel: [    0.626925] pci 0000:00:18.1:   PREFETCH window: 0x000000dce00000-0x000000dcefffff
Jan 16 00:35:05 moodle kernel: [    0.627037] pci 0000:00:18.2: PCI bridge, secondary bus 0000:1d
Jan 16 00:35:05 moodle kernel: [    0.627148] pci 0000:00:18.2:   IO window: 0xf000-0xffff
Jan 16 00:35:05 moodle kernel: [    0.627260] pci 0000:00:18.2:   MEM window: 0xda800000-0xda8fffff
Jan 16 00:35:05 moodle kernel: [    0.627372] pci 0000:00:18.2:   PREFETCH window: 0x000000dd200000-0x000000dd2fffff
Jan 16 00:35:05 moodle kernel: [    0.627484] pci 0000:00:18.3: PCI bridge, secondary bus 0000:1e
Jan 16 00:35:05 moodle kernel: [    0.627596] pci 0000:00:18.3:   IO window: disabled
Jan 16 00:35:05 moodle kernel: [    0.627708] pci 0000:00:18.3:   MEM window: 0xdac00000-0xdacfffff
Jan 16 00:35:05 moodle kernel: [    0.627819] pci 0000:00:18.3:   PREFETCH window: 0x000000dd600000-0x000000dd6fffff
Jan 16 00:35:05 moodle kernel: [    0.627931] pci 0000:00:18.4: PCI bridge, secondary bus 0000:1f
Jan 16 00:35:05 moodle kernel: [    0.628043] pci 0000:00:18.4:   IO window: disabled
Jan 16 00:35:05 moodle kernel: [    0.628155] pci 0000:00:18.4:   MEM window: 0xdb000000-0xdb0fffff
Jan 16 00:35:05 moodle kernel: [    0.628267] pci 0000:00:18.4:   PREFETCH window: 0x000000dda00000-0x000000ddafffff
Jan 16 00:35:05 moodle kernel: [    0.628379] pci 0000:00:18.5: PCI bridge, secondary bus 0000:20
Jan 16 00:35:05 moodle kernel: [    0.628490] pci 0000:00:18.5:   IO window: disabled
Jan 16 00:35:05 moodle kernel: [    0.628602] pci 0000:00:18.5:   MEM window: 0xdb400000-0xdb4fffff
Jan 16 00:35:05 moodle kernel: [    0.628714] pci 0000:00:18.5:   PREFETCH window: 0x000000dde00000-0x000000ddefffff
Jan 16 00:35:05 moodle kernel: [    0.628826] pci 0000:00:18.6: PCI bridge, secondary bus 0000:21
Jan 16 00:35:05 moodle kernel: [    0.628938] pci 0000:00:18.6:   IO window: disabled
Jan 16 00:35:05 moodle kernel: [    0.629050] pci 0000:00:18.6:   MEM window: 0xdb800000-0xdb8fffff
Jan 16 00:35:05 moodle kernel: [    0.629161] pci 0000:00:18.6:   PREFETCH window: 0x000000de200000-0x000000de2fffff
Jan 16 00:35:05 moodle kernel: [    0.629273] pci 0000:00:18.7: PCI bridge, secondary bus 0000:22
Jan 16 00:35:05 moodle kernel: [    0.629385] pci 0000:00:18.7:   IO window: disabled
Jan 16 00:35:05 moodle kernel: [    0.629497] pci 0000:00:18.7:   MEM window: 0xdbc00000-0xdbcfffff
Jan 16 00:35:05 moodle kernel: [    0.629609] pci 0000:00:18.7:   PREFETCH window: 0x000000de600000-0x000000de6fffff
Jan 16 00:35:05 moodle kernel: [    0.629721] pci 0000:00:01.0: setting latency timer to 64
Jan 16 00:35:05 moodle kernel: [    0.629817] pci 0000:00:15.0: setting latency timer to 64
Jan 16 00:35:05 moodle kernel: [    0.629883] pci 0000:00:15.1: setting latency timer to 64
Jan 16 00:35:05 moodle kernel: [    0.629950] pci 0000:00:15.2: setting latency timer to 64
Jan 16 00:35:05 moodle kernel: [    0.630016] pci 0000:00:15.3: setting latency timer to 64
Jan 16 00:35:05 moodle kernel: [    0.630081] pci 0000:00:15.4: setting latency timer to 64
Jan 16 00:35:05 moodle kernel: [    0.630147] pci 0000:00:15.5: setting latency timer to 64
Jan 16 00:35:05 moodle kernel: [    0.630212] pci 0000:00:15.6: setting latency timer to 64
Jan 16 00:35:05 moodle kernel: [    0.630277] pci 0000:00:15.7: setting latency timer to 64
Jan 16 00:35:05 moodle kernel: [    0.630343] pci 0000:00:16.0: setting latency timer to 64
Jan 16 00:35:05 moodle kernel: [    0.630409] pci 0000:00:16.1: setting latency timer to 64
Jan 16 00:35:05 moodle kernel: [    0.630475] pci 0000:00:16.2: setting latency timer to 64
Jan 16 00:35:05 moodle kernel: [    0.630540] pci 0000:00:16.3: setting latency timer to 64
Jan 16 00:35:05 moodle kernel: [    0.630608] pci 0000:00:16.4: setting latency timer to 64
Jan 16 00:35:05 moodle kernel: [    0.630673] pci 0000:00:16.5: setting latency timer to 64
Jan 16 00:35:05 moodle kernel: [    0.630739] pci 0000:00:16.6: setting latency timer to 64
Jan 16 00:35:05 moodle kernel: [    0.630816] pci 0000:00:16.7: setting latency timer to 64
Jan 16 00:35:05 moodle kernel: [    0.630882] pci 0000:00:17.0: setting latency timer to 64
Jan 16 00:35:05 moodle kernel: [    0.630948] pci 0000:00:17.1: setting latency timer to 64
Jan 16 00:35:05 moodle kernel: [    0.631013] pci 0000:00:17.2: setting latency timer to 64
Jan 16 00:35:05 moodle kernel: [    0.631079] pci 0000:00:17.3: setting latency timer to 64
Jan 16 00:35:05 moodle kernel: [    0.631144] pci 0000:00:17.4: setting latency timer to 64
Jan 16 00:35:05 moodle kernel: [    0.631210] pci 0000:00:17.5: setting latency timer to 64
Jan 16 00:35:05 moodle kernel: [    0.631276] pci 0000:00:17.6: setting latency timer to 64
Jan 16 00:35:05 moodle kernel: [    0.631342] pci 0000:00:17.7: setting latency timer to 64
Jan 16 00:35:05 moodle kernel: [    0.631407] pci 0000:00:18.0: setting latency timer to 64
Jan 16 00:35:05 moodle kernel: [    0.631473] pci 0000:00:18.1: setting latency timer to 64
Jan 16 00:35:05 moodle kernel: [    0.631539] pci 0000:00:18.2: setting latency timer to 64
Jan 16 00:35:05 moodle kernel: [    0.631604] pci 0000:00:18.3: setting latency timer to 64
Jan 16 00:35:05 moodle kernel: [    0.631670] pci 0000:00:18.4: setting latency timer to 64
Jan 16 00:35:05 moodle kernel: [    0.631736] pci 0000:00:18.5: setting latency timer to 64
Jan 16 00:35:05 moodle kernel: [    0.631801] pci 0000:00:18.6: setting latency timer to 64
Jan 16 00:35:05 moodle kernel: [    0.631869] pci 0000:00:18.7: setting latency timer to 64
Jan 16 00:35:05 moodle kernel: [    0.631881] pci_bus 0000:00: resource 0 io:  [0x00-0xffff]
Jan 16 00:35:05 moodle kernel: [    0.631883] pci_bus 0000:00: resource 1 mem: [0x000000-0xffffffff]
Jan 16 00:35:05 moodle kernel: [    0.631886] pci_bus 0000:02: resource 0 io:  [0x2000-0x3fff]
Jan 16 00:35:05 moodle kernel: [    0.631888] pci_bus 0000:02: resource 1 mem: [0xd9200000-0xd9cfffff]
Jan 16 00:35:05 moodle kernel: [    0.631890] pci_bus 0000:02: resource 2 pref mem [0xdc100000-0xdc6fffff]
Jan 16 00:35:05 moodle kernel: [    0.631892] pci_bus 0000:02: resource 3 io:  [0x00-0xffff]
Jan 16 00:35:05 moodle kernel: [    0.631894] pci_bus 0000:02: resource 4 mem: [0x000000-0xffffffff]
Jan 16 00:35:05 moodle kernel: [    0.631896] pci_bus 0000:03: resource 0 io:  [0x4000-0x4fff]
Jan 16 00:35:05 moodle kernel: [    0.631898] pci_bus 0000:03: resource 1 mem: [0xd9d00000-0xd9dfffff]
Jan 16 00:35:05 moodle kernel: [    0.631900] pci_bus 0000:03: resource 2 pref mem [0xdc700000-0xdc7fffff]
Jan 16 00:35:05 moodle kernel: [    0.631902] pci_bus 0000:04: resource 0 io:  [0x8000-0x8fff]
Jan 16 00:35:05 moodle kernel: [    0.631904] pci_bus 0000:04: resource 1 mem: [0xda100000-0xda1fffff]
Jan 16 00:35:05 moodle kernel: [    0.631906] pci_bus 0000:04: resource 2 pref mem [0xdcb00000-0xdcbfffff]
Jan 16 00:35:05 moodle kernel: [    0.631908] pci_bus 0000:05: resource 0 io:  [0xc000-0xcfff]
Jan 16 00:35:05 moodle kernel: [    0.631909] pci_bus 0000:05: resource 1 mem: [0xda500000-0xda5fffff]
Jan 16 00:35:05 moodle kernel: [    0.631911] pci_bus 0000:05: resource 2 pref mem [0xdcf00000-0xdcffffff]
Jan 16 00:35:05 moodle kernel: [    0.631914] pci_bus 0000:06: resource 1 mem: [0xda900000-0xda9fffff]
Jan 16 00:35:05 moodle kernel: [    0.631915] pci_bus 0000:06: resource 2 pref mem [0xdd300000-0xdd3fffff]
Jan 16 00:35:05 moodle kernel: [    0.631917] pci_bus 0000:07: resource 1 mem: [0xdad00000-0xdadfffff]
Jan 16 00:35:05 moodle kernel: [    0.631919] pci_bus 0000:07: resource 2 pref mem [0xdd700000-0xdd7fffff]
Jan 16 00:35:05 moodle kernel: [    0.631921] pci_bus 0000:08: resource 1 mem: [0xdb100000-0xdb1fffff]
Jan 16 00:35:05 moodle kernel: [    0.631923] pci_bus 0000:08: resource 2 pref mem [0xddb00000-0xddbfffff]
Jan 16 00:35:05 moodle kernel: [    0.631925] pci_bus 0000:09: resource 1 mem: [0xdb500000-0xdb5fffff]
Jan 16 00:35:05 moodle kernel: [    0.631927] pci_bus 0000:09: resource 2 pref mem [0xddf00000-0xddffffff]
Jan 16 00:35:05 moodle kernel: [    0.631929] pci_bus 0000:0a: resource 1 mem: [0xdb900000-0xdb9fffff]
Jan 16 00:35:05 moodle kernel: [    0.631931] pci_bus 0000:0a: resource 2 pref mem [0xde300000-0xde3fffff]
Jan 16 00:35:05 moodle kernel: [    0.631933] pci_bus 0000:0b: resource 0 io:  [0x5000-0x5fff]
Jan 16 00:35:05 moodle kernel: [    0.631935] pci_bus 0000:0b: resource 1 mem: [0xd9e00000-0xd9efffff]
Jan 16 00:35:05 moodle kernel: [    0.631937] pci_bus 0000:0b: resource 2 pref mem [0xdc800000-0xdc8fffff]
Jan 16 00:35:05 moodle kernel: [    0.631939] pci_bus 0000:0c: resource 0 io:  [0x9000-0x9fff]
Jan 16 00:35:05 moodle kernel: [    0.631941] pci_bus 0000:0c: resource 1 mem: [0xda200000-0xda2fffff]
Jan 16 00:35:05 moodle kernel: [    0.631943] pci_bus 0000:0c: resource 2 pref mem [0xdcc00000-0xdccfffff]
Jan 16 00:35:05 moodle kernel: [    0.631945] pci_bus 0000:0d: resource 0 io:  [0xd000-0xdfff]
Jan 16 00:35:05 moodle kernel: [    0.631947] pci_bus 0000:0d: resource 1 mem: [0xda600000-0xda6fffff]
Jan 16 00:35:05 moodle kernel: [    0.631949] pci_bus 0000:0d: resource 2 pref mem [0xdd000000-0xdd0fffff]
Jan 16 00:35:05 moodle kernel: [    0.631951] pci_bus 0000:0e: resource 1 mem: [0xdaa00000-0xdaafffff]
Jan 16 00:35:05 moodle kernel: [    0.631953] pci_bus 0000:0e: resource 2 pref mem [0xdd400000-0xdd4fffff]
Jan 16 00:35:05 moodle kernel: [    0.631955] pci_bus 0000:0f: resource 1 mem: [0xdae00000-0xdaefffff]
Jan 16 00:35:05 moodle kernel: [    0.631957] pci_bus 0000:0f: resource 2 pref mem [0xdd800000-0xdd8fffff]
Jan 16 00:35:05 moodle kernel: [    0.631959] pci_bus 0000:10: resource 1 mem: [0xdb200000-0xdb2fffff]
Jan 16 00:35:05 moodle kernel: [    0.631961] pci_bus 0000:10: resource 2 pref mem [0xddc00000-0xddcfffff]
Jan 16 00:35:05 moodle kernel: [    0.631963] pci_bus 0000:11: resource 1 mem: [0xdb600000-0xdb6fffff]
Jan 16 00:35:05 moodle kernel: [    0.631965] pci_bus 0000:11: resource 2 pref mem [0xde000000-0xde0fffff]
Jan 16 00:35:05 moodle kernel: [    0.631967] pci_bus 0000:12: resource 1 mem: [0xdba00000-0xdbafffff]
Jan 16 00:35:05 moodle kernel: [    0.631969] pci_bus 0000:12: resource 2 pref mem [0xde400000-0xde4fffff]
Jan 16 00:35:05 moodle kernel: [    0.631971] pci_bus 0000:13: resource 0 io:  [0x6000-0x6fff]
Jan 16 00:35:05 moodle kernel: [    0.631973] pci_bus 0000:13: resource 1 mem: [0xd9f00000-0xd9ffffff]
Jan 16 00:35:05 moodle kernel: [    0.631975] pci_bus 0000:13: resource 2 pref mem [0xdc900000-0xdc9fffff]
Jan 16 00:35:05 moodle kernel: [    0.631977] pci_bus 0000:14: resource 0 io:  [0xa000-0xafff]
Jan 16 00:35:05 moodle kernel: [    0.631979] pci_bus 0000:14: resource 1 mem: [0xda300000-0xda3fffff]
Jan 16 00:35:05 moodle kernel: [    0.631980] pci_bus 0000:14: resource 2 pref mem [0xdcd00000-0xdcdfffff]
Jan 16 00:35:05 moodle kernel: [    0.631983] pci_bus 0000:15: resource 0 io:  [0xe000-0xefff]
Jan 16 00:35:05 moodle kernel: [    0.631984] pci_bus 0000:15: resource 1 mem: [0xda700000-0xda7fffff]
Jan 16 00:35:05 moodle kernel: [    0.631986] pci_bus 0000:15: resource 2 pref mem [0xdd100000-0xdd1fffff]
Jan 16 00:35:05 moodle kernel: [    0.631990] pci_bus 0000:16: resource 1 mem: [0xdab00000-0xdabfffff]
Jan 16 00:35:05 moodle kernel: [    0.631992] pci_bus 0000:16: resource 2 pref mem [0xdd500000-0xdd5fffff]
Jan 16 00:35:05 moodle kernel: [    0.631994] pci_bus 0000:17: resource 1 mem: [0xdaf00000-0xdaffffff]
Jan 16 00:35:05 moodle kernel: [    0.631996] pci_bus 0000:17: resource 2 pref mem [0xdd900000-0xdd9fffff]
Jan 16 00:35:05 moodle kernel: [    0.631998] pci_bus 0000:18: resource 1 mem: [0xdb300000-0xdb3fffff]
Jan 16 00:35:05 moodle kernel: [    0.632000] pci_bus 0000:18: resource 2 pref mem [0xddd00000-0xdddfffff]
Jan 16 00:35:05 moodle kernel: [    0.632002] pci_bus 0000:19: resource 1 mem: [0xdb700000-0xdb7fffff]
Jan 16 00:35:05 moodle kernel: [    0.632004] pci_bus 0000:19: resource 2 pref mem [0xde100000-0xde1fffff]
Jan 16 00:35:05 moodle kernel: [    0.632006] pci_bus 0000:1a: resource 1 mem: [0xdbb00000-0xdbbfffff]
Jan 16 00:35:05 moodle kernel: [    0.632008] pci_bus 0000:1a: resource 2 pref mem [0xde500000-0xde5fffff]
Jan 16 00:35:05 moodle kernel: [    0.632010] pci_bus 0000:1b: resource 0 io:  [0x7000-0x7fff]
Jan 16 00:35:05 moodle kernel: [    0.632012] pci_bus 0000:1b: resource 1 mem: [0xda000000-0xda0fffff]
Jan 16 00:35:05 moodle kernel: [    0.632014] pci_bus 0000:1b: resource 2 pref mem [0xdca00000-0xdcafffff]
Jan 16 00:35:05 moodle kernel: [    0.632016] pci_bus 0000:1c: resource 0 io:  [0xb000-0xbfff]
Jan 16 00:35:05 moodle kernel: [    0.632018] pci_bus 0000:1c: resource 1 mem: [0xda400000-0xda4fffff]
Jan 16 00:35:05 moodle kernel: [    0.632020] pci_bus 0000:1c: resource 2 pref mem [0xdce00000-0xdcefffff]
Jan 16 00:35:05 moodle kernel: [    0.632022] pci_bus 0000:1d: resource 0 io:  [0xf000-0xffff]
Jan 16 00:35:05 moodle kernel: [    0.632024] pci_bus 0000:1d: resource 1 mem: [0xda800000-0xda8fffff]
Jan 16 00:35:05 moodle kernel: [    0.632026] pci_bus 0000:1d: resource 2 pref mem [0xdd200000-0xdd2fffff]
Jan 16 00:35:05 moodle kernel: [    0.632028] pci_bus 0000:1e: resource 1 mem: [0xdac00000-0xdacfffff]
Jan 16 00:35:05 moodle kernel: [    0.632030] pci_bus 0000:1e: resource 2 pref mem [0xdd600000-0xdd6fffff]
Jan 16 00:35:05 moodle kernel: [    0.632032] pci_bus 0000:1f: resource 1 mem: [0xdb000000-0xdb0fffff]
Jan 16 00:35:05 moodle kernel: [    0.632034] pci_bus 0000:1f: resource 2 pref mem [0xdda00000-0xddafffff]
Jan 16 00:35:05 moodle kernel: [    0.632036] pci_bus 0000:20: resource 1 mem: [0xdb400000-0xdb4fffff]
Jan 16 00:35:05 moodle kernel: [    0.632038] pci_bus 0000:20: resource 2 pref mem [0xdde00000-0xddefffff]
Jan 16 00:35:05 moodle kernel: [    0.632039] pci_bus 0000:21: resource 1 mem: [0xdb800000-0xdb8fffff]
Jan 16 00:35:05 moodle kernel: [    0.632041] pci_bus 0000:21: resource 2 pref mem [0xde200000-0xde2fffff]
Jan 16 00:35:05 moodle kernel: [    0.632043] pci_bus 0000:22: resource 1 mem: [0xdbc00000-0xdbcfffff]
Jan 16 00:35:05 moodle kernel: [    0.632045] pci_bus 0000:22: resource 2 pref mem [0xde600000-0xde6fffff]
Jan 16 00:35:05 moodle kernel: [    0.632068] NET: Registered protocol family 2
Jan 16 00:35:05 moodle kernel: [    0.632180] IP route cache hash table entries: 2048 (order: 1, 8192 bytes)
Jan 16 00:35:05 moodle kernel: [    0.632292] TCP established hash table entries: 8192 (order: 4, 65536 bytes)
Jan 16 00:35:05 moodle kernel: [    0.632404] TCP bind hash table entries: 8192 (order: 4, 65536 bytes)
Jan 16 00:35:05 moodle kernel: [    0.632516] TCP: Hash tables configured (established 8192 bind 8192)
Jan 16 00:35:05 moodle kernel: [    0.632627] TCP reno registered
Jan 16 00:35:05 moodle kernel: [    0.632739] NET: Registered protocol family 1
Jan 16 00:35:05 moodle kernel: [    0.632846] pci 0000:00:00.0: Limiting direct PCI/PCI transfers
Jan 16 00:35:05 moodle kernel: [    0.632958] pci 0000:00:0f.0: Boot video device
Jan 16 00:35:05 moodle kernel: [    0.633038] Simple Boot Flag at 0x36 set to 0x1
Jan 16 00:35:05 moodle kernel: [    0.633149] cpufreq-nforce2: No nForce2 chipset.
Jan 16 00:35:05 moodle kernel: [    0.633261] Scanning for low memory corruption every 60 seconds
Jan 16 00:35:05 moodle kernel: [    0.633442] audit: initializing netlink socket (disabled)
Jan 16 00:35:05 moodle kernel: [    0.633554] type=2000 audit(1358296502.000:1): initialized
Jan 16 00:35:05 moodle kernel: [    0.638935] Trying to unpack rootfs image as initramfs...
Jan 16 00:35:05 moodle kernel: [    0.646953] HugeTLB registered 4 MB page size, pre-allocated 0 pages
Jan 16 00:35:05 moodle kernel: [    0.647227] VFS: Disk quotas dquot_6.5.2
Jan 16 00:35:05 moodle kernel: [    0.647338] Dquot-cache hash table entries: 1024 (order 0, 4096 bytes)
Jan 16 00:35:05 moodle kernel: [    0.650793] fuse init (API version 7.13)
Jan 16 00:35:05 moodle kernel: [    0.650905] msgmni has been set to 468
Jan 16 00:35:05 moodle kernel: [    0.654911] alg: No test for stdrng (krng)
Jan 16 00:35:05 moodle kernel: [    0.655059] Block layer SCSI generic (bsg) driver version 0.4 loaded (major 253)
Jan 16 00:35:05 moodle kernel: [    0.655171] io scheduler noop registered
Jan 16 00:35:05 moodle kernel: [    0.655269] io scheduler anticipatory registered
Jan 16 00:35:05 moodle kernel: [    0.655371] io scheduler deadline registered
Jan 16 00:35:05 moodle kernel: [    0.655482] io scheduler cfq registered (default)
Jan 16 00:35:05 moodle kernel: [    0.655594]   alloc irq_desc for 24 on node -1
Jan 16 00:35:05 moodle kernel: [    0.655598]   alloc kstat_irqs on node -1
Jan 16 00:35:05 moodle kernel: [    0.655654] pcieport 0000:00:15.0: irq 24 for MSI/MSI-X
Jan 16 00:35:05 moodle kernel: [    0.655712] pcieport 0000:00:15.0: setting latency timer to 64
Jan 16 00:35:05 moodle kernel: [    0.655824]   alloc irq_desc for 25 on node -1
Jan 16 00:35:05 moodle kernel: [    0.655829]   alloc kstat_irqs on node -1
Jan 16 00:35:05 moodle kernel: [    0.655878] pcieport 0000:00:15.1: irq 25 for MSI/MSI-X
Jan 16 00:35:05 moodle kernel: [    0.655935] pcieport 0000:00:15.1: setting latency timer to 64
Jan 16 00:35:05 moodle kernel: [    0.656046]   alloc irq_desc for 26 on node -1
Jan 16 00:35:05 moodle kernel: [    0.656048]   alloc kstat_irqs on node -1
Jan 16 00:35:05 moodle kernel: [    0.656098] pcieport 0000:00:15.2: irq 26 for MSI/MSI-X
Jan 16 00:35:05 moodle kernel: [    0.656154] pcieport 0000:00:15.2: setting latency timer to 64
Jan 16 00:35:05 moodle kernel: [    0.656266]   alloc irq_desc for 27 on node -1
Jan 16 00:35:05 moodle kernel: [    0.656268]   alloc kstat_irqs on node -1
Jan 16 00:35:05 moodle kernel: [    0.656317] pcieport 0000:00:15.3: irq 27 for MSI/MSI-X
Jan 16 00:35:05 moodle kernel: [    0.656373] pcieport 0000:00:15.3: setting latency timer to 64
Jan 16 00:35:05 moodle kernel: [    0.656485]   alloc irq_desc for 28 on node -1
Jan 16 00:35:05 moodle kernel: [    0.656487]   alloc kstat_irqs on node -1
Jan 16 00:35:05 moodle kernel: [    0.656535] pcieport 0000:00:15.4: irq 28 for MSI/MSI-X
Jan 16 00:35:05 moodle kernel: [    0.656592] pcieport 0000:00:15.4: setting latency timer to 64
Jan 16 00:35:05 moodle kernel: [    0.656704]   alloc irq_desc for 29 on node -1
Jan 16 00:35:05 moodle kernel: [    0.656707]   alloc kstat_irqs on node -1
Jan 16 00:35:05 moodle kernel: [    0.656757] pcieport 0000:00:15.5: irq 29 for MSI/MSI-X
Jan 16 00:35:05 moodle kernel: [    0.656814] pcieport 0000:00:15.5: setting latency timer to 64
Jan 16 00:35:05 moodle kernel: [    0.656926]   alloc irq_desc for 30 on node -1
Jan 16 00:35:05 moodle kernel: [    0.656929]   alloc kstat_irqs on node -1
Jan 16 00:35:05 moodle kernel: [    0.656980] pcieport 0000:00:15.6: irq 30 for MSI/MSI-X
Jan 16 00:35:05 moodle kernel: [    0.657038] pcieport 0000:00:15.6: setting latency timer to 64
Jan 16 00:35:05 moodle kernel: [    0.657150]   alloc irq_desc for 31 on node -1
Jan 16 00:35:05 moodle kernel: [    0.657152]   alloc kstat_irqs on node -1
Jan 16 00:35:05 moodle kernel: [    0.657201] pcieport 0000:00:15.7: irq 31 for MSI/MSI-X
Jan 16 00:35:05 moodle kernel: [    0.657258] pcieport 0000:00:15.7: setting latency timer to 64
Jan 16 00:35:05 moodle kernel: [    0.657369]   alloc irq_desc for 32 on node -1
Jan 16 00:35:05 moodle kernel: [    0.657372]   alloc kstat_irqs on node -1
Jan 16 00:35:05 moodle kernel: [    0.657421] pcieport 0000:00:16.0: irq 32 for MSI/MSI-X
Jan 16 00:35:05 moodle kernel: [    0.657478] pcieport 0000:00:16.0: setting latency timer to 64
Jan 16 00:35:05 moodle kernel: [    0.657590]   alloc irq_desc for 33 on node -1
Jan 16 00:35:05 moodle kernel: [    0.657593]   alloc kstat_irqs on node -1
Jan 16 00:35:05 moodle kernel: [    0.657641] pcieport 0000:00:16.1: irq 33 for MSI/MSI-X
Jan 16 00:35:05 moodle kernel: [    0.657698] pcieport 0000:00:16.1: setting latency timer to 64
Jan 16 00:35:05 moodle kernel: [    0.657809]   alloc irq_desc for 34 on node -1
Jan 16 00:35:05 moodle kernel: [    0.657812]   alloc kstat_irqs on node -1
Jan 16 00:35:05 moodle kernel: [    0.657862] pcieport 0000:00:16.2: irq 34 for MSI/MSI-X
Jan 16 00:35:05 moodle kernel: [    0.657920] pcieport 0000:00:16.2: setting latency timer to 64
Jan 16 00:35:05 moodle kernel: [    0.658874]   alloc irq_desc for 35 on node -1
Jan 16 00:35:05 moodle kernel: [    0.658876]   alloc kstat_irqs on node -1
Jan 16 00:35:05 moodle kernel: [    0.658924] pcieport 0000:00:16.3: irq 35 for MSI/MSI-X
Jan 16 00:35:05 moodle kernel: [    0.658981] pcieport 0000:00:16.3: setting latency timer to 64
Jan 16 00:35:05 moodle kernel: [    0.659092]   alloc irq_desc for 36 on node -1
Jan 16 00:35:05 moodle kernel: [    0.659094]   alloc kstat_irqs on node -1
Jan 16 00:35:05 moodle kernel: [    0.659143] pcieport 0000:00:16.4: irq 36 for MSI/MSI-X
Jan 16 00:35:05 moodle kernel: [    0.659199] pcieport 0000:00:16.4: setting latency timer to 64
Jan 16 00:35:05 moodle kernel: [    0.659311]   alloc irq_desc for 37 on node -1
Jan 16 00:35:05 moodle kernel: [    0.659313]   alloc kstat_irqs on node -1
Jan 16 00:35:05 moodle kernel: [    0.659362] pcieport 0000:00:16.5: irq 37 for MSI/MSI-X
Jan 16 00:35:05 moodle kernel: [    0.659419] pcieport 0000:00:16.5: setting latency timer to 64
Jan 16 00:35:05 moodle kernel: [    0.659530]   alloc irq_desc for 38 on node -1
Jan 16 00:35:05 moodle kernel: [    0.659533]   alloc kstat_irqs on node -1
Jan 16 00:35:05 moodle kernel: [    0.659582] pcieport 0000:00:16.6: irq 38 for MSI/MSI-X
Jan 16 00:35:05 moodle kernel: [    0.659639] pcieport 0000:00:16.6: setting latency timer to 64
Jan 16 00:35:05 moodle kernel: [    0.659751]   alloc irq_desc for 39 on node -1
Jan 16 00:35:05 moodle kernel: [    0.659754]   alloc kstat_irqs on node -1
Jan 16 00:35:05 moodle kernel: [    0.659803] pcieport 0000:00:16.7: irq 39 for MSI/MSI-X
Jan 16 00:35:05 moodle kernel: [    0.659859] pcieport 0000:00:16.7: setting latency timer to 64
Jan 16 00:35:05 moodle kernel: [    0.659971]   alloc irq_desc for 40 on node -1
Jan 16 00:35:05 moodle kernel: [    0.659974]   alloc kstat_irqs on node -1
Jan 16 00:35:05 moodle kernel: [    0.660023] pcieport 0000:00:17.0: irq 40 for MSI/MSI-X
Jan 16 00:35:05 moodle kernel: [    0.660079] pcieport 0000:00:17.0: setting latency timer to 64
Jan 16 00:35:05 moodle kernel: [    0.660191]   alloc irq_desc for 41 on node -1
Jan 16 00:35:05 moodle kernel: [    0.660194]   alloc kstat_irqs on node -1
Jan 16 00:35:05 moodle kernel: [    0.660243] pcieport 0000:00:17.1: irq 41 for MSI/MSI-X
Jan 16 00:35:05 moodle kernel: [    0.660299] pcieport 0000:00:17.1: setting latency timer to 64
Jan 16 00:35:05 moodle kernel: [    0.660411]   alloc irq_desc for 42 on node -1
Jan 16 00:35:05 moodle kernel: [    0.660414]   alloc kstat_irqs on node -1
Jan 16 00:35:05 moodle kernel: [    0.660463] pcieport 0000:00:17.2: irq 42 for MSI/MSI-X
Jan 16 00:35:05 moodle kernel: [    0.660519] pcieport 0000:00:17.2: setting latency timer to 64
Jan 16 00:35:05 moodle kernel: [    0.660631]   alloc irq_desc for 43 on node -1
Jan 16 00:35:05 moodle kernel: [    0.660634]   alloc kstat_irqs on node -1
Jan 16 00:35:05 moodle kernel: [    0.660683] pcieport 0000:00:17.3: irq 43 for MSI/MSI-X
Jan 16 00:35:05 moodle kernel: [    0.660739] pcieport 0000:00:17.3: setting latency timer to 64
Jan 16 00:35:05 moodle kernel: [    0.660851]   alloc irq_desc for 44 on node -1
Jan 16 00:35:05 moodle kernel: [    0.660854]   alloc kstat_irqs on node -1
Jan 16 00:35:05 moodle kernel: [    0.660902] pcieport 0000:00:17.4: irq 44 for MSI/MSI-X
Jan 16 00:35:05 moodle kernel: [    0.660961] pcieport 0000:00:17.4: setting latency timer to 64
Jan 16 00:35:05 moodle kernel: [    0.661073]   alloc irq_desc for 45 on node -1
Jan 16 00:35:05 moodle kernel: [    0.661075]   alloc kstat_irqs on node -1
Jan 16 00:35:05 moodle kernel: [    0.661123] pcieport 0000:00:17.5: irq 45 for MSI/MSI-X
Jan 16 00:35:05 moodle kernel: [    0.661180] pcieport 0000:00:17.5: setting latency timer to 64
Jan 16 00:35:05 moodle kernel: [    0.661291]   alloc irq_desc for 46 on node -1
Jan 16 00:35:05 moodle kernel: [    0.661293]   alloc kstat_irqs on node -1
Jan 16 00:35:05 moodle kernel: [    0.661342] pcieport 0000:00:17.6: irq 46 for MSI/MSI-X
Jan 16 00:35:05 moodle kernel: [    0.661399] pcieport 0000:00:17.6: setting latency timer to 64
Jan 16 00:35:05 moodle kernel: [    0.661511]   alloc irq_desc for 47 on node -1
Jan 16 00:35:05 moodle kernel: [    0.661514]   alloc kstat_irqs on node -1
Jan 16 00:35:05 moodle kernel: [    0.661562] pcieport 0000:00:17.7: irq 47 for MSI/MSI-X
Jan 16 00:35:05 moodle kernel: [    0.661619] pcieport 0000:00:17.7: setting latency timer to 64
Jan 16 00:35:05 moodle kernel: [    0.661731]   alloc irq_desc for 48 on node -1
Jan 16 00:35:05 moodle kernel: [    0.661734]   alloc kstat_irqs on node -1
Jan 16 00:35:05 moodle kernel: [    0.661782] pcieport 0000:00:18.0: irq 48 for MSI/MSI-X
Jan 16 00:35:05 moodle kernel: [    0.661841] pcieport 0000:00:18.0: setting latency timer to 64
Jan 16 00:35:05 moodle kernel: [    0.666858]   alloc irq_desc for 49 on node -1
Jan 16 00:35:05 moodle kernel: [    0.666860]   alloc kstat_irqs on node -1
Jan 16 00:35:05 moodle kernel: [    0.666910] pcieport 0000:00:18.1: irq 49 for MSI/MSI-X
Jan 16 00:35:05 moodle kernel: [    0.666967] pcieport 0000:00:18.1: setting latency timer to 64
Jan 16 00:35:05 moodle kernel: [    0.667079]   alloc irq_desc for 50 on node -1
Jan 16 00:35:05 moodle kernel: [    0.667081]   alloc kstat_irqs on node -1
Jan 16 00:35:05 moodle kernel: [    0.667130] pcieport 0000:00:18.2: irq 50 for MSI/MSI-X
Jan 16 00:35:05 moodle kernel: [    0.667188] pcieport 0000:00:18.2: setting latency timer to 64
Jan 16 00:35:05 moodle kernel: [    0.667300]   alloc irq_desc for 51 on node -1
Jan 16 00:35:05 moodle kernel: [    0.667302]   alloc kstat_irqs on node -1
Jan 16 00:35:05 moodle kernel: [    0.667350] pcieport 0000:00:18.3: irq 51 for MSI/MSI-X
Jan 16 00:35:05 moodle kernel: [    0.667407] pcieport 0000:00:18.3: setting latency timer to 64
Jan 16 00:35:05 moodle kernel: [    0.667519]   alloc irq_desc for 52 on node -1
Jan 16 00:35:05 moodle kernel: [    0.667522]   alloc kstat_irqs on node -1
Jan 16 00:35:05 moodle kernel: [    0.667571] pcieport 0000:00:18.4: irq 52 for MSI/MSI-X
Jan 16 00:35:05 moodle kernel: [    0.667627] pcieport 0000:00:18.4: setting latency timer to 64
Jan 16 00:35:05 moodle kernel: [    0.667739]   alloc irq_desc for 53 on node -1
Jan 16 00:35:05 moodle kernel: [    0.667742]   alloc kstat_irqs on node -1
Jan 16 00:35:05 moodle kernel: [    0.667791] pcieport 0000:00:18.5: irq 53 for MSI/MSI-X
Jan 16 00:35:05 moodle kernel: [    0.667849] pcieport 0000:00:18.5: setting latency timer to 64
Jan 16 00:35:05 moodle kernel: [    0.667960]   alloc irq_desc for 54 on node -1
Jan 16 00:35:05 moodle kernel: [    0.667963]   alloc kstat_irqs on node -1
Jan 16 00:35:05 moodle kernel: [    0.668012] pcieport 0000:00:18.6: irq 54 for MSI/MSI-X
Jan 16 00:35:05 moodle kernel: [    0.668069] pcieport 0000:00:18.6: setting latency timer to 64
Jan 16 00:35:05 moodle kernel: [    0.668181]   alloc irq_desc for 55 on node -1
Jan 16 00:35:05 moodle kernel: [    0.668184]   alloc kstat_irqs on node -1
Jan 16 00:35:05 moodle kernel: [    0.668234] pcieport 0000:00:18.7: irq 55 for MSI/MSI-X
Jan 16 00:35:05 moodle kernel: [    0.668291] pcieport 0000:00:18.7: setting latency timer to 64
Jan 16 00:35:05 moodle kernel: [    0.668403] pci_hotplug: PCI Hot Plug PCI Core version: 0.5
Jan 16 00:35:05 moodle kernel: [    0.678826] pciehp 0000:00:15.0:pcie04: HPC vendor_id 15ad device_id 7a0 ss_vid 0 ss_did 0
Jan 16 00:35:05 moodle kernel: [    0.678937] pciehp 0000:00:15.0:pcie04: service driver pciehp loaded
Jan 16 00:35:05 moodle kernel: [    0.679049] pciehp 0000:00:15.1:pcie04: HPC vendor_id 15ad device_id 7a0 ss_vid 0 ss_did 0
Jan 16 00:35:05 moodle kernel: [    0.679161] pciehp 0000:00:15.1:pcie04: service driver pciehp loaded
Jan 16 00:35:05 moodle kernel: [    0.679273] pciehp 0000:00:15.2:pcie04: HPC vendor_id 15ad device_id 7a0 ss_vid 0 ss_did 0
Jan 16 00:35:05 moodle kernel: [    0.679385] pciehp 0000:00:15.2:pcie04: service driver pciehp loaded
Jan 16 00:35:05 moodle kernel: [    0.679497] pciehp 0000:00:15.3:pcie04: HPC vendor_id 15ad device_id 7a0 ss_vid 0 ss_did 0
Jan 16 00:35:05 moodle kernel: [    0.679608] pciehp 0000:00:15.3:pcie04: service driver pciehp loaded
Jan 16 00:35:05 moodle kernel: [    0.679720] pciehp 0000:00:15.4:pcie04: HPC vendor_id 15ad device_id 7a0 ss_vid 0 ss_did 0
Jan 16 00:35:05 moodle kernel: [    0.679832] pciehp 0000:00:15.4:pcie04: service driver pciehp loaded
Jan 16 00:35:05 moodle kernel: [    0.679944] pciehp 0000:00:15.5:pcie04: HPC vendor_id 15ad device_id 7a0 ss_vid 0 ss_did 0
Jan 16 00:35:05 moodle kernel: [    0.680056] pciehp 0000:00:15.5:pcie04: service driver pciehp loaded
Jan 16 00:35:05 moodle kernel: [    0.680168] pciehp 0000:00:15.6:pcie04: HPC vendor_id 15ad device_id 7a0 ss_vid 0 ss_did 0
Jan 16 00:35:05 moodle kernel: [    0.680279] pciehp 0000:00:15.6:pcie04: service driver pciehp loaded
Jan 16 00:35:05 moodle kernel: [    0.680391] pciehp 0000:00:15.7:pcie04: HPC vendor_id 15ad device_id 7a0 ss_vid 0 ss_did 0
Jan 16 00:35:05 moodle kernel: [    0.680503] pciehp 0000:00:15.7:pcie04: service driver pciehp loaded
Jan 16 00:35:05 moodle kernel: [    0.680615] pciehp 0000:00:16.0:pcie04: HPC vendor_id 15ad device_id 7a0 ss_vid 0 ss_did 0
Jan 16 00:35:05 moodle kernel: [    0.680727] pciehp 0000:00:16.0:pcie04: service driver pciehp loaded
Jan 16 00:35:05 moodle kernel: [    0.680839] pciehp 0000:00:16.1:pcie04: HPC vendor_id 15ad device_id 7a0 ss_vid 0 ss_did 0
Jan 16 00:35:05 moodle kernel: [    0.680950] pciehp 0000:00:16.1:pcie04: service driver pciehp loaded
Jan 16 00:35:05 moodle kernel: [    0.681062] pciehp 0000:00:16.2:pcie04: HPC vendor_id 15ad device_id 7a0 ss_vid 0 ss_did 0
Jan 16 00:35:05 moodle kernel: [    0.681174] pciehp 0000:00:16.2:pcie04: service driver pciehp loaded
Jan 16 00:35:05 moodle kernel: [    0.681286] pciehp 0000:00:16.3:pcie04: HPC vendor_id 15ad device_id 7a0 ss_vid 0 ss_did 0
Jan 16 00:35:05 moodle kernel: [    0.681398] pciehp 0000:00:16.3:pcie04: service driver pciehp loaded
Jan 16 00:35:05 moodle kernel: [    0.681510] pciehp 0000:00:16.4:pcie04: HPC vendor_id 15ad device_id 7a0 ss_vid 0 ss_did 0
Jan 16 00:35:05 moodle kernel: [    0.681621] pciehp 0000:00:16.4:pcie04: service driver pciehp loaded
Jan 16 00:35:05 moodle kernel: [    0.681733] pciehp 0000:00:16.5:pcie04: HPC vendor_id 15ad device_id 7a0 ss_vid 0 ss_did 0
Jan 16 00:35:05 moodle kernel: [    0.681845] pciehp 0000:00:16.5:pcie04: service driver pciehp loaded
Jan 16 00:35:05 moodle kernel: [    0.681957] pciehp 0000:00:16.6:pcie04: HPC vendor_id 15ad device_id 7a0 ss_vid 0 ss_did 0
Jan 16 00:35:05 moodle kernel: [    0.682069] pciehp 0000:00:16.6:pcie04: service driver pciehp loaded
Jan 16 00:35:05 moodle kernel: [    0.682181] pciehp 0000:00:16.7:pcie04: HPC vendor_id 15ad device_id 7a0 ss_vid 0 ss_did 0
Jan 16 00:35:05 moodle kernel: [    0.682292] pciehp 0000:00:16.7:pcie04: service driver pciehp loaded
Jan 16 00:35:05 moodle kernel: [    0.682404] pciehp 0000:00:17.0:pcie04: HPC vendor_id 15ad device_id 7a0 ss_vid 0 ss_did 0
Jan 16 00:35:05 moodle kernel: [    0.682785] pciehp 0000:00:17.0:pcie04: service driver pciehp loaded
Jan 16 00:35:05 moodle kernel: [    0.682897] pciehp 0000:00:17.1:pcie04: HPC vendor_id 15ad device_id 7a0 ss_vid 0 ss_did 0
Jan 16 00:35:05 moodle kernel: [    0.683009] pciehp 0000:00:17.1:pcie04: service driver pciehp loaded
Jan 16 00:35:05 moodle kernel: [    0.683120] pciehp 0000:00:17.2:pcie04: HPC vendor_id 15ad device_id 7a0 ss_vid 0 ss_did 0
Jan 16 00:35:05 moodle kernel: [    0.683232] pciehp 0000:00:17.2:pcie04: service driver pciehp loaded
Jan 16 00:35:05 moodle kernel: [    0.683344] pciehp 0000:00:17.3:pcie04: HPC vendor_id 15ad device_id 7a0 ss_vid 0 ss_did 0
Jan 16 00:35:05 moodle kernel: [    0.683456] pciehp 0000:00:17.3:pcie04: service driver pciehp loaded
Jan 16 00:35:05 moodle kernel: [    0.683568] pciehp 0000:00:17.4:pcie04: HPC vendor_id 15ad device_id 7a0 ss_vid 0 ss_did 0
Jan 16 00:35:05 moodle kernel: [    0.683680] pciehp 0000:00:17.4:pcie04: service driver pciehp loaded
Jan 16 00:35:05 moodle kernel: [    0.683791] pciehp 0000:00:17.5:pcie04: HPC vendor_id 15ad device_id 7a0 ss_vid 0 ss_did 0
Jan 16 00:35:05 moodle kernel: [    0.683903] pciehp 0000:00:17.5:pcie04: service driver pciehp loaded
Jan 16 00:35:05 moodle kernel: [    0.684015] pciehp 0000:00:17.6:pcie04: HPC vendor_id 15ad device_id 7a0 ss_vid 0 ss_did 0
Jan 16 00:35:05 moodle kernel: [    0.684127] pciehp 0000:00:17.6:pcie04: service driver pciehp loaded
Jan 16 00:35:05 moodle kernel: [    0.684239] pciehp 0000:00:17.7:pcie04: HPC vendor_id 15ad device_id 7a0 ss_vid 0 ss_did 0
Jan 16 00:35:05 moodle kernel: [    0.684351] pciehp 0000:00:17.7:pcie04: service driver pciehp loaded
Jan 16 00:35:05 moodle kernel: [    0.684462] pciehp 0000:00:18.0:pcie04: HPC vendor_id 15ad device_id 7a0 ss_vid 0 ss_did 0
Jan 16 00:35:05 moodle kernel: [    0.684574] pciehp 0000:00:18.0:pcie04: service driver pciehp loaded
Jan 16 00:35:05 moodle kernel: [    0.684686] pciehp 0000:00:18.1:pcie04: HPC vendor_id 15ad device_id 7a0 ss_vid 0 ss_did 0
Jan 16 00:35:05 moodle kernel: [    0.684798] pciehp 0000:00:18.1:pcie04: service driver pciehp loaded
